
> l-kern-v4@4.0.0 test
> nx run-many --target=test --all --run


 NX   Running target test for 3 projects:

- ui-components
- @l-kern/config
- web-ui

With additional flags:
  --run=true



> nx run @l-kern/config:test --run


[1m[46m RUN [49m[22m [36mv3.2.4 [39m[90mL:/system/lkern_codebase_v4_act/packages/config[39m


[31m⎯⎯⎯⎯⎯⎯[39m[1m[41m Failed Suites 24 [49m[22m[31m⎯⎯⎯⎯⎯⎯[39m

[41m[1m FAIL [22m[49m src/theme/ThemeContext.test.tsx[2m [ src/theme/ThemeContext.test.tsx ][22m
[31m[1mError[22m: No test suite found in file L:/system/lkern_codebase_v4_act/packages/config/src/theme/ThemeContext.test.tsx[39m
[31m[2m⎯⎯⎯⎯⎯⎯⎯⎯⎯⎯⎯⎯⎯⎯⎯⎯⎯⎯⎯⎯⎯⎯⎯[1/24]⎯[22m[39m

[41m[1m FAIL [22m[49m src/contexts/ModalContext/ModalContext.test.tsx[2m [ src/contexts/ModalContext/ModalContext.test.tsx ][22m
[31m[1mError[22m: No test suite found in file L:/system/lkern_codebase_v4_act/packages/config/src/contexts/ModalContext/ModalContext.test.tsx[39m
[31m[2m⎯⎯⎯⎯⎯⎯⎯⎯⎯⎯⎯⎯⎯⎯⎯⎯⎯⎯⎯⎯⎯⎯⎯[2/24]⎯[22m[39m

[41m[1m FAIL [22m[49m src/contexts/ToastContext/ToastContext.test.tsx[2m [ src/contexts/ToastContext/ToastContext.test.tsx ][22m
[31m[1mError[22m: No test suite found in file L:/system/lkern_codebase_v4_act/packages/config/src/contexts/ToastContext/ToastContext.test.tsx[39m
[31m[2m⎯⎯⎯⎯⎯⎯⎯⎯⎯⎯⎯⎯⎯⎯⎯⎯⎯⎯⎯⎯⎯⎯⎯[3/24]⎯[22m[39m

[41m[1m FAIL [22m[49m src/hooks/useAuth/useAuth.test.tsx[2m [ src/hooks/useAuth/useAuth.test.tsx ][22m
[31m[1mError[22m: No test suite found in file L:/system/lkern_codebase_v4_act/packages/config/src/hooks/useAuth/useAuth.test.tsx[39m
[31m[2m⎯⎯⎯⎯⎯⎯⎯⎯⎯⎯⎯⎯⎯⎯⎯⎯⎯⎯⎯⎯⎯⎯⎯[4/24]⎯[22m[39m

[41m[1m FAIL [22m[49m src/hooks/useConfirm/useConfirm.test.ts[2m [ src/hooks/useConfirm/useConfirm.test.ts ][22m
[31m[1mError[22m: No test suite found in file L:/system/lkern_codebase_v4_act/packages/config/src/hooks/useConfirm/useConfirm.test.ts[39m
[31m[2m⎯⎯⎯⎯⎯⎯⎯⎯⎯⎯⎯⎯⎯⎯⎯⎯⎯⎯⎯⎯⎯⎯⎯[5/24]⎯[22m[39m

[41m[1m FAIL [22m[49m src/hooks/useEntityLookup/useEntityLookup.test.ts[2m [ src/hooks/useEntityLookup/useEntityLookup.test.ts ][22m
[31m[1mError[22m: No test suite found in file L:/system/lkern_codebase_v4_act/packages/config/src/hooks/useEntityLookup/useEntityLookup.test.ts[39m
[31m[2m⎯⎯⎯⎯⎯⎯⎯⎯⎯⎯⎯⎯⎯⎯⎯⎯⎯⎯⎯⎯⎯⎯⎯[6/24]⎯[22m[39m

[41m[1m FAIL [22m[49m src/hooks/useFieldPermission/useFieldPermission.test.tsx[2m [ src/hooks/useFieldPermission/useFieldPermission.test.tsx ][22m
[31m[1mError[22m: No test suite found in file L:/system/lkern_codebase_v4_act/packages/config/src/hooks/useFieldPermission/useFieldPermission.test.tsx[39m
[31m[2m⎯⎯⎯⎯⎯⎯⎯⎯⎯⎯⎯⎯⎯⎯⎯⎯⎯⎯⎯⎯⎯⎯⎯[7/24]⎯[22m[39m

[41m[1m FAIL [22m[49m src/hooks/useFormDirty/useFormDirty.test.ts[2m [ src/hooks/useFormDirty/useFormDirty.test.ts ][22m
[31m[1mError[22m: No test suite found in file L:/system/lkern_codebase_v4_act/packages/config/src/hooks/useFormDirty/useFormDirty.test.ts[39m
[31m[2m⎯⎯⎯⎯⎯⎯⎯⎯⎯⎯⎯⎯⎯⎯⎯⎯⎯⎯⎯⎯⎯⎯⎯[8/24]⎯[22m[39m

[41m[1m FAIL [22m[49m src/hooks/useModal/useModal.test.ts[2m [ src/hooks/useModal/useModal.test.ts ][22m
[31m[1mError[22m: No test suite found in file L:/system/lkern_codebase_v4_act/packages/config/src/hooks/useModal/useModal.test.ts[39m
[31m[2m⎯⎯⎯⎯⎯⎯⎯⎯⎯⎯⎯⎯⎯⎯⎯⎯⎯⎯⎯⎯⎯⎯⎯[9/24]⎯[22m[39m

[41m[1m FAIL [22m[49m src/hooks/useModalWizard/useModalWizard.test.ts[2m [ src/hooks/useModalWizard/useModalWizard.test.ts ][22m
[31m[1mError[22m: No test suite found in file L:/system/lkern_codebase_v4_act/packages/config/src/hooks/useModalWizard/useModalWizard.test.ts[39m
[31m[2m⎯⎯⎯⎯⎯⎯⎯⎯⎯⎯⎯⎯⎯⎯⎯⎯⎯⎯⎯⎯⎯⎯[10/24]⎯[22m[39m

[41m[1m FAIL [22m[49m src/hooks/usePageAnalytics/usePageAnalytics.test.ts[2m [ src/hooks/usePageAnalytics/usePageAnalytics.test.ts ][22m
[31m[1mError[22m: No test suite found in file L:/system/lkern_codebase_v4_act/packages/config/src/hooks/usePageAnalytics/usePageAnalytics.test.ts[39m
[31m[2m⎯⎯⎯⎯⎯⎯⎯⎯⎯⎯⎯⎯⎯⎯⎯⎯⎯⎯⎯⎯⎯⎯[11/24]⎯[22m[39m

[41m[1m FAIL [22m[49m src/hooks/useServiceFetch/useServiceFetch.test.ts[2m [ src/hooks/useServiceFetch/useServiceFetch.test.ts ][22m
[31m[1mError[22m: No test suite found in file L:/system/lkern_codebase_v4_act/packages/config/src/hooks/useServiceFetch/useServiceFetch.test.ts[39m
[31m[2m⎯⎯⎯⎯⎯⎯⎯⎯⎯⎯⎯⎯⎯⎯⎯⎯⎯⎯⎯⎯⎯⎯[12/24]⎯[22m[39m

[41m[1m FAIL [22m[49m src/hooks/useToast/useToast.test.ts[2m [ src/hooks/useToast/useToast.test.ts ][22m
[31m[1mError[22m: No test suite found in file L:/system/lkern_codebase_v4_act/packages/config/src/hooks/useToast/useToast.test.ts[39m
[31m[2m⎯⎯⎯⎯⎯⎯⎯⎯⎯⎯⎯⎯⎯⎯⎯⎯⎯⎯⎯⎯⎯⎯[13/24]⎯[22m[39m

[41m[1m FAIL [22m[49m src/hooks/useStorageOperation/useStorageOperation.test.ts[2m [ src/hooks/useStorageOperation/useStorageOperation.test.ts ][22m
[31m[1mError[22m: No test suite found in file L:/system/lkern_codebase_v4_act/packages/config/src/hooks/useStorageOperation/useStorageOperation.test.ts[39m
[31m[2m⎯⎯⎯⎯⎯⎯⎯⎯⎯⎯⎯⎯⎯⎯⎯⎯⎯⎯⎯⎯⎯⎯[14/24]⎯[22m[39m

[41m[1m FAIL [22m[49m src/utils/emailUtils/emailUtils.test.ts[2m [ src/utils/emailUtils/emailUtils.test.ts ][22m
[31m[1mError[22m: No test suite found in file L:/system/lkern_codebase_v4_act/packages/config/src/utils/emailUtils/emailUtils.test.ts[39m
[31m[2m⎯⎯⎯⎯⎯⎯⎯⎯⎯⎯⎯⎯⎯⎯⎯⎯⎯⎯⎯⎯⎯⎯[15/24]⎯[22m[39m

[41m[1m FAIL [22m[49m src/utils/dateUtils/dateUtils.test.ts[2m [ src/utils/dateUtils/dateUtils.test.ts ][22m
[31m[1mError[22m: No test suite found in file L:/system/lkern_codebase_v4_act/packages/config/src/utils/dateUtils/dateUtils.test.ts[39m
[31m[2m⎯⎯⎯⎯⎯⎯⎯⎯⎯⎯⎯⎯⎯⎯⎯⎯⎯⎯⎯⎯⎯⎯[16/24]⎯[22m[39m

[41m[1m FAIL [22m[49m src/utils/exportUtils/exportUtils.test.ts[2m [ src/utils/exportUtils/exportUtils.test.ts ][22m
[31m[1mError[22m: No test suite found in file L:/system/lkern_codebase_v4_act/packages/config/src/utils/exportUtils/exportUtils.test.ts[39m
[31m[2m⎯⎯⎯⎯⎯⎯⎯⎯⎯⎯⎯⎯⎯⎯⎯⎯⎯⎯⎯⎯⎯⎯[17/24]⎯[22m[39m

[41m[1m FAIL [22m[49m src/utils/modalStack/modalStack.test.ts[2m [ src/utils/modalStack/modalStack.test.ts ][22m
[31m[1mError[22m: No test suite found in file L:/system/lkern_codebase_v4_act/packages/config/src/utils/modalStack/modalStack.test.ts[39m
[31m[2m⎯⎯⎯⎯⎯⎯⎯⎯⎯⎯⎯⎯⎯⎯⎯⎯⎯⎯⎯⎯⎯⎯[18/24]⎯[22m[39m

[41m[1m FAIL [22m[49m src/utils/phoneUtils/phoneUtils.test.ts[2m [ src/utils/phoneUtils/phoneUtils.test.ts ][22m
[31m[1mError[22m: No test suite found in file L:/system/lkern_codebase_v4_act/packages/config/src/utils/phoneUtils/phoneUtils.test.ts[39m
[31m[2m⎯⎯⎯⎯⎯⎯⎯⎯⎯⎯⎯⎯⎯⎯⎯⎯⎯⎯⎯⎯⎯⎯[19/24]⎯[22m[39m

[41m[1m FAIL [22m[49m src/utils/serviceRetry/serviceRetry.test.ts[2m [ src/utils/serviceRetry/serviceRetry.test.ts ][22m
[31m[1mError[22m: Vitest failed to find the runner. This is a bug in Vitest. Please, open an issue with reproduction.[39m
[36m [2m❯[22m src/utils/serviceRetry/serviceRetry.test.ts:[2m25:1[22m[39m
    [90m 23| [39m
    [90m 24| [39m[90m// Suppress console.log during tests[39m
    [90m 25| [39m[34mbeforeEach[39m(() [33m=>[39m {
    [90m   | [39m[31m^[39m
    [90m 26| [39m  vi[33m.[39m[34mspyOn[39m(console[33m,[39m [32m'log'[39m)[33m.[39m[34mmockImplementation[39m(() [33m=>[39m { [90m/* noop */[39m })[33m;[39m
    [90m 27| [39m})[33m;[39m

[31m[2m⎯⎯⎯⎯⎯⎯⎯⎯⎯⎯⎯⎯⎯⎯⎯⎯⎯⎯⎯⎯⎯⎯[20/24]⎯[22m[39m

[41m[1m FAIL [22m[49m src/utils/storageOperations/healthCheck.test.ts[2m [ src/utils/storageOperations/healthCheck.test.ts ][22m
[31m[1mError[22m: No test suite found in file L:/system/lkern_codebase_v4_act/packages/config/src/utils/storageOperations/healthCheck.test.ts[39m
[31m[2m⎯⎯⎯⎯⎯⎯⎯⎯⎯⎯⎯⎯⎯⎯⎯⎯⎯⎯⎯⎯⎯⎯[21/24]⎯[22m[39m

[41m[1m FAIL [22m[49m src/utils/storageOperations/operations.test.ts[2m [ src/utils/storageOperations/operations.test.ts ][22m
[31m[1mError[22m: No test suite found in file L:/system/lkern_codebase_v4_act/packages/config/src/utils/storageOperations/operations.test.ts[39m
[31m[2m⎯⎯⎯⎯⎯⎯⎯⎯⎯⎯⎯⎯⎯⎯⎯⎯⎯⎯⎯⎯⎯⎯[22/24]⎯[22m[39m

[41m[1m FAIL [22m[49m src/utils/toastManager/toastManager.test.ts[2m [ src/utils/toastManager/toastManager.test.ts ][22m
[31m[1mError[22m: No test suite found in file L:/system/lkern_codebase_v4_act/packages/config/src/utils/toastManager/toastManager.test.ts[39m
[31m[2m⎯⎯⎯⎯⎯⎯⎯⎯⎯⎯⎯⎯⎯⎯⎯⎯⎯⎯⎯⎯⎯⎯[23/24]⎯[22m[39m

[41m[1m FAIL [22m[49m src/utils/validation/validation.test.ts[2m [ src/utils/validation/validation.test.ts ][22m
[31m[1mError[22m: No test suite found in file L:/system/lkern_codebase_v4_act/packages/config/src/utils/validation/validation.test.ts[39m
[31m[2m⎯⎯⎯⎯⎯⎯⎯⎯⎯⎯⎯⎯⎯⎯⎯⎯⎯⎯⎯⎯⎯⎯[24/24]⎯[22m[39m


[2m Test Files [22m [1m[31m24 failed[39m[22m[90m (24)[39m
[2m      Tests [22m [2mno tests[22m
[2m   Start at [22m 15:30:16
[2m   Duration [22m 46.53s[2m (transform 53.21s, setup 31.86s, collect 80.88s, tests 0ms, environment 111.11s, prepare 17.09s)[22m


> nx run web-ui:test --run

> vitest --run


[1m[46m RUN [49m[22m [36mv3.2.4 [39m[90ml:/system/lkern_codebase_v4_act/apps/web-ui[39m

 [31m❯[39m src/app/app.spec.tsx [2m([22m[2m2 tests[22m[2m | [22m[31m2 failed[39m[2m)[22m[32m 100[2mms[22m[39m
[31m   [31m×[31m App[2m > [22mshould render successfully[39m[32m 84[2mms[22m[39m
[31m     → EventSource is not defined[39m
[31m   [31m×[31m App[2m > [22mshould have a greeting as the title[39m[32m 11[2mms[22m[39m
[31m     → EventSource is not defined[39m

[31m⎯⎯⎯⎯⎯⎯⎯[39m[1m[41m Failed Tests 2 [49m[22m[31m⎯⎯⎯⎯⎯⎯⎯[39m

[41m[1m FAIL [22m[49m src/app/app.spec.tsx[2m > [22mApp[2m > [22mshould render successfully
[41m[1m FAIL [22m[49m src/app/app.spec.tsx[2m > [22mApp[2m > [22mshould have a greeting as the title
[31m[1mReferenceError[22m: EventSource is not defined[39m
[90m [2m❯[22m useSSEInvalidation ../../node_modules/@l-kern/config/src/hooks/useSSEInvalidation/useSSEInvalidation.ts:[2m187:57[22m[39m
[90m [2m❯[22m App src/app/app.tsx:[2m42:3[22m[39m
[90m [2m❯[22m Object.react-stack-bottom-frame ../../node_modules/react-dom/cjs/react-dom-client.development.js:[2m22428:20[22m[39m
[90m [2m❯[22m renderWithHooks ../../node_modules/react-dom/cjs/react-dom-client.development.js:[2m5757:22[22m[39m
[90m [2m❯[22m updateFunctionComponent ../../node_modules/react-dom/cjs/react-dom-client.development.js:[2m8018:19[22m[39m
[90m [2m❯[22m beginWork ../../node_modules/react-dom/cjs/react-dom-client.development.js:[2m9683:18[22m[39m
[90m [2m❯[22m runWithFiberInDEV ../../node_modules/react-dom/cjs/react-dom-client.development.js:[2m543:16[22m[39m
[90m [2m❯[22m performUnitOfWork ../../node_modules/react-dom/cjs/react-dom-client.development.js:[2m15052:22[22m[39m
[90m [2m❯[22m workLoopSync ../../node_modules/react-dom/cjs/react-dom-client.development.js:[2m14870:41[22m[39m
[90m [2m❯[22m renderRootSync ../../node_modules/react-dom/cjs/react-dom-client.development.js:[2m14850:11[22m[39m

[31m[2m⎯⎯⎯⎯⎯⎯⎯⎯⎯⎯⎯⎯⎯⎯⎯⎯⎯⎯⎯⎯⎯⎯⎯⎯[1/2]⎯[22m[39m


[2m Test Files [22m [1m[31m1 failed[39m[22m[90m (1)[39m
[2m      Tests [22m [1m[31m2 failed[39m[22m[90m (2)[39m
[2m   Start at [22m 15:30:12
[2m   Duration [22m 115.45s[2m (transform 90.52s, setup 0ms, collect 109.73s, tests 100ms, environment 3.08s, prepare 489ms)[22m


> nx run ui-components:test --run


[1m[46m RUN [49m[22m [36mv3.2.4 [39m[90ml:/system/lkern_codebase_v4_act/packages/ui-components[39m

 [31m❯[39m src/components/ToastContainer/ToastContainer.test.tsx [2m([22m[2m13 tests[22m[2m | [22m[31m7 failed[39m[2m)[22m[33m 364[2mms[22m[39m
   [32m✓[39m ToastContainer[2m > [22mrendering[2m > [22mshould render nothing when no toasts[32m 74[2mms[22m[39m
[31m   [31m×[31m ToastContainer[2m > [22mrendering[2m > [22mshould render container with toasts[39m[32m 102[2mms[22m[39m
[31m     → Unable to find an element by: [data-testid="toast-toast-1"]

Ignored nodes: comments, script, style
[36m<body>[31m
  [36m<div>[31m
    [36m<div[31m
      [33mclass[31m=[32m"_toastContainer_5ffe07 _toastContainer--bottom-center_5ffe07"[31m
      [33mdata-testid[31m=[32m"toast-container"[31m
    [36m>[31m
      [36m<div[31m
        [33maria-live[31m=[32m"polite"[31m
        [33mclass[31m=[32m"_toast_78370f _toast--success_78370f"[31m
        [33mdata-toast-id[31m=[32m"toast-1"[31m
        [33mrole[31m=[32m"alert"[31m
      [36m>[31m
        [36m<div[31m
          [33mclass[31m=[32m"_toast__icon_78370f"[31m
        [36m>[31m
          [0m✓[0m
        [36m</div>[31m
        [36m<div[31m
          [33mclass[31m=[32m"_toast__content_78370f"[31m
        [36m>[31m
          [36m<div[31m
            [33mclass[31m=[32m"_toast__message_78370f"[31m
          [36m>[31m
            [0mTest notification[0m
          [36m</div>[31m
        [36m</div>[31m
        [36m<button[31m
          [33maria-label[31m=[32m"Zavrieť notifikáciu"[31m
          [33mclass[31m=[32m"_toast__closeButton_78370f"[31m
          [33mtype[31m=[32m"button"[31m
        [36m>[31m
          [0m×[0m
        [36m</button>[31m
      [36m</div>[31m
    [36m</div>[31m
  [36m</div>[31m
[36m</body>[31m[39m
[31m   [31m×[31m ToastContainer[2m > [22mrendering[2m > [22mshould render multiple toasts[39m[32m 48[2mms[22m[39m
[31m     → Unable to find an element by: [data-testid="toast-toast-1"]

Ignored nodes: comments, script, style
[36m<body>[31m
  [36m<div>[31m
    [36m<div[31m
      [33mclass[31m=[32m"_toastContainer_5ffe07 _toastContainer--bottom-center_5ffe07"[31m
      [33mdata-testid[31m=[32m"toast-container"[31m
    [36m>[31m
      [36m<div[31m
        [33maria-live[31m=[32m"polite"[31m
        [33mclass[31m=[32m"_toast_78370f _toast--success_78370f"[31m
        [33mdata-toast-id[31m=[32m"toast-1"[31m
        [33mrole[31m=[32m"alert"[31m
      [36m>[31m
        [36m<div[31m
          [33mclass[31m=[32m"_toast__icon_78370f"[31m
        [36m>[31m
          [0m✓[0m
        [36m</div>[31m
        [36m<div[31m
          [33mclass[31m=[32m"_toast__content_78370f"[31m
        [36m>[31m
          [36m<div[31m
            [33mclass[31m=[32m"_toast__message_78370f"[31m
          [36m>[31m
            [0mFirst notification[0m
          [36m</div>[31m
        [36m</div>[31m
        [36m<button[31m
          [33maria-label[31m=[32m"Zavrieť notifikáciu"[31m
          [33mclass[31m=[32m"_toast__closeButton_78370f"[31m
          [33mtype[31m=[32m"button"[31m
        [36m>[31m
          [0m×[0m
        [36m</button>[31m
      [36m</div>[31m
      [36m<div[31m
        [33maria-live[31m=[32m"polite"[31m
        [33mclass[31m=[32m"_toast_78370f _toast--error_78370f"[31m
        [33mdata-toast-id[31m=[32m"toast-2"[31m
        [33mrole[31m=[32m"alert"[31m
      [36m>[31m
        [36m<div[31m
          [33mclass[31m=[32m"_toast__icon_78370f"[31m
        [36m>[31m
          [0m✕[0m
        [36m</div>[31m
        [36m<div[31m
          [33mclass[31m=[32m"_toast__content_78370f"[31m
        [36m>[31m
          [36m<div[31m
            [33mclass[31m=[32m"_toast__message_78370f"[31m
          [36m>[31m
            [0mSecond notification[0m
          [36m</div>[31m
        [36m</div>[31m
        [36m<button[31m
          [33maria-label[31m=[32m"Zavrieť notifikáciu"[31m
          [33mclass[31m=[32m"_toast__closeButton_78370f"[31m
          [33mtype[31m=[32m"button"[31m
        [36m>[31m
          [0m×[0m
        [36m</button>[31m
      [36m</div>[31m
      [36m<div[31m
        [33maria-live[31m=[32m"polite"[31m
        [33mclass[31m=[32m"_toast_78370f _toast--warning_78370f"[31m
        [33mdata-toast-id[31m=[32m"toast-3"[31m
        [33mrole[31m=[32m"alert"[31m
      [36m>[31m
        [36m<div[31m
          [33mclass[31m=[32m"_toast__icon_78370f"[31m
        [36m>[31m
          [0m⚠[0m
        [36m</div>[31m
        [36m<div[31m
          [33mclass[31m=[32m"_toast__content_78370f"[31m
        [36m>[31m
          [36m<div[31m
            [33mclass[31m=[32m"_toast__message_78370f"[31m
          [36m>[31m
            [0mThird notification[0m
          [36m</div>[31m
        [36m</div>[31m
        [36m<button[31m
          [33maria-label[31m=[32m"Zavrieť notifikáciu"[31m
          [33mclass[31m=[32m"_toast__closeButton_78370f"[31m
          [33mtype[31m=[32m"button"[31m
        [36m>[31m
          [0m×[0m
        [36m</button>[31m
      [36m</div>[31m
    [36m</div>[31m
  [36m</div>[31m
[36m</body>[31m[39m
[31m   [31m×[31m ToastContainer[2m > [22mpositioning[2m > [22mshould filter toasts by position (bottom-center default)[39m[32m 7[2mms[22m[39m
[31m     → Unable to find an element by: [data-testid="toast-toast-1"]

Ignored nodes: comments, script, style
[36m<body>[31m
  [36m<div>[31m
    [36m<div[31m
      [33mclass[31m=[32m"_toastContainer_5ffe07 _toastContainer--bottom-center_5ffe07"[31m
      [33mdata-testid[31m=[32m"toast-container"[31m
    [36m>[31m
      [36m<div[31m
        [33maria-live[31m=[32m"polite"[31m
        [33mclass[31m=[32m"_toast_78370f _toast--success_78370f"[31m
        [33mdata-toast-id[31m=[32m"toast-1"[31m
        [33mrole[31m=[32m"alert"[31m
      [36m>[31m
        [36m<div[31m
          [33mclass[31m=[32m"_toast__icon_78370f"[31m
        [36m>[31m
          [0m✓[0m
        [36m</div>[31m
        [36m<div[31m
          [33mclass[31m=[32m"_toast__content_78370f"[31m
        [36m>[31m
          [36m<div[31m
            [33mclass[31m=[32m"_toast__message_78370f"[31m
          [36m>[31m
            [0mBottom center toast[0m
          [36m</div>[31m
        [36m</div>[31m
        [36m<button[31m
          [33maria-label[31m=[32m"Zavrieť notifikáciu"[31m
          [33mclass[31m=[32m"_toast__closeButton_78370f"[31m
          [33mtype[31m=[32m"button"[31m
        [36m>[31m
          [0m×[0m
        [36m</button>[31m
      [36m</div>[31m
    [36m</div>[31m
  [36m</div>[31m
[36m</body>[31m[39m
[31m   [31m×[31m ToastContainer[2m > [22mpositioning[2m > [22mshould filter toasts for top-right position[39m[32m 11[2mms[22m[39m
[31m     → Unable to find an element by: [data-testid="toast-toast-2"]

Ignored nodes: comments, script, style
[36m<body>[31m
  [36m<div>[31m
    [36m<div[31m
      [33mclass[31m=[32m"_toastContainer_5ffe07 _toastContainer--top-right_5ffe07"[31m
      [33mdata-testid[31m=[32m"toast-container"[31m
    [36m>[31m
      [36m<div[31m
        [33maria-live[31m=[32m"polite"[31m
        [33mclass[31m=[32m"_toast_78370f _toast--success_78370f"[31m
        [33mdata-toast-id[31m=[32m"toast-2"[31m
        [33mrole[31m=[32m"alert"[31m
      [36m>[31m
        [36m<div[31m
          [33mclass[31m=[32m"_toast__icon_78370f"[31m
        [36m>[31m
          [0m✓[0m
        [36m</div>[31m
        [36m<div[31m
          [33mclass[31m=[32m"_toast__content_78370f"[31m
        [36m>[31m
          [36m<div[31m
            [33mclass[31m=[32m"_toast__message_78370f"[31m
          [36m>[31m
            [0mTop right toast[0m
          [36m</div>[31m
        [36m</div>[31m
        [36m<button[31m
          [33maria-label[31m=[32m"Zavrieť notifikáciu"[31m
          [33mclass[31m=[32m"_toast__closeButton_78370f"[31m
          [33mtype[31m=[32m"button"[31m
        [36m>[31m
          [0m×[0m
        [36m</button>[31m
      [36m</div>[31m
    [36m</div>[31m
  [36m</div>[31m
[36m</body>[31m[39m
[31m   [31m×[31m ToastContainer[2m > [22mpositioning[2m > [22mshould default toast position to bottom-center when not specified[39m[32m 8[2mms[22m[39m
[31m     → Unable to find an element by: [data-testid="toast-toast-1"]

Ignored nodes: comments, script, style
[36m<body>[31m
  [36m<div>[31m
    [36m<div[31m
      [33mclass[31m=[32m"_toastContainer_5ffe07 _toastContainer--bottom-center_5ffe07"[31m
      [33mdata-testid[31m=[32m"toast-container"[31m
    [36m>[31m
      [36m<div[31m
        [33maria-live[31m=[32m"polite"[31m
        [33mclass[31m=[32m"_toast_78370f _toast--success_78370f"[31m
        [33mdata-toast-id[31m=[32m"toast-1"[31m
        [33mrole[31m=[32m"alert"[31m
      [36m>[31m
        [36m<div[31m
          [33mclass[31m=[32m"_toast__icon_78370f"[31m
        [36m>[31m
          [0m✓[0m
        [36m</div>[31m
        [36m<div[31m
          [33mclass[31m=[32m"_toast__content_78370f"[31m
        [36m>[31m
          [36m<div[31m
            [33mclass[31m=[32m"_toast__message_78370f"[31m
          [36m>[31m
            [0mToast without position[0m
          [36m</div>[31m
        [36m</div>[31m
        [36m<button[31m
          [33maria-label[31m=[32m"Zavrieť notifikáciu"[31m
          [33mclass[31m=[32m"_toast__closeButton_78370f"[31m
          [33mtype[31m=[32m"button"[31m
        [36m>[31m
          [0m×[0m
        [36m</button>[31m
      [36m</div>[31m
    [36m</div>[31m
  [36m</div>[31m
[36m</body>[31m[39m
[31m   [31m×[31m ToastContainer[2m > [22mpositioning[2m > [22mshould support all position variants[39m[32m 23[2mms[22m[39m
[31m     → Unable to find an element by: [data-testid="toast-toast-top-left"]

Ignored nodes: comments, script, style
[36m<body>[31m
  [36m<div>[31m
    [36m<div[31m
      [33mclass[31m=[32m"_toastContainer_5ffe07 _toastContainer--top-left_5ffe07"[31m
      [33mdata-testid[31m=[32m"toast-container"[31m
    [36m>[31m
      [36m<div[31m
        [33maria-live[31m=[32m"polite"[31m
        [33mclass[31m=[32m"_toast_78370f _toast--success_78370f"[31m
        [33mdata-toast-id[31m=[32m"toast-top-left"[31m
        [33mrole[31m=[32m"alert"[31m
      [36m>[31m
        [36m<div[31m
          [33mclass[31m=[32m"_toast__icon_78370f"[31m
        [36m>[31m
          [0m✓[0m
        [36m</div>[31m
        [36m<div[31m
          [33mclass[31m=[32m"_toast__content_78370f"[31m
        [36m>[31m
          [36m<div[31m
            [33mclass[31m=[32m"_toast__message_78370f"[31m
          [36m>[31m
            [0mToast at top-left[0m
          [36m</div>[31m
        [36m</div>[31m
        [36m<button[31m
          [33maria-label[31m=[32m"Zavrieť notifikáciu"[31m
          [33mclass[31m=[32m"_toast__closeButton_78370f"[31m
          [33mtype[31m=[32m"button"[31m
        [36m>[31m
          [0m×[0m
        [36m</button>[31m
      [36m</div>[31m
    [36m</div>[31m
  [36m</div>[31m
[36m</body>[31m[39m
[31m   [31m×[31m ToastContainer[2m > [22mtoast interactions[2m > [22mshould pass hideToast to Toast component[39m[32m 21[2mms[22m[39m
[31m     → Unable to find an element with the text: Close. This could be because the text is broken up by multiple elements. In this case, you can provide a function for your text matcher to make your matcher more flexible.

Ignored nodes: comments, script, style
[36m<body>[31m
  [36m<div>[31m
    [36m<div[31m
      [33mclass[31m=[32m"_toastContainer_5ffe07 _toastContainer--bottom-center_5ffe07"[31m
      [33mdata-testid[31m=[32m"toast-container"[31m
    [36m>[31m
      [36m<div[31m
        [33maria-live[31m=[32m"polite"[31m
        [33mclass[31m=[32m"_toast_78370f _toast--success_78370f"[31m
        [33mdata-toast-id[31m=[32m"toast-1"[31m
        [33mrole[31m=[32m"alert"[31m
      [36m>[31m
        [36m<div[31m
          [33mclass[31m=[32m"_toast__icon_78370f"[31m
        [36m>[31m
          [0m✓[0m
        [36m</div>[31m
        [36m<div[31m
          [33mclass[31m=[32m"_toast__content_78370f"[31m
        [36m>[31m
          [36m<div[31m
            [33mclass[31m=[32m"_toast__message_78370f"[31m
          [36m>[31m
            [0mTest notification[0m
          [36m</div>[31m
        [36m</div>[31m
        [36m<button[31m
          [33maria-label[31m=[32m"Zavrieť notifikáciu"[31m
          [33mclass[31m=[32m"_toast__closeButton_78370f"[31m
          [33mtype[31m=[32m"button"[31m
        [36m>[31m
          [0m×[0m
        [36m</button>[31m
      [36m</div>[31m
    [36m</div>[31m
  [36m</div>[31m
[36m</body>[31m[39m
   [32m✓[39m ToastContainer[2m > [22mcontainer classes[2m > [22mshould apply bottom-center class by default[32m 22[2mms[22m[39m
   [32m✓[39m ToastContainer[2m > [22mcontainer classes[2m > [22mshould apply correct class for top-right position[32m 15[2mms[22m[39m
   [32m✓[39m ToastContainer[2m > [22mcontainer classes[2m > [22mshould apply correct class for bottom-left position[32m 6[2mms[22m[39m
   [32m✓[39m ToastContainer[2m > [22mempty state[2m > [22mshould not render container when all toasts for different position[32m 5[2mms[22m[39m
   [32m✓[39m ToastContainer[2m > [22mempty state[2m > [22mshould hide container when last toast is removed[32m 15[2mms[22m[39m
[90mstdout[2m | src/components/ExportProgressModal/ExportProgressModal.test.tsx[2m > [22m[2mExportProgressModal[2m > [22m[2mRendering[2m > [22m[2mrenders modal when open
[22m[39m[Analytics][Modal][export-progress] Session started: { sessionId: [32m'export-progress-1765549868111'[39m }
[ModalStack] PUSH: export-progress parent: [90mundefined[39m zIndex: [33m1000[39m hasConfirm: [33mfalse[39m stack: [ [32m'export-progress'[39m ]

[90mstdout[2m | src/components/ExportProgressModal/ExportProgressModal.test.tsx[2m > [22m[2mExportProgressModal[2m > [22m[2mRendering[2m > [22m[2mrenders modal when open
[22m[39m[ModalStack] POP called: export-progress closeChildren: [33mfalse[39m stack before: [ [32m'export-progress'[39m ]
[ModalStack] POP removed: export-progress stack after: []

[90mstdout[2m | src/components/ExportProgressModal/ExportProgressModal.test.tsx[2m > [22m[2mExportProgressModal[2m > [22m[2mRendering[2m > [22m[2mrenders progress bar during downloading phase
[22m[39m[Analytics][Modal][export-progress] Session started: { sessionId: [32m'export-progress-1765549868290'[39m }
[ModalStack] PUSH: export-progress parent: [90mundefined[39m zIndex: [33m1000[39m hasConfirm: [33mfalse[39m stack: [ [32m'export-progress'[39m ]

[90mstdout[2m | src/components/ExportProgressModal/ExportProgressModal.test.tsx[2m > [22m[2mExportProgressModal[2m > [22m[2mRendering[2m > [22m[2mrenders progress bar during downloading phase
[22m[39m[ModalStack] POP called: export-progress closeChildren: [33mfalse[39m stack before: [ [32m'export-progress'[39m ]
[ModalStack] POP removed: export-progress stack after: []

[90mstdout[2m | src/components/ExportProgressModal/ExportProgressModal.test.tsx[2m > [22m[2mExportProgressModal[2m > [22m[2mRendering[2m > [22m[2mhides progress bar during healthCheck phase
[22m[39m[Analytics][Modal][export-progress] Session started: { sessionId: [32m'export-progress-1765549868317'[39m }
[ModalStack] PUSH: export-progress parent: [90mundefined[39m zIndex: [33m1000[39m hasConfirm: [33mfalse[39m stack: [ [32m'export-progress'[39m ]

[90mstdout[2m | src/components/ExportProgressModal/ExportProgressModal.test.tsx[2m > [22m[2mExportProgressModal[2m > [22m[2mRendering[2m > [22m[2mhides progress bar during healthCheck phase
[22m[39m[ModalStack] POP called: export-progress closeChildren: [33mfalse[39m stack before: [ [32m'export-progress'[39m ]
[ModalStack] POP removed: export-progress stack after: []

[90mstdout[2m | src/components/ExportProgressModal/ExportProgressModal.test.tsx[2m > [22m[2mExportProgressModal[2m > [22m[2mRendering[2m > [22m[2mrenders file list when files provided
[22m[39m[Analytics][Modal][export-progress] Session started: { sessionId: [32m'export-progress-1765549868359'[39m }
[ModalStack] PUSH: export-progress parent: [90mundefined[39m zIndex: [33m1000[39m hasConfirm: [33mfalse[39m stack: [ [32m'export-progress'[39m ]

[90mstdout[2m | src/components/ExportProgressModal/ExportProgressModal.test.tsx[2m > [22m[2mExportProgressModal[2m > [22m[2mRendering[2m > [22m[2mrenders file list when files provided
[22m[39m[ModalStack] POP called: export-progress closeChildren: [33mfalse[39m stack before: [ [32m'export-progress'[39m ]
[ModalStack] POP removed: export-progress stack after: []

[90mstdout[2m | src/components/ExportProgressModal/ExportProgressModal.test.tsx[2m > [22m[2mExportProgressModal[2m > [22m[2mRendering[2m > [22m[2mrenders empty state when no files
[22m[39m[Analytics][Modal][export-progress] Session started: { sessionId: [32m'export-progress-1765549868503'[39m }
[ModalStack] PUSH: export-progress parent: [90mundefined[39m zIndex: [33m1000[39m hasConfirm: [33mfalse[39m stack: [ [32m'export-progress'[39m ]

[90mstdout[2m | src/components/ExportProgressModal/ExportProgressModal.test.tsx[2m > [22m[2mExportProgressModal[2m > [22m[2mRendering[2m > [22m[2mrenders empty state when no files
[22m[39m[ModalStack] POP called: export-progress closeChildren: [33mfalse[39m stack before: [ [32m'export-progress'[39m ]
[ModalStack] POP removed: export-progress stack after: []

[90mstdout[2m | src/components/ExportProgressModal/ExportProgressModal.test.tsx[2m > [22m[2mExportProgressModal[2m > [22m[2mRendering[2m > [22m[2mrenders cancel button when onCancel provided
[22m[39m[Analytics][Modal][export-progress] Session started: { sessionId: [32m'export-progress-1765549868539'[39m }
[ModalStack] PUSH: export-progress parent: [90mundefined[39m zIndex: [33m1000[39m hasConfirm: [33mfalse[39m stack: [ [32m'export-progress'[39m ]

[90mstdout[2m | src/components/ExportProgressModal/ExportProgressModal.test.tsx[2m > [22m[2mExportProgressModal[2m > [22m[2mRendering[2m > [22m[2mrenders cancel button when onCancel provided
[22m[39m[ModalStack] POP called: export-progress closeChildren: [33mfalse[39m stack before: [ [32m'export-progress'[39m ]
[ModalStack] POP removed: export-progress stack after: []

[90mstdout[2m | src/components/ExportProgressModal/ExportProgressModal.test.tsx[2m > [22m[2mExportProgressModal[2m > [22m[2mRendering[2m > [22m[2mhides cancel button when phase is complete
[22m[39m[Analytics][Modal][export-progress] Session started: { sessionId: [32m'export-progress-1765549868606'[39m }
[ModalStack] PUSH: export-progress parent: [90mundefined[39m zIndex: [33m1000[39m hasConfirm: [33mfalse[39m stack: [ [32m'export-progress'[39m ]

[90mstdout[2m | src/components/ExportProgressModal/ExportProgressModal.test.tsx[2m > [22m[2mExportProgressModal[2m > [22m[2mRendering[2m > [22m[2mhides cancel button when phase is complete
[22m[39m[ModalStack] POP called: export-progress closeChildren: [33mfalse[39m stack before: [ [32m'export-progress'[39m ]
[ModalStack] POP removed: export-progress stack after: []

[90mstdout[2m | src/components/ExportProgressModal/ExportProgressModal.test.tsx[2m > [22m[2mExportProgressModal[2m > [22m[2mProps & Variants[2m > [22m[2muses custom title when provided
[22m[39m[Analytics][Modal][export-progress] Session started: { sessionId: [32m'export-progress-1765549868674'[39m }
[ModalStack] PUSH: export-progress parent: [90mundefined[39m zIndex: [33m1000[39m hasConfirm: [33mfalse[39m stack: [ [32m'export-progress'[39m ]

[90mstdout[2m | src/components/ExportProgressModal/ExportProgressModal.test.tsx[2m > [22m[2mExportProgressModal[2m > [22m[2mProps & Variants[2m > [22m[2muses custom title when provided
[22m[39m[ModalStack] POP called: export-progress closeChildren: [33mfalse[39m stack before: [ [32m'export-progress'[39m ]
[ModalStack] POP removed: export-progress stack after: []

[90mstdout[2m | src/components/ExportProgressModal/ExportProgressModal.test.tsx[2m > [22m[2mExportProgressModal[2m > [22m[2mProps & Variants[2m > [22m[2muses custom healthCheckText when provided
[22m[39m[Analytics][Modal][export-progress] Session started: { sessionId: [32m'export-progress-1765549868705'[39m }
[ModalStack] PUSH: export-progress parent: [90mundefined[39m zIndex: [33m1000[39m hasConfirm: [33mfalse[39m stack: [ [32m'export-progress'[39m ]

[90mstdout[2m | src/components/ExportProgressModal/ExportProgressModal.test.tsx[2m > [22m[2mExportProgressModal[2m > [22m[2mProps & Variants[2m > [22m[2muses custom healthCheckText when provided
[22m[39m[ModalStack] POP called: export-progress closeChildren: [33mfalse[39m stack before: [ [32m'export-progress'[39m ]
[ModalStack] POP removed: export-progress stack after: []

[90mstdout[2m | src/components/ExportProgressModal/ExportProgressModal.test.tsx[2m > [22m[2mExportProgressModal[2m > [22m[2mProps & Variants[2m > [22m[2muses custom downloadingText when provided
[22m[39m[Analytics][Modal][export-progress] Session started: { sessionId: [32m'export-progress-1765549868729'[39m }
[ModalStack] PUSH: export-progress parent: [90mundefined[39m zIndex: [33m1000[39m hasConfirm: [33mfalse[39m stack: [ [32m'export-progress'[39m ]

[90mstdout[2m | src/components/ExportProgressModal/ExportProgressModal.test.tsx[2m > [22m[2mExportProgressModal[2m > [22m[2mProps & Variants[2m > [22m[2muses custom downloadingText when provided
[22m[39m[ModalStack] POP called: export-progress closeChildren: [33mfalse[39m stack before: [ [32m'export-progress'[39m ]
[ModalStack] POP removed: export-progress stack after: []

[90mstdout[2m | src/components/ExportProgressModal/ExportProgressModal.test.tsx[2m > [22m[2mExportProgressModal[2m > [22m[2mProps & Variants[2m > [22m[2muses custom processingText when provided
[22m[39m[Analytics][Modal][export-progress] Session started: { sessionId: [32m'export-progress-1765549868754'[39m }
[ModalStack] PUSH: export-progress parent: [90mundefined[39m zIndex: [33m1000[39m hasConfirm: [33mfalse[39m stack: [ [32m'export-progress'[39m ]

[90mstdout[2m | src/components/ExportProgressModal/ExportProgressModal.test.tsx[2m > [22m[2mExportProgressModal[2m > [22m[2mProps & Variants[2m > [22m[2muses custom processingText when provided
[22m[39m[ModalStack] POP called: export-progress closeChildren: [33mfalse[39m stack before: [ [32m'export-progress'[39m ]
[ModalStack] POP removed: export-progress stack after: []

[90mstdout[2m | src/components/ExportProgressModal/ExportProgressModal.test.tsx[2m > [22m[2mExportProgressModal[2m > [22m[2mProps & Variants[2m > [22m[2muses custom completeText when provided
[22m[39m[Analytics][Modal][export-progress] Session started: { sessionId: [32m'export-progress-1765549868785'[39m }
[ModalStack] PUSH: export-progress parent: [90mundefined[39m zIndex: [33m1000[39m hasConfirm: [33mfalse[39m stack: [ [32m'export-progress'[39m ]

[90mstdout[2m | src/components/ExportProgressModal/ExportProgressModal.test.tsx[2m > [22m[2mExportProgressModal[2m > [22m[2mProps & Variants[2m > [22m[2muses custom completeText when provided
[22m[39m[ModalStack] POP called: export-progress closeChildren: [33mfalse[39m stack before: [ [32m'export-progress'[39m ]
[ModalStack] POP removed: export-progress stack after: []

[90mstdout[2m | src/components/ExportProgressModal/ExportProgressModal.test.tsx[2m > [22m[2mExportProgressModal[2m > [22m[2mProps & Variants[2m > [22m[2muses custom noAttachmentsText when provided
[22m[39m[Analytics][Modal][export-progress] Session started: { sessionId: [32m'export-progress-1765549868830'[39m }
[ModalStack] PUSH: export-progress parent: [90mundefined[39m zIndex: [33m1000[39m hasConfirm: [33mfalse[39m stack: [ [32m'export-progress'[39m ]

[90mstdout[2m | src/components/ExportProgressModal/ExportProgressModal.test.tsx[2m > [22m[2mExportProgressModal[2m > [22m[2mProps & Variants[2m > [22m[2muses custom noAttachmentsText when provided
[22m[39m[ModalStack] POP called: export-progress closeChildren: [33mfalse[39m stack before: [ [32m'export-progress'[39m ]
[ModalStack] POP removed: export-progress stack after: []

[90mstdout[2m | src/components/ExportProgressModal/ExportProgressModal.test.tsx[2m > [22m[2mExportProgressModal[2m > [22m[2mProps & Variants[2m > [22m[2muses custom attachmentsLabel when provided
[22m[39m[Analytics][Modal][export-progress] Session started: { sessionId: [32m'export-progress-1765549868904'[39m }
[ModalStack] PUSH: export-progress parent: [90mundefined[39m zIndex: [33m1000[39m hasConfirm: [33mfalse[39m stack: [ [32m'export-progress'[39m ]

[90mstdout[2m | src/components/ExportProgressModal/ExportProgressModal.test.tsx[2m > [22m[2mExportProgressModal[2m > [22m[2mProps & Variants[2m > [22m[2muses custom attachmentsLabel when provided
[22m[39m[ModalStack] POP called: export-progress closeChildren: [33mfalse[39m stack before: [ [32m'export-progress'[39m ]
[ModalStack] POP removed: export-progress stack after: []

[90mstdout[2m | src/components/ExportProgressModal/ExportProgressModal.test.tsx[2m > [22m[2mExportProgressModal[2m > [22m[2mProps & Variants[2m > [22m[2muses custom cancelText when provided
[22m[39m[Analytics][Modal][export-progress] Session started: { sessionId: [32m'export-progress-1765549868936'[39m }
[ModalStack] PUSH: export-progress parent: [90mundefined[39m zIndex: [33m1000[39m hasConfirm: [33mfalse[39m stack: [ [32m'export-progress'[39m ]

[90mstdout[2m | src/components/ExportProgressModal/ExportProgressModal.test.tsx[2m > [22m[2mExportProgressModal[2m > [22m[2mProps & Variants[2m > [22m[2muses custom cancelText when provided
[22m[39m[ModalStack] POP called: export-progress closeChildren: [33mfalse[39m stack before: [ [32m'export-progress'[39m ]
[ModalStack] POP removed: export-progress stack after: []

[90mstdout[2m | src/components/SectionEditModal/SectionEditModal.test.tsx[2m > [22m[2mSectionEditModal[2m > [22m[2mRendering[2m > [22m[2mrenders with default props
[22m[39m[Analytics][Modal][test-modal] Session started: { sessionId: [32m'test-modal-1765549868648'[39m }
[ModalStack] PUSH: test-modal parent: [90mundefined[39m zIndex: [33m1000[39m hasConfirm: [33mtrue[39m stack: [ [32m'test-modal'[39m ]

[90mstdout[2m | src/components/SectionEditModal/SectionEditModal.test.tsx[2m > [22m[2mSectionEditModal[2m > [22m[2mRendering[2m > [22m[2mrenders with default props
[22m[39m[ModalStack] POP called: test-modal closeChildren: [33mfalse[39m stack before: [ [32m'test-modal'[39m ]
[ModalStack] POP removed: test-modal stack after: []

[90mstdout[2m | src/components/ExportProgressModal/ExportProgressModal.test.tsx[2m > [22m[2mExportProgressModal[2m > [22m[2mProps & Variants[2m > [22m[2mdisplays correct format in default downloadingText
[22m[39m[Analytics][Modal][export-progress] Session started: { sessionId: [32m'export-progress-1765549868952'[39m }
[ModalStack] PUSH: export-progress parent: [90mundefined[39m zIndex: [33m1000[39m hasConfirm: [33mfalse[39m stack: [ [32m'export-progress'[39m ]

[90mstdout[2m | src/components/ExportProgressModal/ExportProgressModal.test.tsx[2m > [22m[2mExportProgressModal[2m > [22m[2mProps & Variants[2m > [22m[2mdisplays correct format in default downloadingText
[22m[39m[ModalStack] POP called: export-progress closeChildren: [33mfalse[39m stack before: [ [32m'export-progress'[39m ]
[ModalStack] POP removed: export-progress stack after: []

[90mstdout[2m | src/components/ExportProgressModal/ExportProgressModal.test.tsx[2m > [22m[2mExportProgressModal[2m > [22m[2mProgress Bar[2m > [22m[2mshows determinate progress when totalKnown is true
[22m[39m[Analytics][Modal][export-progress] Session started: { sessionId: [32m'export-progress-1765549868977'[39m }
[ModalStack] PUSH: export-progress parent: [90mundefined[39m zIndex: [33m1000[39m hasConfirm: [33mfalse[39m stack: [ [32m'export-progress'[39m ]

[90mstdout[2m | src/components/ExportProgressModal/ExportProgressModal.test.tsx[2m > [22m[2mExportProgressModal[2m > [22m[2mProgress Bar[2m > [22m[2mshows determinate progress when totalKnown is true
[22m[39m[ModalStack] POP called: export-progress closeChildren: [33mfalse[39m stack before: [ [32m'export-progress'[39m ]
[ModalStack] POP removed: export-progress stack after: []

[90mstdout[2m | src/components/ExportProgressModal/ExportProgressModal.test.tsx[2m > [22m[2mExportProgressModal[2m > [22m[2mProgress Bar[2m > [22m[2mshows indeterminate progress when totalKnown is false
[22m[39m[Analytics][Modal][export-progress] Session started: { sessionId: [32m'export-progress-1765549869012'[39m }
[ModalStack] PUSH: export-progress parent: [90mundefined[39m zIndex: [33m1000[39m hasConfirm: [33mfalse[39m stack: [ [32m'export-progress'[39m ]

[90mstdout[2m | src/components/ExportProgressModal/ExportProgressModal.test.tsx[2m > [22m[2mExportProgressModal[2m > [22m[2mProgress Bar[2m > [22m[2mshows indeterminate progress when totalKnown is false
[22m[39m[ModalStack] POP called: export-progress closeChildren: [33mfalse[39m stack before: [ [32m'export-progress'[39m ]
[ModalStack] POP removed: export-progress stack after: []

[90mstdout[2m | src/components/ExportProgressModal/ExportProgressModal.test.tsx[2m > [22m[2mExportProgressModal[2m > [22m[2mProgress Bar[2m > [22m[2mupdates percentage text correctly
[22m[39m[Analytics][Modal][export-progress] Session started: { sessionId: [32m'export-progress-1765549869055'[39m }
[ModalStack] PUSH: export-progress parent: [90mundefined[39m zIndex: [33m1000[39m hasConfirm: [33mfalse[39m stack: [ [32m'export-progress'[39m ]

[90mstdout[2m | src/components/ExportProgressModal/ExportProgressModal.test.tsx[2m > [22m[2mExportProgressModal[2m > [22m[2mProgress Bar[2m > [22m[2mupdates percentage text correctly
[22m[39m[ModalStack] POP called: export-progress closeChildren: [33mfalse[39m stack before: [ [32m'export-progress'[39m ]
[ModalStack] POP removed: export-progress stack after: []

[90mstdout[2m | src/components/SectionEditModal/SectionEditModal.test.tsx[2m > [22m[2mSectionEditModal[2m > [22m[2mRendering[2m > [22m[2mrenders all 6 field types
[22m[39m[Analytics][Modal][test-modal] Session started: { sessionId: [32m'test-modal-1765549869047'[39m }
[ModalStack] PUSH: test-modal parent: [90mundefined[39m zIndex: [33m1000[39m hasConfirm: [33mtrue[39m stack: [ [32m'test-modal'[39m ]

[90mstdout[2m | src/components/SectionEditModal/SectionEditModal.test.tsx[2m > [22m[2mSectionEditModal[2m > [22m[2mRendering[2m > [22m[2mrenders all 6 field types
[22m[39m[ModalStack] POP called: test-modal closeChildren: [33mfalse[39m stack before: [ [32m'test-modal'[39m ]
[ModalStack] POP removed: test-modal stack after: []

[90mstdout[2m | src/components/ExportProgressModal/ExportProgressModal.test.tsx[2m > [22m[2mExportProgressModal[2m > [22m[2mProgress Bar[2m > [22m[2mformats bytes correctly (B/KB/MB)
[22m[39m[Analytics][Modal][export-progress] Session started: { sessionId: [32m'export-progress-1765549869125'[39m }
[ModalStack] PUSH: export-progress parent: [90mundefined[39m zIndex: [33m1000[39m hasConfirm: [33mfalse[39m stack: [ [32m'export-progress'[39m ]

[90mstdout[2m | src/components/ExportProgressModal/ExportProgressModal.test.tsx[2m > [22m[2mExportProgressModal[2m > [22m[2mProgress Bar[2m > [22m[2mformats bytes correctly (B/KB/MB)
[22m[39m[ModalStack] POP called: export-progress closeChildren: [33mfalse[39m stack before: [ [32m'export-progress'[39m ]
[ModalStack] POP removed: export-progress stack after: []

[90mstdout[2m | src/components/ExportProgressModal/ExportProgressModal.test.tsx[2m > [22m[2mExportProgressModal[2m > [22m[2mProgress Bar[2m > [22m[2mdisplays 100% when phase is complete
[22m[39m[Analytics][Modal][export-progress] Session started: { sessionId: [32m'export-progress-1765549869149'[39m }
[ModalStack] PUSH: export-progress parent: [90mundefined[39m zIndex: [33m1000[39m hasConfirm: [33mfalse[39m stack: [ [32m'export-progress'[39m ]

[90mstdout[2m | src/components/ExportProgressModal/ExportProgressModal.test.tsx[2m > [22m[2mExportProgressModal[2m > [22m[2mProgress Bar[2m > [22m[2mdisplays 100% when phase is complete
[22m[39m[ModalStack] POP called: export-progress closeChildren: [33mfalse[39m stack before: [ [32m'export-progress'[39m ]
[ModalStack] POP removed: export-progress stack after: []

[90mstdout[2m | src/components/ExportProgressModal/ExportProgressModal.test.tsx[2m > [22m[2mExportProgressModal[2m > [22m[2mProgress Bar[2m > [22m[2mhides progress bar when phase is healthCheck
[22m[39m[Analytics][Modal][export-progress] Session started: { sessionId: [32m'export-progress-1765549869171'[39m }
[ModalStack] PUSH: export-progress parent: [90mundefined[39m zIndex: [33m1000[39m hasConfirm: [33mfalse[39m stack: [ [32m'export-progress'[39m ]

[90mstdout[2m | src/components/ExportProgressModal/ExportProgressModal.test.tsx[2m > [22m[2mExportProgressModal[2m > [22m[2mProgress Bar[2m > [22m[2mhides progress bar when phase is healthCheck
[22m[39m[ModalStack] POP called: export-progress closeChildren: [33mfalse[39m stack before: [ [32m'export-progress'[39m ]
[ModalStack] POP removed: export-progress stack after: []

[90mstdout[2m | src/components/SectionEditModal/SectionEditModal.test.tsx[2m > [22m[2mSectionEditModal[2m > [22m[2mRendering[2m > [22m[2mrenders with initialData
[22m[39m[Analytics][Modal][test-modal] Session started: { sessionId: [32m'test-modal-1765549869134'[39m }
[ModalStack] PUSH: test-modal parent: [90mundefined[39m zIndex: [33m1000[39m hasConfirm: [33mtrue[39m stack: [ [32m'test-modal'[39m ]

[90mstdout[2m | src/components/SectionEditModal/SectionEditModal.test.tsx[2m > [22m[2mSectionEditModal[2m > [22m[2mRendering[2m > [22m[2mrenders with initialData
[22m[39m[ModalStack] POP called: test-modal closeChildren: [33mfalse[39m stack before: [ [32m'test-modal'[39m ]
[ModalStack] POP removed: test-modal stack after: []

[90mstdout[2m | src/components/SectionEditModal/SectionEditModal.test.tsx[2m > [22m[2mSectionEditModal[2m > [22m[2mRendering[2m > [22m[2mshows required asterisk for required fields
[22m[39m[Analytics][Modal][test-modal] Session started: { sessionId: [32m'test-modal-1765549869216'[39m }
[ModalStack] PUSH: test-modal parent: [90mundefined[39m zIndex: [33m1000[39m hasConfirm: [33mtrue[39m stack: [ [32m'test-modal'[39m ]

[90mstdout[2m | src/components/ExportProgressModal/ExportProgressModal.test.tsx[2m > [22m[2mExportProgressModal[2m > [22m[2mFile List[2m > [22m[2mrenders all files in array
[22m[39m[Analytics][Modal][export-progress] Session started: { sessionId: [32m'export-progress-1765549869238'[39m }
[ModalStack] PUSH: export-progress parent: [90mundefined[39m zIndex: [33m1000[39m hasConfirm: [33mfalse[39m stack: [ [32m'export-progress'[39m ]

[90mstdout[2m | src/components/ExportProgressModal/ExportProgressModal.test.tsx[2m > [22m[2mExportProgressModal[2m > [22m[2mFile List[2m > [22m[2mrenders all files in array
[22m[39m[ModalStack] POP called: export-progress closeChildren: [33mfalse[39m stack before: [ [32m'export-progress'[39m ]
[ModalStack] POP removed: export-progress stack after: []

[90mstdout[2m | src/components/SectionEditModal/SectionEditModal.test.tsx[2m > [22m[2mSectionEditModal[2m > [22m[2mRendering[2m > [22m[2mshows required asterisk for required fields
[22m[39m[ModalStack] POP called: test-modal closeChildren: [33mfalse[39m stack before: [ [32m'test-modal'[39m ]
[ModalStack] POP removed: test-modal stack after: []

[90mstdout[2m | src/components/SectionEditModal/SectionEditModal.test.tsx[2m > [22m[2mSectionEditModal[2m > [22m[2mRendering[2m > [22m[2mrenders modal title correctly
[22m[39m[Analytics][Modal][test-modal] Session started: { sessionId: [32m'test-modal-1765549869272'[39m }
[ModalStack] PUSH: test-modal parent: [90mundefined[39m zIndex: [33m1000[39m hasConfirm: [33mtrue[39m stack: [ [32m'test-modal'[39m ]

[90mstdout[2m | src/components/SectionEditModal/SectionEditModal.test.tsx[2m > [22m[2mSectionEditModal[2m > [22m[2mRendering[2m > [22m[2mrenders modal title correctly
[22m[39m[ModalStack] POP called: test-modal closeChildren: [33mfalse[39m stack before: [ [32m'test-modal'[39m ]
[ModalStack] POP removed: test-modal stack after: []

[90mstdout[2m | src/components/SectionEditModal/SectionEditModal.test.tsx[2m > [22m[2mSectionEditModal[2m > [22m[2mRendering[2m > [22m[2mrenders Clear Form button when showClearButton=true
[22m[39m[Analytics][Modal][test-modal] Session started: { sessionId: [32m'test-modal-1765549869316'[39m }
[ModalStack] PUSH: test-modal parent: [90mundefined[39m zIndex: [33m1000[39m hasConfirm: [33mtrue[39m stack: [ [32m'test-modal'[39m ]

[90mstdout[2m | src/components/SectionEditModal/SectionEditModal.test.tsx[2m > [22m[2mSectionEditModal[2m > [22m[2mRendering[2m > [22m[2mrenders Clear Form button when showClearButton=true
[22m[39m[ModalStack] POP called: test-modal closeChildren: [33mfalse[39m stack before: [ [32m'test-modal'[39m ]
[ModalStack] POP removed: test-modal stack after: []

[90mstdout[2m | src/components/ExportProgressModal/ExportProgressModal.test.tsx[2m > [22m[2mExportProgressModal[2m > [22m[2mFile List[2m > [22m[2mdisplays file name, entity code, and size
[22m[39m[Analytics][Modal][export-progress] Session started: { sessionId: [32m'export-progress-1765549869263'[39m }
[ModalStack] PUSH: export-progress parent: [90mundefined[39m zIndex: [33m1000[39m hasConfirm: [33mfalse[39m stack: [ [32m'export-progress'[39m ]

[90mstdout[2m | src/components/ExportProgressModal/ExportProgressModal.test.tsx[2m > [22m[2mExportProgressModal[2m > [22m[2mFile List[2m > [22m[2mdisplays file name, entity code, and size
[22m[39m[ModalStack] POP called: export-progress closeChildren: [33mfalse[39m stack before: [ [32m'export-progress'[39m ]
[ModalStack] POP removed: export-progress stack after: []

[90mstdout[2m | src/components/ExportProgressModal/ExportProgressModal.test.tsx[2m > [22m[2mExportProgressModal[2m > [22m[2mFile List[2m > [22m[2mformats file size correctly (B/KB/MB)
[22m[39m[Analytics][Modal][export-progress] Session started: { sessionId: [32m'export-progress-1765549869416'[39m }
[ModalStack] PUSH: export-progress parent: [90mundefined[39m zIndex: [33m1000[39m hasConfirm: [33mfalse[39m stack: [ [32m'export-progress'[39m ]

[90mstdout[2m | src/components/ExportProgressModal/ExportProgressModal.test.tsx[2m > [22m[2mExportProgressModal[2m > [22m[2mFile List[2m > [22m[2mformats file size correctly (B/KB/MB)
[22m[39m[ModalStack] POP called: export-progress closeChildren: [33mfalse[39m stack before: [ [32m'export-progress'[39m ]
[ModalStack] POP removed: export-progress stack after: []

[90mstdout[2m | src/components/ExportProgressModal/ExportProgressModal.test.tsx[2m > [22m[2mExportProgressModal[2m > [22m[2mFile List[2m > [22m[2mshows "—" when file size is 0
[22m[39m[Analytics][Modal][export-progress] Session started: { sessionId: [32m'export-progress-1765549869489'[39m }
[ModalStack] PUSH: export-progress parent: [90mundefined[39m zIndex: [33m1000[39m hasConfirm: [33mfalse[39m stack: [ [32m'export-progress'[39m ]

[90mstdout[2m | src/components/ExportProgressModal/ExportProgressModal.test.tsx[2m > [22m[2mExportProgressModal[2m > [22m[2mFile List[2m > [22m[2mshows "—" when file size is 0
[22m[39m[ModalStack] POP called: export-progress closeChildren: [33mfalse[39m stack before: [ [32m'export-progress'[39m ]
[ModalStack] POP removed: export-progress stack after: []

[90mstdout[2m | src/components/SectionEditModal/SectionEditModal.test.tsx[2m > [22m[2mSectionEditModal[2m > [22m[2mRendering[2m > [22m[2mdoes NOT render Clear Form button when showClearButton=false
[22m[39m[Analytics][Modal][test-modal] Session started: { sessionId: [32m'test-modal-1765549869498'[39m }
[ModalStack] PUSH: test-modal parent: [90mundefined[39m zIndex: [33m1000[39m hasConfirm: [33mtrue[39m stack: [ [32m'test-modal'[39m ]

[90mstdout[2m | src/components/SectionEditModal/SectionEditModal.test.tsx[2m > [22m[2mSectionEditModal[2m > [22m[2mRendering[2m > [22m[2mdoes NOT render Clear Form button when showClearButton=false
[22m[39m[ModalStack] POP called: test-modal closeChildren: [33mfalse[39m stack before: [ [32m'test-modal'[39m ]
[ModalStack] POP removed: test-modal stack after: []

[90mstdout[2m | src/components/ExportProgressModal/ExportProgressModal.test.tsx[2m > [22m[2mExportProgressModal[2m > [22m[2mFile List[2m > [22m[2mshows correct attachment count (singular)
[22m[39m[Analytics][Modal][export-progress] Session started: { sessionId: [32m'export-progress-1765549869620'[39m }
[ModalStack] PUSH: export-progress parent: [90mundefined[39m zIndex: [33m1000[39m hasConfirm: [33mfalse[39m stack: [ [32m'export-progress'[39m ]

[90mstdout[2m | src/components/ExportProgressModal/ExportProgressModal.test.tsx[2m > [22m[2mExportProgressModal[2m > [22m[2mFile List[2m > [22m[2mshows correct attachment count (singular)
[22m[39m[ModalStack] POP called: export-progress closeChildren: [33mfalse[39m stack before: [ [32m'export-progress'[39m ]
[ModalStack] POP removed: export-progress stack after: []

[90mstdout[2m | src/components/ExportProgressModal/ExportProgressModal.test.tsx[2m > [22m[2mExportProgressModal[2m > [22m[2mFile List[2m > [22m[2mshows correct attachment count (plural)
[22m[39m[Analytics][Modal][export-progress] Session started: { sessionId: [32m'export-progress-1765549869641'[39m }
[ModalStack] PUSH: export-progress parent: [90mundefined[39m zIndex: [33m1000[39m hasConfirm: [33mfalse[39m stack: [ [32m'export-progress'[39m ]

[90mstdout[2m | src/components/SectionEditModal/SectionEditModal.test.tsx[2m > [22m[2mSectionEditModal[2m > [22m[2mInteractions[2m > [22m[2monChange updates formData when user types in text field
[22m[39m[Analytics][Modal][test-modal] Session started: { sessionId: [32m'test-modal-1765549869570'[39m }
[ModalStack] PUSH: test-modal parent: [90mundefined[39m zIndex: [33m1000[39m hasConfirm: [33mtrue[39m stack: [ [32m'test-modal'[39m ]

[90mstdout[2m | src/components/SectionEditModal/SectionEditModal.test.tsx[2m > [22m[2mSectionEditModal[2m > [22m[2mInteractions[2m > [22m[2monChange updates formData when user types in text field
[22m[39m[ModalStack] POP called: test-modal closeChildren: [33mfalse[39m stack before: [ [32m'test-modal'[39m ]
[ModalStack] POP removed: test-modal stack after: []

[90mstdout[2m | src/components/ExportProgressModal/ExportProgressModal.test.tsx[2m > [22m[2mExportProgressModal[2m > [22m[2mFile List[2m > [22m[2mshows correct attachment count (plural)
[22m[39m[ModalStack] POP called: export-progress closeChildren: [33mfalse[39m stack before: [ [32m'export-progress'[39m ]
[ModalStack] POP removed: export-progress stack after: []

[90mstdout[2m | src/components/SectionEditModal/SectionEditModal.test.tsx[2m > [22m[2mSectionEditModal[2m > [22m[2mInteractions[2m > [22m[2monChange updates formData when user types in email field
[22m[39m[Analytics][Modal][test-modal] Session started: { sessionId: [32m'test-modal-1765549869716'[39m }
[ModalStack] PUSH: test-modal parent: [90mundefined[39m zIndex: [33m1000[39m hasConfirm: [33mtrue[39m stack: [ [32m'test-modal'[39m ]

[90mstdout[2m | src/components/SectionEditModal/SectionEditModal.test.tsx[2m > [22m[2mSectionEditModal[2m > [22m[2mInteractions[2m > [22m[2monChange updates formData when user types in email field
[22m[39m[ModalStack] POP called: test-modal closeChildren: [33mfalse[39m stack before: [ [32m'test-modal'[39m ]
[ModalStack] POP removed: test-modal stack after: []

[90mstdout[2m | src/components/ExportProgressModal/ExportProgressModal.test.tsx[2m > [22m[2mExportProgressModal[2m > [22m[2mCancel Functionality[2m > [22m[2mcalls onCancel when cancel button clicked
[22m[39m[Analytics][Modal][export-progress] Session started: { sessionId: [32m'export-progress-1765549869735'[39m }
[ModalStack] PUSH: export-progress parent: [90mundefined[39m zIndex: [33m1000[39m hasConfirm: [33mfalse[39m stack: [ [32m'export-progress'[39m ]

[90mstdout[2m | src/components/ExportProgressModal/ExportProgressModal.test.tsx[2m > [22m[2mExportProgressModal[2m > [22m[2mCancel Functionality[2m > [22m[2mcalls onCancel when cancel button clicked
[22m[39m[ModalStack] POP called: export-progress closeChildren: [33mfalse[39m stack before: [ [32m'export-progress'[39m ]
[ModalStack] POP removed: export-progress stack after: []

[90mstdout[2m | src/components/SectionEditModal/SectionEditModal.test.tsx[2m > [22m[2mSectionEditModal[2m > [22m[2mInteractions[2m > [22m[2monChange updates formData when user types in number field
[22m[39m[Analytics][Modal][test-modal] Session started: { sessionId: [32m'test-modal-1765549869747'[39m }
[ModalStack] PUSH: test-modal parent: [90mundefined[39m zIndex: [33m1000[39m hasConfirm: [33mtrue[39m stack: [ [32m'test-modal'[39m ]

[90mstdout[2m | src/components/SectionEditModal/SectionEditModal.test.tsx[2m > [22m[2mSectionEditModal[2m > [22m[2mInteractions[2m > [22m[2monChange updates formData when user types in number field
[22m[39m[ModalStack] POP called: test-modal closeChildren: [33mfalse[39m stack before: [ [32m'test-modal'[39m ]
[ModalStack] POP removed: test-modal stack after: []

[90mstdout[2m | src/components/ExportProgressModal/ExportProgressModal.test.tsx[2m > [22m[2mExportProgressModal[2m > [22m[2mCancel Functionality[2m > [22m[2mshows cancel button during healthCheck phase
[22m[39m[Analytics][Modal][export-progress] Session started: { sessionId: [32m'export-progress-1765549869767'[39m }
[ModalStack] PUSH: export-progress parent: [90mundefined[39m zIndex: [33m1000[39m hasConfirm: [33mfalse[39m stack: [ [32m'export-progress'[39m ]

[90mstdout[2m | src/components/ExportProgressModal/ExportProgressModal.test.tsx[2m > [22m[2mExportProgressModal[2m > [22m[2mCancel Functionality[2m > [22m[2mshows cancel button during healthCheck phase
[22m[39m[ModalStack] POP called: export-progress closeChildren: [33mfalse[39m stack before: [ [32m'export-progress'[39m ]
[ModalStack] POP removed: export-progress stack after: []

[90mstdout[2m | src/components/SectionEditModal/SectionEditModal.test.tsx[2m > [22m[2mSectionEditModal[2m > [22m[2mInteractions[2m > [22m[2monChange updates formData when user selects date
[22m[39m[Analytics][Modal][test-modal] Session started: { sessionId: [32m'test-modal-1765549869775'[39m }
[ModalStack] PUSH: test-modal parent: [90mundefined[39m zIndex: [33m1000[39m hasConfirm: [33mtrue[39m stack: [ [32m'test-modal'[39m ]

[90mstdout[2m | src/components/SectionEditModal/SectionEditModal.test.tsx[2m > [22m[2mSectionEditModal[2m > [22m[2mInteractions[2m > [22m[2monChange updates formData when user selects date
[22m[39m[ModalStack] POP called: test-modal closeChildren: [33mfalse[39m stack before: [ [32m'test-modal'[39m ]
[ModalStack] POP removed: test-modal stack after: []

[90mstdout[2m | src/components/ExportProgressModal/ExportProgressModal.test.tsx[2m > [22m[2mExportProgressModal[2m > [22m[2mCancel Functionality[2m > [22m[2mshows cancel button during downloading phase
[22m[39m[Analytics][Modal][export-progress] Session started: { sessionId: [32m'export-progress-1765549869795'[39m }
[ModalStack] PUSH: export-progress parent: [90mundefined[39m zIndex: [33m1000[39m hasConfirm: [33mfalse[39m stack: [ [32m'export-progress'[39m ]

[90mstdout[2m | src/components/ExportProgressModal/ExportProgressModal.test.tsx[2m > [22m[2mExportProgressModal[2m > [22m[2mCancel Functionality[2m > [22m[2mshows cancel button during downloading phase
[22m[39m[ModalStack] POP called: export-progress closeChildren: [33mfalse[39m stack before: [ [32m'export-progress'[39m ]
[ModalStack] POP removed: export-progress stack after: []

[90mstdout[2m | src/components/ExportProgressModal/ExportProgressModal.test.tsx[2m > [22m[2mExportProgressModal[2m > [22m[2mCancel Functionality[2m > [22m[2mshows cancel button during processing phase
[22m[39m[Analytics][Modal][export-progress] Session started: { sessionId: [32m'export-progress-1765549869859'[39m }
[ModalStack] PUSH: export-progress parent: [90mundefined[39m zIndex: [33m1000[39m hasConfirm: [33mfalse[39m stack: [ [32m'export-progress'[39m ]

[90mstdout[2m | src/components/ExportProgressModal/ExportProgressModal.test.tsx[2m > [22m[2mExportProgressModal[2m > [22m[2mCancel Functionality[2m > [22m[2mshows cancel button during processing phase
[22m[39m[ModalStack] POP called: export-progress closeChildren: [33mfalse[39m stack before: [ [32m'export-progress'[39m ]
[ModalStack] POP removed: export-progress stack after: []

[90mstdout[2m | src/components/ExportProgressModal/ExportProgressModal.test.tsx[2m > [22m[2mExportProgressModal[2m > [22m[2mCancel Functionality[2m > [22m[2mhides cancel button during complete phase
[22m[39m[Analytics][Modal][export-progress] Session started: { sessionId: [32m'export-progress-1765549869881'[39m }
[ModalStack] PUSH: export-progress parent: [90mundefined[39m zIndex: [33m1000[39m hasConfirm: [33mfalse[39m stack: [ [32m'export-progress'[39m ]

[90mstdout[2m | src/components/ExportProgressModal/ExportProgressModal.test.tsx[2m > [22m[2mExportProgressModal[2m > [22m[2mCancel Functionality[2m > [22m[2mhides cancel button during complete phase
[22m[39m[ModalStack] POP called: export-progress closeChildren: [33mfalse[39m stack before: [ [32m'export-progress'[39m ]
[ModalStack] POP removed: export-progress stack after: []

[90mstdout[2m | src/components/SectionEditModal/SectionEditModal.test.tsx[2m > [22m[2mSectionEditModal[2m > [22m[2mInteractions[2m > [22m[2monChange updates formData when user selects option
[22m[39m[Analytics][Modal][test-modal] Session started: { sessionId: [32m'test-modal-1765549869845'[39m }
[ModalStack] PUSH: test-modal parent: [90mundefined[39m zIndex: [33m1000[39m hasConfirm: [33mtrue[39m stack: [ [32m'test-modal'[39m ]

[90mstdout[2m | src/components/SectionEditModal/SectionEditModal.test.tsx[2m > [22m[2mSectionEditModal[2m > [22m[2mInteractions[2m > [22m[2monChange updates formData when user selects option
[22m[39m[ModalStack] POP called: test-modal closeChildren: [33mfalse[39m stack before: [ [32m'test-modal'[39m ]
[ModalStack] POP removed: test-modal stack after: []

[90mstdout[2m | src/components/ExportProgressModal/ExportProgressModal.test.tsx[2m > [22m[2mExportProgressModal[2m > [22m[2mAccessibility[2m > [22m[2mhas role="dialog"
[22m[39m[Analytics][Modal][export-progress] Session started: { sessionId: [32m'export-progress-1765549869897'[39m }
[ModalStack] PUSH: export-progress parent: [90mundefined[39m zIndex: [33m1000[39m hasConfirm: [33mfalse[39m stack: [ [32m'export-progress'[39m ]

[90mstdout[2m | src/components/ExportProgressModal/ExportProgressModal.test.tsx[2m > [22m[2mExportProgressModal[2m > [22m[2mAccessibility[2m > [22m[2mhas role="dialog"
[22m[39m[ModalStack] POP called: export-progress closeChildren: [33mfalse[39m stack before: [ [32m'export-progress'[39m ]
[ModalStack] POP removed: export-progress stack after: []

[90mstdout[2m | src/components/ExportProgressModal/ExportProgressModal.test.tsx[2m > [22m[2mExportProgressModal[2m > [22m[2mAccessibility[2m > [22m[2mhas aria-modal="true"
[22m[39m[Analytics][Modal][export-progress] Session started: { sessionId: [32m'export-progress-1765549869916'[39m }
[ModalStack] PUSH: export-progress parent: [90mundefined[39m zIndex: [33m1000[39m hasConfirm: [33mfalse[39m stack: [ [32m'export-progress'[39m ]

[90mstdout[2m | src/components/ExportProgressModal/ExportProgressModal.test.tsx[2m > [22m[2mExportProgressModal[2m > [22m[2mAccessibility[2m > [22m[2mhas aria-modal="true"
[22m[39m[ModalStack] POP called: export-progress closeChildren: [33mfalse[39m stack before: [ [32m'export-progress'[39m ]
[ModalStack] POP removed: export-progress stack after: []

[90mstdout[2m | src/components/SectionEditModal/SectionEditModal.test.tsx[2m > [22m[2mSectionEditModal[2m > [22m[2mInteractions[2m > [22m[2monChange updates formData when user types in textarea
[22m[39m[Analytics][Modal][test-modal] Session started: { sessionId: [32m'test-modal-1765549869920'[39m }
[ModalStack] PUSH: test-modal parent: [90mundefined[39m zIndex: [33m1000[39m hasConfirm: [33mtrue[39m stack: [ [32m'test-modal'[39m ]

[90mstdout[2m | src/components/SectionEditModal/SectionEditModal.test.tsx[2m > [22m[2mSectionEditModal[2m > [22m[2mInteractions[2m > [22m[2monChange updates formData when user types in textarea
[22m[39m[ModalStack] POP called: test-modal closeChildren: [33mfalse[39m stack before: [ [32m'test-modal'[39m ]
[ModalStack] POP removed: test-modal stack after: []

[90mstdout[2m | src/components/ExportProgressModal/ExportProgressModal.test.tsx[2m > [22m[2mExportProgressModal[2m > [22m[2mAccessibility[2m > [22m[2mhas aria-labelledby pointing to title
[22m[39m[Analytics][Modal][export-progress] Session started: { sessionId: [32m'export-progress-1765549869942'[39m }
[ModalStack] PUSH: export-progress parent: [90mundefined[39m zIndex: [33m1000[39m hasConfirm: [33mfalse[39m stack: [ [32m'export-progress'[39m ]

[90mstdout[2m | src/components/ExportProgressModal/ExportProgressModal.test.tsx[2m > [22m[2mExportProgressModal[2m > [22m[2mAccessibility[2m > [22m[2mhas aria-labelledby pointing to title
[22m[39m[ModalStack] POP called: export-progress closeChildren: [33mfalse[39m stack before: [ [32m'export-progress'[39m ]
[ModalStack] POP removed: export-progress stack after: []

[90mstdout[2m | src/components/ExportProgressModal/ExportProgressModal.test.tsx[2m > [22m[2mExportProgressModal[2m > [22m[2mAccessibility[2m > [22m[2mcancel button has accessible label
[22m[39m[Analytics][Modal][export-progress] Session started: { sessionId: [32m'export-progress-1765549869965'[39m }
[ModalStack] PUSH: export-progress parent: [90mundefined[39m zIndex: [33m1000[39m hasConfirm: [33mfalse[39m stack: [ [32m'export-progress'[39m ]

[90mstdout[2m | src/components/ExportProgressModal/ExportProgressModal.test.tsx[2m > [22m[2mExportProgressModal[2m > [22m[2mAccessibility[2m > [22m[2mcancel button has accessible label
[22m[39m[ModalStack] POP called: export-progress closeChildren: [33mfalse[39m stack before: [ [32m'export-progress'[39m ]
[ModalStack] POP removed: export-progress stack after: []

[90mstdout[2m | src/components/SectionEditModal/SectionEditModal.test.tsx[2m > [22m[2mSectionEditModal[2m > [22m[2mInteractions[2m > [22m[2mSave button triggers onSave with complete form data
[22m[39m[Analytics][Modal][test-modal] Session started: { sessionId: [32m'test-modal-1765549869973'[39m }
[ModalStack] PUSH: test-modal parent: [90mundefined[39m zIndex: [33m1000[39m hasConfirm: [33mtrue[39m stack: [ [32m'test-modal'[39m ]

[90mstdout[2m | src/components/ExportProgressModal/ExportProgressModal.test.tsx[2m > [22m[2mExportProgressModal[2m > [22m[2mAccessibility[2m > [22m[2mmodal cannot be closed during export (no close button)
[22m[39m[Analytics][Modal][export-progress] Session started: { sessionId: [32m'export-progress-1765549870001'[39m }
[ModalStack] PUSH: export-progress parent: [90mundefined[39m zIndex: [33m1000[39m hasConfirm: [33mfalse[39m stack: [ [32m'export-progress'[39m ]

[90mstdout[2m | src/components/SectionEditModal/SectionEditModal.test.tsx[2m > [22m[2mSectionEditModal[2m > [22m[2mInteractions[2m > [22m[2mSave button triggers onSave with complete form data
[22m[39m[ModalStack] POP called: test-modal closeChildren: [33mfalse[39m stack before: [ [32m'test-modal'[39m ]
[ModalStack] POP removed: test-modal stack after: []

[90mstdout[2m | src/components/ExportProgressModal/ExportProgressModal.test.tsx[2m > [22m[2mExportProgressModal[2m > [22m[2mAccessibility[2m > [22m[2mmodal cannot be closed during export (no close button)
[22m[39m[ModalStack] POP called: export-progress closeChildren: [33mfalse[39m stack before: [ [32m'export-progress'[39m ]
[ModalStack] POP removed: export-progress stack after: []

[90mstdout[2m | src/components/ExportProgressModal/ExportProgressModal.test.tsx[2m > [22m[2mExportProgressModal[2m > [22m[2mTranslation Support[2m > [22m[2mdisplays Slovak text by default
[22m[39m[Analytics][Modal][export-progress] Session started: { sessionId: [32m'export-progress-1765549870033'[39m }
[ModalStack] PUSH: export-progress parent: [90mundefined[39m zIndex: [33m1000[39m hasConfirm: [33mfalse[39m stack: [ [32m'export-progress'[39m ]

[90mstdout[2m | src/components/ExportProgressModal/ExportProgressModal.test.tsx[2m > [22m[2mExportProgressModal[2m > [22m[2mTranslation Support[2m > [22m[2mdisplays Slovak text by default
[22m[39m[ModalStack] POP called: export-progress closeChildren: [33mfalse[39m stack before: [ [32m'export-progress'[39m ]
[ModalStack] POP removed: export-progress stack after: []

[90mstdout[2m | src/components/ExportProgressModal/ExportProgressModal.test.tsx[2m > [22m[2mExportProgressModal[2m > [22m[2mTranslation Support[2m > [22m[2mswitches to English when language changes
[22m[39m[Analytics][Modal][export-progress] Session started: { sessionId: [32m'export-progress-1765549870060'[39m }
[ModalStack] PUSH: export-progress parent: [90mundefined[39m zIndex: [33m1000[39m hasConfirm: [33mfalse[39m stack: [ [32m'export-progress'[39m ]

[90mstdout[2m | src/components/ExportProgressModal/ExportProgressModal.test.tsx[2m > [22m[2mExportProgressModal[2m > [22m[2mTranslation Support[2m > [22m[2mswitches to English when language changes
[22m[39m[ModalStack] POP called: export-progress closeChildren: [33mfalse[39m stack before: [ [32m'export-progress'[39m ]
[ModalStack] POP removed: export-progress stack after: []

[90mstdout[2m | src/components/ExportProgressModal/ExportProgressModal.test.tsx[2m > [22m[2mExportProgressModal[2m > [22m[2mTranslation Support[2m > [22m[2muses default Slovak text for noAttachments when not overridden
[22m[39m[Analytics][Modal][export-progress] Session started: { sessionId: [32m'export-progress-1765549870117'[39m }
[ModalStack] PUSH: export-progress parent: [90mundefined[39m zIndex: [33m1000[39m hasConfirm: [33mfalse[39m stack: [ [32m'export-progress'[39m ]

[90mstdout[2m | src/components/ExportProgressModal/ExportProgressModal.test.tsx[2m > [22m[2mExportProgressModal[2m > [22m[2mTranslation Support[2m > [22m[2muses default Slovak text for noAttachments when not overridden
[22m[39m[ModalStack] POP called: export-progress closeChildren: [33mfalse[39m stack before: [ [32m'export-progress'[39m ]
[ModalStack] POP removed: export-progress stack after: []

[90mstdout[2m | src/components/SectionEditModal/SectionEditModal.test.tsx[2m > [22m[2mSectionEditModal[2m > [22m[2mInteractions[2m > [22m[2mCancel button shows confirmation if form is dirty
[22m[39m[Analytics][Modal][test-modal] Session started: { sessionId: [32m'test-modal-1765549870080'[39m }
[ModalStack] PUSH: test-modal parent: [90mundefined[39m zIndex: [33m1000[39m hasConfirm: [33mtrue[39m stack: [ [32m'test-modal'[39m ]
[Analytics][Modal][confirm-modal-test-modal] Session started: { sessionId: [32m'confirm-modal-test-modal-1765549870124'[39m }
[ModalStack] PUSH: confirm-modal-test-modal parent: test-modal zIndex: [33m1010[39m hasConfirm: [33mtrue[39m stack: [ [32m'test-modal'[39m, [32m'confirm-modal-test-modal'[39m ]

[90mstdout[2m | src/components/SectionEditModal/SectionEditModal.test.tsx[2m > [22m[2mSectionEditModal[2m > [22m[2mInteractions[2m > [22m[2mCancel button shows confirmation if form is dirty
[22m[39m[ModalStack] POP called: test-modal closeChildren: [33mfalse[39m stack before: [ [32m'test-modal'[39m, [32m'confirm-modal-test-modal'[39m ]
[ModalStack] POP removed: test-modal stack after: [ [32m'confirm-modal-test-modal'[39m ]
[ModalStack] POP called: confirm-modal-test-modal closeChildren: [33mfalse[39m stack before: [ [32m'confirm-modal-test-modal'[39m ]
[ModalStack] POP removed: confirm-modal-test-modal stack after: []

[90mstderr[2m | src/components/Sidebar/Sidebar.test.tsx[2m > [22m[2mSidebar - Tree Navigation[2m > [22m[2mexpands submenu when arrow clicked
[22m[39mError: Not implemented: navigation (except hash changes)
    at module.exports (l:\system\lkern_codebase_v4_act\node_modules\jsdom\lib\jsdom\browser\not-implemented.js:9:17)
    at navigateFetch (l:\system\lkern_codebase_v4_act\node_modules\jsdom\lib\jsdom\living\window\navigation.js:77:3)
    at exports.navigate (l:\system\lkern_codebase_v4_act\node_modules\jsdom\lib\jsdom\living\window\navigation.js:55:3)
    at Timeout._onTimeout (l:\system\lkern_codebase_v4_act\node_modules\jsdom\lib\jsdom\living\nodes\HTMLHyperlinkElementUtils-impl.js:81:7)
    at listOnTimeout (node:internal/timers:588:17)
    at processTimers (node:internal/timers:523:7) [90mundefined[39m

[90mstderr[2m | src/components/Sidebar/Sidebar.test.tsx[2m > [22m[2mSidebar - Tree Navigation[2m > [22m[2mexpands submenu when arrow clicked
[22m[39mError: Not implemented: navigation (except hash changes)
    at module.exports (l:\system\lkern_codebase_v4_act\node_modules\jsdom\lib\jsdom\browser\not-implemented.js:9:17)
    at navigateFetch (l:\system\lkern_codebase_v4_act\node_modules\jsdom\lib\jsdom\living\window\navigation.js:77:3)
    at exports.navigate (l:\system\lkern_codebase_v4_act\node_modules\jsdom\lib\jsdom\living\window\navigation.js:55:3)
    at Timeout._onTimeout (l:\system\lkern_codebase_v4_act\node_modules\jsdom\lib\jsdom\living\nodes\HTMLHyperlinkElementUtils-impl.js:81:7)
    at listOnTimeout (node:internal/timers:588:17)
    at processTimers (node:internal/timers:523:7) [90mundefined[39m

[90mstdout[2m | src/components/ExportProgressModal/ExportProgressModal.test.tsx[2m > [22m[2mExportProgressModal[2m > [22m[2mTranslation Support[2m > [22m[2muses Slovak plural for 3 attachments
[22m[39m[Analytics][Modal][export-progress] Session started: { sessionId: [32m'export-progress-1765549870140'[39m }
[ModalStack] PUSH: export-progress parent: [90mundefined[39m zIndex: [33m1000[39m hasConfirm: [33mfalse[39m stack: [ [32m'export-progress'[39m ]

[90mstdout[2m | src/components/ExportProgressModal/ExportProgressModal.test.tsx[2m > [22m[2mExportProgressModal[2m > [22m[2mTranslation Support[2m > [22m[2muses Slovak plural for 3 attachments
[22m[39m[ModalStack] POP called: export-progress closeChildren: [33mfalse[39m stack before: [ [32m'export-progress'[39m ]
[ModalStack] POP removed: export-progress stack after: []

[90mstdout[2m | src/components/SectionEditModal/SectionEditModal.test.tsx[2m > [22m[2mSectionEditModal[2m > [22m[2mInteractions[2m > [22m[2mCancel button closes immediately if form is clean
[22m[39m[Analytics][Modal][test-modal] Session started: { sessionId: [32m'test-modal-1765549870154'[39m }
[ModalStack] PUSH: test-modal parent: [90mundefined[39m zIndex: [33m1000[39m hasConfirm: [33mtrue[39m stack: [ [32m'test-modal'[39m ]

[90mstdout[2m | src/components/SectionEditModal/SectionEditModal.test.tsx[2m > [22m[2mSectionEditModal[2m > [22m[2mInteractions[2m > [22m[2mCancel button closes immediately if form is clean
[22m[39m[ModalStack] POP called: test-modal closeChildren: [33mfalse[39m stack before: [ [32m'test-modal'[39m ]
[ModalStack] POP removed: test-modal stack after: []

[90mstdout[2m | src/components/ExportProgressModal/ExportProgressModal.test.tsx[2m > [22m[2mExportProgressModal[2m > [22m[2mTranslation Support[2m > [22m[2muses Slovak singular for 1 attachment
[22m[39m[Analytics][Modal][export-progress] Session started: { sessionId: [32m'export-progress-1765549870161'[39m }
[ModalStack] PUSH: export-progress parent: [90mundefined[39m zIndex: [33m1000[39m hasConfirm: [33mfalse[39m stack: [ [32m'export-progress'[39m ]

[90mstdout[2m | src/components/ExportProgressModal/ExportProgressModal.test.tsx[2m > [22m[2mExportProgressModal[2m > [22m[2mTranslation Support[2m > [22m[2muses Slovak singular for 1 attachment
[22m[39m[ModalStack] POP called: export-progress closeChildren: [33mfalse[39m stack before: [ [32m'export-progress'[39m ]
[ModalStack] POP removed: export-progress stack after: []

 [31m❯[39m src/components/ExportProgressModal/ExportProgressModal.test.tsx [2m([22m[2m44 tests[22m[2m | [22m[31m2 failed[39m[2m)[22m[33m 2273[2mms[22m[39m
   [32m✓[39m ExportProgressModal[2m > [22mRendering[2m > [22mrenders nothing when closed[32m 85[2mms[22m[39m
   [32m✓[39m ExportProgressModal[2m > [22mRendering[2m > [22mrenders modal when open[32m 274[2mms[22m[39m
   [32m✓[39m ExportProgressModal[2m > [22mRendering[2m > [22mrenders progress bar during downloading phase[32m 31[2mms[22m[39m
   [32m✓[39m ExportProgressModal[2m > [22mRendering[2m > [22mhides progress bar during healthCheck phase[32m 35[2mms[22m[39m
[31m   [31m×[31m ExportProgressModal[2m > [22mRendering[2m > [22mrenders file list when files provided[39m[32m 102[2mms[22m[39m
[31m     → Unable to find an element with the text: 📄 document.pdf. This could be because the text is broken up by multiple elements. In this case, you can provide a function for your text matcher to make your matcher more flexible.

Ignored nodes: comments, script, style
[36m<body[31m
  [33mstyle[31m=[32m"overflow: hidden;"[31m
[36m>[31m
  [36m<div />[31m
  [36m<div[31m
    [33mclass[31m=[32m"_modalOverlay_7cc3ba"[31m
    [33mdata-modal-id[31m=[32m"export-progress"[31m
    [33mdata-modal-overlay[31m=[32m"true"[31m
    [33mstyle[31m=[32m"z-index: 1000; align-items: center; padding: 64px;"[31m
  [36m>[31m
    [36m<div[31m
      [33maria-labelledby[31m=[32m"modal-title"[31m
      [33maria-modal[31m=[32m"true"[31m
      [33mclass[31m=[32m"_modalContainer_7cc3ba _modal--centered_7cc3ba _modal--md_7cc3ba "[31m
      [33mdata-modal-container-id[31m=[32m"export-progress"[31m
      [33mrole[31m=[32m"dialog"[31m
      [33mstyle[31m=[32m"user-select: auto; z-index: 1001;"[31m
      [33mtabindex[31m=[32m"-1"[31m
    [36m>[31m
      [36m<div[31m
        [33mclass[31m=[32m"_debugBar_d8a95d"[31m
      [36m>[31m
        [36m<div[31m
          [33mclass[31m=[32m"_debugBar__left_d8a95d"[31m
        [36m>[31m
          [36m<span[31m
            [33mclass[31m=[32m"_debugBar__modalName_d8a95d"[31m
          [36m>[31m
            [36m<span[31m
              [33maria-hidden[31m=[32m"true"[31m
            [36m>[31m
              [0m🐛[0m
            [36m</span>[31m
            [0m [0m
            [0mexport-progress[0m
          [36m</span>[31m
          [36m<button[31m
            [33maria-busy[31m=[32m"false"[31m
            [33mclass[31m=[32m"_button_0829c1 _button--secondary_0829c1 _button--xs_0829c1 _button--debug_0829c1"[31m
            [33mtitle[31m=[32m"Skopírovať názov modalu"[31m
          [36m>[31m
            [36m<span[31m
              [33maria-hidden[31m=[32m"true"[31m
            [36m>[31m
              [0m📋[0m
            [36m</span>[31m
            [0m copy[0m
          [36m</button>[31m
        [36m</div>[31m
        [36m<div[31m
          [33mclass[31m=[32m"_debugBar__center_d8a95d"[31m
        [36m>[31m
          [36m<span[31m
            [33mclass[31m=[32m"_debugBar__indicator_d8a95d"[31m
          [36m>[31m
            [36m<span[31m
              [33maria-hidden[31m=[32m"true"[31m
            [36m>[31m
              [0m☀️[0m
            [36m</span>[31m
            [0m Light[0m
          [36m</span>[31m
          [36m<span[31m
            [33mclass[31m=[32m"_debugBar__indicator_d8a95d"[31m
          [36m>[31m
            [36m<span[31m
              [33maria-hidden[31m=[32m"true"[31m
            [36m>[31m
              [0m🌐[0m
            [36m</span>[31m
            [0m [0m
            [0mSK[0m
          [36m</span>[31m
          [36m<div[31m
            [33mclass[31m=[32m"_debugBar__timerBox_d8a95d"[31m
          [36m>[31m
            [36m<span[31m
              [33mclass[31m=[32m"_debugBar__timerMain_d8a95d"[31m
            [36m>[31m
              [36m<span[31m
                [33maria-hidden[31m=[32m"true"[31m
              [36m>[31m
                [0m⏱️[0m
              [36m</span>[31m
              [0m [0m
              [0m0.0s[0m
            [36m</span>[31m
            [36m<span[31m
              [33mclass[31m=[32m"_debugBar__timerSub_d8a95d"[31m
            [36m>[31m
              [36m<span[31m
                [33maria-hidden[31m=[32m"true"[31m
              [36m>[31m
                [0m🕐[0m
              [36m</span>[31m
              [0m [0m
              [0m-[0m
            [36m</span>[31m
          [36m</div>[31m
        [36m</div>[31m
        [36m<div[31m
          [33mclass[31m=[32m"_debugBar__right_d8a95d"[31m
        [36m>[31m
          [36m<span[31m
            [33mclass[31m=[32m"_debugBar__counter_d8a95d"[31m
          [36m>[31m
            [36m<span[31m
              [33maria-hidden[31m=[32m"true"[31m
            [36m>[31m
              [0m🖱️[0m
            [36m</span>[31m
            [0m [0m
            [36m<strong>[31m
              [0m0[0m
            [36m</strong>[31m
          [36m</span>[31m
          [36m<span[31m
            [33mclass[31m=[32m"_debugBar__counter_d8a95d"[31m
          [36m>[31m
            [36m<span[31m
              [33maria-hidden[31m=[32m"true"[31m
            [36m>[31m
              [0m⌨️[0m
            [36m</span>[31m
            [0m [0m
            [36m<strong>[31m
              [0m0[0m
            [36m</strong>[31m
          [36m</span>[31m
        [36m</div>[31m
      [36m</div>[31m
      [36m<div[31m
        [33mclass[31m=[32m"_modalHeader_7cc3ba "[31m
        [33mstyle[31m=[32m"cursor: grab; user-select: none;"[31m
      [36m>[31m
        [36m<h2[31m
          [33mclass[31m=[32m"_modalTitle_7cc3ba"[31m
          [33mid[31m=[32m"modal-title"[31m
        [36m>[31m
          [0mSťahujem ZIP...[0m
        [36m</h2>[31m
      [36m</div>[31m
      [36m<div[31m
        [33mclass[31m=[32m"_modalBody_7cc3ba"[31m
      [36m>[31m
        [36m<div>[31m
          [36m<div[31m
            [33mclass[31m=[32m"_progressSection_093629"[31m
          [36m>[31m
            [36m<div[31m
              [33mclass[31m=[32m"_progressInfo_093629"[31m
            [36m>[31m
              [36m<span[31m
                [33mclass[31m=[32m"_progressSize_093629"[31m
              [36m>[31m
                [0m1.00 MB / 2.00 MB[0m
              [36m</span>[31m
              [36m<span[31m
                [33mclass[31m=[32m"_progressPercent_093629"[31m
              [36m>[31m
                [0m45%[0m
              [36m</span>[31m
            [36m</div>[31m
            [36m<div[31m
              [33mclass[31m=[32m"_progressBar_093629"[31m
            [36m>[31m
              [36m<div[31m
                [33mclass[31m=[32m"_progressFill_093629"[31m
                [33mstyle[31m=[32m"width: 45%; transition: width 0.3s ease; animation: none;"[31m
              [36m/>[31m
            [36m</div>[31m
          [36m</div>[31m
          [36m<div[31m
            [33mclass[31m=[32m"_fileSection_093629"[31m
          [36m>[31m
            [36m<p[31m
              [33mclass[31m=[32m"_fileCount_093629"[31m
            [36m>[31m
              [36m<span[31m
                [33maria-hidden[31m=[32m"true"[31m
                [33mrole[31m=[32m"img"[31m
              [36m>[31m
                [0m📎[0m
              [36m</span>[31m
              [0m [0m
              [0m3[0m
              [0m [0m
              [0mpríloh[0m
              [0m na stiahnutie:[0m
            [36m</p>[31m
            [36m<div[31m
              [33mclass[31m=[32m"_fileList_093629"[31m
            [36m>[31m
              [36m<div[31m
                [33mclass[31m=[32m"_fileItem_093629"[31m
              [36m>[31m
                [36m<div[31m
                  [33mclass[31m=[32m"_fileInfo_093629"[31m
                [36m>[31m
                  [36m<div[31m
                    [33mclass[31m=[32m"_fileName_093629"[31m
                  [36m>[31m
                    [36m<span[31m
                      [33maria-hidden[31m=[32m"true"[31m
                      [33mrole[31m=[32m"img"[31m
                    [36m>[31m
                      [0m📄[0m
                    [36m</span>[31m
                    [0m [0m
                    [0mdocument.pdf[0m
                  [36m</div>[31m
                  [36m<div[31m
                    [33mclass[31m=[32m"_fileEntity_093629"[31m
                  [36m>[31m
                    [0mISS-001[0m
                  [36m</div>[31m
                [36m</div>[31m
                [36m<div[31m
                  [33mclass[31m=[32m"_fileSize_093629"[31m
                [36m>[31m
                  [0m2.50 MB[0m
                [36m</div>[31m
              [36m</div>[31m
              [36m<div[31m
                [33mclass[31m=[32m"_fileItem_093629"[31m
              [36m>[31m
                [36m<div[31m
                  [33mclass[31m=[32m"_fileInfo_093629"[31m
                [36m>[31m
                  [36m<div[31m
                    [33mclass[31m=[32m"_fileName_093629"[31m
                  [36m>[31m
                    [36m<span[31m
                      [33maria-hidden[31m=[32m"true"[31m
                      [33mrole[31m=[32m"img"[31m
                    [36m>[31m
                      [0m📄[0m
                    [36m</span>[31m
                    [0m [0m
                    [0mimage.png[0m
                  [36m</div>[31m
                  [36m<div[31m
                    [33mclass[31m=[32m"_fileEntity_093629"[31m
                  [36m>[31m
                    [0mISS-002[0m
                  [36m</div>[31m
                [36m</div>[31m
                [36m<div[31m
                  [33mclass[31m=[32m"_fileSize_093629"[31m
                [36m>[31m
                  [0m512.0 KB[0m
                [36m</div>[31m
              [36m</div>[31m
              [36m<div[31m
                [33mclass[31m=[32m"_fileItem_093629"[31m
              [36m>[31m
                [36m<div[31m
                  [33mclass[31m=[32m"_fileInfo_093629"[31m
                [36m>[31m
                  [36m<div[31m
                    [33mclass[31m=[32m"_fileName_093629"[31m
                  [36m>[31m
                    [36m<span[31m
                      [33maria-hidden[31m=[32m"true"[31m
                      [33mrole[31m=[32m"img"[31m
                    [36m>[31m
                      [0m📄[0m
                    [36m</span>[31m
                    [0m [0m
                    [0mreport.xlsx[0m
                  [36m</div>[31m
                  [36m<div[31m
                    [33mclass[31m=[32m"_fileEntity_093629"[31m
                  [36m>[31m
                    [0mISS-003[0m
                  [36m</div>[31m
                [36m</div>[31m
                [36m<div[31m
                  [33mclass[31m=[32m"_fileSize_093629"[31m
                [36m>[31m
                  [0m1.20 MB[0m
                [36m</div>[31m
              [36m</div>[31m
            [36m</div>[31m
          [36m</div>[31m
        [36m</div>[31m
      [36m</div>[31m
    [36m</div>[31m
  [36m</div>[31m
[36m</body>[31m[39m
   [32m✓[39m ExportProgressModal[2m > [22mRendering[2m > [22mrenders empty state when no files[32m 78[2mms[22m[39m
   [32m✓[39m ExportProgressModal[2m > [22mRendering[2m > [22mrenders cancel button when onCancel provided[32m 67[2mms[22m[39m
   [32m✓[39m ExportProgressModal[2m > [22mRendering[2m > [22mhides cancel button when phase is complete[32m 31[2mms[22m[39m
   [32m✓[39m ExportProgressModal[2m > [22mProps & Variants[2m > [22muses custom title when provided[32m 68[2mms[22m[39m
   [32m✓[39m ExportProgressModal[2m > [22mProps & Variants[2m > [22muses custom healthCheckText when provided[32m 32[2mms[22m[39m
   [32m✓[39m ExportProgressModal[2m > [22mProps & Variants[2m > [22muses custom downloadingText when provided[32m 22[2mms[22m[39m
   [32m✓[39m ExportProgressModal[2m > [22mProps & Variants[2m > [22muses custom processingText when provided[32m 26[2mms[22m[39m
   [32m✓[39m ExportProgressModal[2m > [22mProps & Variants[2m > [22muses custom completeText when provided[32m 46[2mms[22m[39m
   [32m✓[39m ExportProgressModal[2m > [22mProps & Variants[2m > [22muses custom noAttachmentsText when provided[32m 61[2mms[22m[39m
   [32m✓[39m ExportProgressModal[2m > [22mProps & Variants[2m > [22muses custom attachmentsLabel when provided[32m 33[2mms[22m[39m
   [32m✓[39m ExportProgressModal[2m > [22mProps & Variants[2m > [22muses custom cancelText when provided[32m 32[2mms[22m[39m
   [32m✓[39m ExportProgressModal[2m > [22mProps & Variants[2m > [22mdisplays correct format in default downloadingText[32m 26[2mms[22m[39m
   [32m✓[39m ExportProgressModal[2m > [22mProgress Bar[2m > [22mshows determinate progress when totalKnown is true[32m 19[2mms[22m[39m
   [32m✓[39m ExportProgressModal[2m > [22mProgress Bar[2m > [22mshows indeterminate progress when totalKnown is false[32m 49[2mms[22m[39m
   [32m✓[39m ExportProgressModal[2m > [22mProgress Bar[2m > [22mupdates percentage text correctly[32m 47[2mms[22m[39m
   [32m✓[39m ExportProgressModal[2m > [22mProgress Bar[2m > [22mformats bytes correctly (B/KB/MB)[32m 52[2mms[22m[39m
   [32m✓[39m ExportProgressModal[2m > [22mProgress Bar[2m > [22mdisplays 100% when phase is complete[32m 23[2mms[22m[39m
   [32m✓[39m ExportProgressModal[2m > [22mProgress Bar[2m > [22mhides progress bar when phase is healthCheck[32m 22[2mms[22m[39m
   [32m✓[39m ExportProgressModal[2m > [22mFile List[2m > [22mrenders all files in array[32m 69[2mms[22m[39m
[31m   [31m×[31m ExportProgressModal[2m > [22mFile List[2m > [22mdisplays file name, entity code, and size[39m[32m 112[2mms[22m[39m
[31m     → Unable to find an element with the text: 📄 document.pdf. This could be because the text is broken up by multiple elements. In this case, you can provide a function for your text matcher to make your matcher more flexible.

Ignored nodes: comments, script, style
[36m<body[31m
  [33mstyle[31m=[32m"overflow: hidden;"[31m
[36m>[31m
  [36m<div />[31m
  [36m<div[31m
    [33mclass[31m=[32m"_modalOverlay_7cc3ba"[31m
    [33mdata-modal-id[31m=[32m"export-progress"[31m
    [33mdata-modal-overlay[31m=[32m"true"[31m
    [33mstyle[31m=[32m"z-index: 1000; align-items: center; padding: 64px;"[31m
  [36m>[31m
    [36m<div[31m
      [33maria-labelledby[31m=[32m"modal-title"[31m
      [33maria-modal[31m=[32m"true"[31m
      [33mclass[31m=[32m"_modalContainer_7cc3ba _modal--centered_7cc3ba _modal--md_7cc3ba "[31m
      [33mdata-modal-container-id[31m=[32m"export-progress"[31m
      [33mrole[31m=[32m"dialog"[31m
      [33mstyle[31m=[32m"user-select: auto; z-index: 1001;"[31m
      [33mtabindex[31m=[32m"-1"[31m
    [36m>[31m
      [36m<div[31m
        [33mclass[31m=[32m"_debugBar_d8a95d"[31m
      [36m>[31m
        [36m<div[31m
          [33mclass[31m=[32m"_debugBar__left_d8a95d"[31m
        [36m>[31m
          [36m<span[31m
            [33mclass[31m=[32m"_debugBar__modalName_d8a95d"[31m
          [36m>[31m
            [36m<span[31m
              [33maria-hidden[31m=[32m"true"[31m
            [36m>[31m
              [0m🐛[0m
            [36m</span>[31m
            [0m [0m
            [0mexport-progress[0m
          [36m</span>[31m
          [36m<button[31m
            [33maria-busy[31m=[32m"false"[31m
            [33mclass[31m=[32m"_button_0829c1 _button--secondary_0829c1 _button--xs_0829c1 _button--debug_0829c1"[31m
            [33mtitle[31m=[32m"Skopírovať názov modalu"[31m
          [36m>[31m
            [36m<span[31m
              [33maria-hidden[31m=[32m"true"[31m
            [36m>[31m
              [0m📋[0m
            [36m</span>[31m
            [0m copy[0m
          [36m</button>[31m
        [36m</div>[31m
        [36m<div[31m
          [33mclass[31m=[32m"_debugBar__center_d8a95d"[31m
        [36m>[31m
          [36m<span[31m
            [33mclass[31m=[32m"_debugBar__indicator_d8a95d"[31m
          [36m>[31m
            [36m<span[31m
              [33maria-hidden[31m=[32m"true"[31m
            [36m>[31m
              [0m☀️[0m
            [36m</span>[31m
            [0m Light[0m
          [36m</span>[31m
          [36m<span[31m
            [33mclass[31m=[32m"_debugBar__indicator_d8a95d"[31m
          [36m>[31m
            [36m<span[31m
              [33maria-hidden[31m=[32m"true"[31m
            [36m>[31m
              [0m🌐[0m
            [36m</span>[31m
            [0m [0m
            [0mSK[0m
          [36m</span>[31m
          [36m<div[31m
            [33mclass[31m=[32m"_debugBar__timerBox_d8a95d"[31m
          [36m>[31m
            [36m<span[31m
              [33mclass[31m=[32m"_debugBar__timerMain_d8a95d"[31m
            [36m>[31m
              [36m<span[31m
                [33maria-hidden[31m=[32m"true"[31m
              [36m>[31m
                [0m⏱️[0m
              [36m</span>[31m
              [0m [0m
              [0m0.0s[0m
            [36m</span>[31m
            [36m<span[31m
              [33mclass[31m=[32m"_debugBar__timerSub_d8a95d"[31m
            [36m>[31m
              [36m<span[31m
                [33maria-hidden[31m=[32m"true"[31m
              [36m>[31m
                [0m🕐[0m
              [36m</span>[31m
              [0m [0m
              [0m-[0m
            [36m</span>[31m
          [36m</div>[31m
        [36m</div>[31m
        [36m<div[31m
          [33mclass[31m=[32m"_debugBar__right_d8a95d"[31m
        [36m>[31m
          [36m<span[31m
            [33mclass[31m=[32m"_debugBar__counter_d8a95d"[31m
          [36m>[31m
            [36m<span[31m
              [33maria-hidden[31m=[32m"true"[31m
            [36m>[31m
              [0m🖱️[0m
            [36m</span>[31m
            [0m [0m
            [36m<strong>[31m
              [0m0[0m
            [36m</strong>[31m
          [36m</span>[31m
          [36m<span[31m
            [33mclass[31m=[32m"_debugBar__counter_d8a95d"[31m
          [36m>[31m
            [36m<span[31m
              [33maria-hidden[31m=[32m"true"[31m
            [36m>[31m
              [0m⌨️[0m
            [36m</span>[31m
            [0m [0m
            [36m<strong>[31m
              [0m0[0m
            [36m</strong>[31m
          [36m</span>[31m
        [36m</div>[31m
      [36m</div>[31m
      [36m<div[31m
        [33mclass[31m=[32m"_modalHeader_7cc3ba "[31m
        [33mstyle[31m=[32m"cursor: grab; user-select: none;"[31m
      [36m>[31m
        [36m<h2[31m
          [33mclass[31m=[32m"_modalTitle_7cc3ba"[31m
          [33mid[31m=[32m"modal-title"[31m
        [36m>[31m
          [0mSťahujem ZIP...[0m
        [36m</h2>[31m
      [36m</div>[31m
      [36m<div[31m
        [33mclass[31m=[32m"_modalBody_7cc3ba"[31m
      [36m>[31m
        [36m<div>[31m
          [36m<div[31m
            [33mclass[31m=[32m"_progressSection_093629"[31m
          [36m>[31m
            [36m<div[31m
              [33mclass[31m=[32m"_progressInfo_093629"[31m
            [36m>[31m
              [36m<span[31m
                [33mclass[31m=[32m"_progressSize_093629"[31m
              [36m>[31m
                [0m1.00 MB / 2.00 MB[0m
              [36m</span>[31m
              [36m<span[31m
                [33mclass[31m=[32m"_progressPercent_093629"[31m
              [36m>[31m
                [0m45%[0m
              [36m</span>[31m
            [36m</div>[31m
            [36m<div[31m
              [33mclass[31m=[32m"_progressBar_093629"[31m
            [36m>[31m
              [36m<div[31m
                [33mclass[31m=[32m"_progressFill_093629"[31m
                [33mstyle[31m=[32m"width: 45%; transition: width 0.3s ease; animation: none;"[31m
              [36m/>[31m
            [36m</div>[31m
          [36m</div>[31m
          [36m<div[31m
            [33mclass[31m=[32m"_fileSection_093629"[31m
          [36m>[31m
            [36m<p[31m
              [33mclass[31m=[32m"_fileCount_093629"[31m
            [36m>[31m
              [36m<span[31m
                [33maria-hidden[31m=[32m"true"[31m
                [33mrole[31m=[32m"img"[31m
              [36m>[31m
                [0m📎[0m
              [36m</span>[31m
              [0m [0m
              [0m1[0m
              [0m [0m
              [0mpríloha[0m
              [0m na stiahnutie:[0m
            [36m</p>[31m
            [36m<div[31m
              [33mclass[31m=[32m"_fileList_093629"[31m
            [36m>[31m
              [36m<div[31m
                [33mclass[31m=[32m"_fileItem_093629"[31m
              [36m>[31m
                [36m<div[31m
                  [33mclass[31m=[32m"_fileInfo_093629"[31m
                [36m>[31m
                  [36m<div[31m
                    [33mclass[31m=[32m"_fileName_093629"[31m
                  [36m>[31m
                    [36m<span[31m
                      [33maria-hidden[31m=[32m"true"[31m
                      [33mrole[31m=[32m"img"[31m
                    [36m>[31m
                      [0m📄[0m
                    [36m</span>[31m
                    [0m [0m
                    [0mdocument.pdf[0m
                  [36m</div>[31m
                  [36m<div[31m
                    [33mclass[31m=[32m"_fileEntity_093629"[31m
                  [36m>[31m
                    [0mISS-001[0m
                  [36m</div>[31m
                [36m</div>[31m
                [36m<div[31m
                  [33mclass[31m=[32m"_fileSize_093629"[31m
                [36m>[31m
                  [0m2.50 MB[0m
                [36m</div>[31m
              [36m</div>[31m
            [36m</div>[31m
          [36m</div>[31m
        [36m</div>[31m
      [36m</div>[31m
    [36m</div>[31m
  [36m</div>[31m
[36m</body>[31m[39m
   [32m✓[39m ExportProgressModal[2m > [22mFile List[2m > [22mformats file size correctly (B/KB/MB)[32m 102[2mms[22m[39m
   [32m✓[39m ExportProgressModal[2m > [22mFile List[2m > [22mshows "—" when file size is 0[32m 41[2mms[22m[39m
   [32m✓[39m ExportProgressModal[2m > [22mFile List[2m > [22mshows correct attachment count (singular)[32m 123[2mms[22m[39m
   [32m✓[39m ExportProgressModal[2m > [22mFile List[2m > [22mshows correct attachment count (plural)[32m 87[2mms[22m[39m
   [32m✓[39m ExportProgressModal[2m > [22mCancel Functionality[2m > [22mcalls onCancel when cancel button clicked[32m 34[2mms[22m[39m
   [32m✓[39m ExportProgressModal[2m > [22mCancel Functionality[2m > [22mshows cancel button during healthCheck phase[32m 35[2mms[22m[39m
   [32m✓[39m ExportProgressModal[2m > [22mCancel Functionality[2m > [22mshows cancel button during downloading phase[32m 62[2mms[22m[39m
   [32m✓[39m ExportProgressModal[2m > [22mCancel Functionality[2m > [22mshows cancel button during processing phase[32m 20[2mms[22m[39m
   [32m✓[39m ExportProgressModal[2m > [22mCancel Functionality[2m > [22mhides cancel button during complete phase[32m 21[2mms[22m[39m
   [32m✓[39m ExportProgressModal[2m > [22mAccessibility[2m > [22mhas role="dialog"[32m 18[2mms[22m[39m
   [32m✓[39m ExportProgressModal[2m > [22mAccessibility[2m > [22mhas aria-modal="true"[32m 23[2mms[22m[39m
   [32m✓[39m ExportProgressModal[2m > [22mAccessibility[2m > [22mhas aria-labelledby pointing to title[32m 27[2mms[22m[39m
   [32m✓[39m ExportProgressModal[2m > [22mAccessibility[2m > [22mcancel button has accessible label[32m 34[2mms[22m[39m
   [32m✓[39m ExportProgressModal[2m > [22mAccessibility[2m > [22mmodal cannot be closed during export (no close button)[32m 21[2mms[22m[39m
   [32m✓[39m ExportProgressModal[2m > [22mTranslation Support[2m > [22mdisplays Slovak text by default[32m 38[2mms[22m[39m
   [32m✓[39m ExportProgressModal[2m > [22mTranslation Support[2m > [22mswitches to English when language changes[32m 20[2mms[22m[39m
   [32m✓[39m ExportProgressModal[2m > [22mTranslation Support[2m > [22muses default Slovak text for noAttachments when not overridden[32m 54[2mms[22m[39m
   [32m✓[39m ExportProgressModal[2m > [22mTranslation Support[2m > [22muses Slovak plural for 3 attachments[32m 27[2mms[22m[39m
   [32m✓[39m ExportProgressModal[2m > [22mTranslation Support[2m > [22muses Slovak singular for 1 attachment[32m 18[2mms[22m[39m
[90mstdout[2m | src/components/SectionEditModal/SectionEditModal.test.tsx[2m > [22m[2mSectionEditModal[2m > [22m[2mInteractions[2m > [22m[2mClear button shows confirmation modal
[22m[39m[Analytics][Modal][test-modal] Session started: { sessionId: [32m'test-modal-1765549870185'[39m }
[ModalStack] PUSH: test-modal parent: [90mundefined[39m zIndex: [33m1000[39m hasConfirm: [33mtrue[39m stack: [ [32m'test-modal'[39m ]
[Analytics][Modal][confirm-modal-test-modal] Session started: { sessionId: [32m'confirm-modal-test-modal-1765549870238'[39m }
[ModalStack] PUSH: confirm-modal-test-modal parent: test-modal zIndex: [33m1010[39m hasConfirm: [33mtrue[39m stack: [ [32m'test-modal'[39m, [32m'confirm-modal-test-modal'[39m ]

[90mstdout[2m | src/components/SectionEditModal/SectionEditModal.test.tsx[2m > [22m[2mSectionEditModal[2m > [22m[2mInteractions[2m > [22m[2mClear button shows confirmation modal
[22m[39m[ModalStack] POP called: test-modal closeChildren: [33mfalse[39m stack before: [ [32m'test-modal'[39m, [32m'confirm-modal-test-modal'[39m ]
[ModalStack] POP removed: test-modal stack after: [ [32m'confirm-modal-test-modal'[39m ]
[ModalStack] POP called: confirm-modal-test-modal closeChildren: [33mfalse[39m stack before: [ [32m'confirm-modal-test-modal'[39m ]
[ModalStack] POP removed: confirm-modal-test-modal stack after: []

[90mstdout[2m | src/components/SectionEditModal/SectionEditModal.test.tsx[2m > [22m[2mSectionEditModal[2m > [22m[2mInteractions[2m > [22m[2mClear button clears all fields after confirmation (text → "", number → 0)
[22m[39m[Analytics][Modal][test-modal] Session started: { sessionId: [32m'test-modal-1765549870276'[39m }
[ModalStack] PUSH: test-modal parent: [90mundefined[39m zIndex: [33m1000[39m hasConfirm: [33mtrue[39m stack: [ [32m'test-modal'[39m ]
[Analytics][Modal][confirm-modal-test-modal] Session started: { sessionId: [32m'confirm-modal-test-modal-1765549870320'[39m }
[ModalStack] PUSH: confirm-modal-test-modal parent: test-modal zIndex: [33m1010[39m hasConfirm: [33mtrue[39m stack: [ [32m'test-modal'[39m, [32m'confirm-modal-test-modal'[39m ]

[90mstdout[2m | src/components/SectionEditModal/SectionEditModal.test.tsx[2m > [22m[2mSectionEditModal[2m > [22m[2mInteractions[2m > [22m[2mClear button clears all fields after confirmation (text → "", number → 0)
[22m[39m[ModalStack] POP called: confirm-modal-test-modal closeChildren: [33mfalse[39m stack before: [ [32m'test-modal'[39m, [32m'confirm-modal-test-modal'[39m ]
[ModalStack] POP removed: confirm-modal-test-modal stack after: [ [32m'test-modal'[39m ]

[90mstdout[2m | src/components/SectionEditModal/SectionEditModal.test.tsx[2m > [22m[2mSectionEditModal[2m > [22m[2mInteractions[2m > [22m[2mClear button clears all fields after confirmation (text → "", number → 0)
[22m[39m[ModalStack] POP called: test-modal closeChildren: [33mfalse[39m stack before: [ [32m'test-modal'[39m ]
[ModalStack] POP removed: test-modal stack after: []

[90mstderr[2m | src/components/ThemeCustomizer/ThemeCustomizer.test.tsx[2m > [22m[2mThemeCustomizer[2m > [22m[2mLocalStorage Persistence[2m > [22m[2mhandles invalid localStorage gracefully
[22m[39mFailed to load custom settings: SyntaxError: Unexpected token 'i', "invalid-json" is not valid JSON
    at JSON.parse (<anonymous>)
    at loadSettings (L:\system\lkern_codebase_v4_act\packages\ui-components\src\components\ThemeCustomizer\ThemeCustomizer.tsx:154:52)
    at mountStateImpl (l:\system\lkern_codebase_v4_act\node_modules\[4mreact-dom[24m\cjs\react-dom-client.development.js:6355:24)
    at mountState (l:\system\lkern_codebase_v4_act\node_modules\[4mreact-dom[24m\cjs\react-dom-client.development.js:6376:22)
    at Object.useState (l:\system\lkern_codebase_v4_act\node_modules\[4mreact-dom[24m\cjs\react-dom-client.development.js:22784:18)
    at process.env.NODE_ENV.exports.useState (l:\system\lkern_codebase_v4_act\node_modules\[4mreact[24m\cjs\react.development.js:1500:34)
    at ThemeCustomizer (L:\system\lkern_codebase_v4_act\packages\ui-components\src\components\ThemeCustomizer\ThemeCustomizer.tsx:180:47)
    at Object.react-stack-bottom-frame (l:\system\lkern_codebase_v4_act\node_modules\[4mreact-dom[24m\cjs\react-dom-client.development.js:22428:20)
    at renderWithHooks (l:\system\lkern_codebase_v4_act\node_modules\[4mreact-dom[24m\cjs\react-dom-client.development.js:5757:22)
    at updateFunctionComponent (l:\system\lkern_codebase_v4_act\node_modules\[4mreact-dom[24m\cjs\react-dom-client.development.js:8018:19)

[90mstdout[2m | src/components/SectionEditModal/SectionEditModal.test.tsx[2m > [22m[2mSectionEditModal[2m > [22m[2mInteractions[2m > [22m[2mClear button cancel keeps data intact
[22m[39m[Analytics][Modal][test-modal] Session started: { sessionId: [32m'test-modal-1765549870396'[39m }
[ModalStack] PUSH: test-modal parent: [90mundefined[39m zIndex: [33m1000[39m hasConfirm: [33mtrue[39m stack: [ [32m'test-modal'[39m ]
[Analytics][Modal][confirm-modal-test-modal] Session started: { sessionId: [32m'confirm-modal-test-modal-1765549870421'[39m }
[ModalStack] PUSH: confirm-modal-test-modal parent: test-modal zIndex: [33m1010[39m hasConfirm: [33mtrue[39m stack: [ [32m'test-modal'[39m, [32m'confirm-modal-test-modal'[39m ]

[90mstdout[2m | src/components/SectionEditModal/SectionEditModal.test.tsx[2m > [22m[2mSectionEditModal[2m > [22m[2mInteractions[2m > [22m[2mClear button cancel keeps data intact
[22m[39m[ModalStack] POP called: confirm-modal-test-modal closeChildren: [33mfalse[39m stack before: [ [32m'test-modal'[39m, [32m'confirm-modal-test-modal'[39m ]
[ModalStack] POP removed: confirm-modal-test-modal stack after: [ [32m'test-modal'[39m ]

[90mstdout[2m | src/components/SectionEditModal/SectionEditModal.test.tsx[2m > [22m[2mSectionEditModal[2m > [22m[2mInteractions[2m > [22m[2mClear button cancel keeps data intact
[22m[39m[ModalStack] POP called: test-modal closeChildren: [33mfalse[39m stack before: [ [32m'test-modal'[39m ]
[ModalStack] POP removed: test-modal stack after: []

[90mstdout[2m | src/components/SectionEditModal/SectionEditModal.test.tsx[2m > [22m[2mSectionEditModal[2m > [22m[2mValidation[2m > [22m[2mRequired field shows error when empty and user tries to save
[22m[39m[Analytics][Modal][test-modal] Session started: { sessionId: [32m'test-modal-1765549870488'[39m }
[ModalStack] PUSH: test-modal parent: [90mundefined[39m zIndex: [33m1000[39m hasConfirm: [33mtrue[39m stack: [ [32m'test-modal'[39m ]

[90mstdout[2m | src/components/SectionEditModal/SectionEditModal.test.tsx[2m > [22m[2mSectionEditModal[2m > [22m[2mValidation[2m > [22m[2mRequired field shows error when empty and user tries to save
[22m[39m[ModalStack] POP called: test-modal closeChildren: [33mfalse[39m stack before: [ [32m'test-modal'[39m ]
[ModalStack] POP removed: test-modal stack after: []

[90mstdout[2m | src/components/SectionEditModal/SectionEditModal.test.tsx[2m > [22m[2mSectionEditModal[2m > [22m[2mValidation[2m > [22m[2mCustom validation function is called
[22m[39m[Analytics][Modal][test-modal] Session started: { sessionId: [32m'test-modal-1765549870513'[39m }
[ModalStack] PUSH: test-modal parent: [90mundefined[39m zIndex: [33m1000[39m hasConfirm: [33mtrue[39m stack: [ [32m'test-modal'[39m ]

[90mstdout[2m | src/components/SectionEditModal/SectionEditModal.test.tsx[2m > [22m[2mSectionEditModal[2m > [22m[2mValidation[2m > [22m[2mCustom validation function is called
[22m[39m[ModalStack] POP called: test-modal closeChildren: [33mfalse[39m stack before: [ [32m'test-modal'[39m ]
[ModalStack] POP removed: test-modal stack after: []

[90mstdout[2m | src/components/SectionEditModal/SectionEditModal.test.tsx[2m > [22m[2mSectionEditModal[2m > [22m[2mValidation[2m > [22m[2mCustom validation error message is displayed
[22m[39m[Analytics][Modal][test-modal] Session started: { sessionId: [32m'test-modal-1765549870603'[39m }
[ModalStack] PUSH: test-modal parent: [90mundefined[39m zIndex: [33m1000[39m hasConfirm: [33mtrue[39m stack: [ [32m'test-modal'[39m ]

[90mstdout[2m | src/components/SectionEditModal/SectionEditModal.test.tsx[2m > [22m[2mSectionEditModal[2m > [22m[2mValidation[2m > [22m[2mCustom validation error message is displayed
[22m[39m[ModalStack] POP called: test-modal closeChildren: [33mfalse[39m stack before: [ [32m'test-modal'[39m ]
[ModalStack] POP removed: test-modal stack after: []

[90mstdout[2m | src/components/SectionEditModal/SectionEditModal.test.tsx[2m > [22m[2mSectionEditModal[2m > [22m[2mValidation[2m > [22m[2mSave button is disabled when validation errors exist
[22m[39m[Analytics][Modal][test-modal] Session started: { sessionId: [32m'test-modal-1765549870642'[39m }
[ModalStack] PUSH: test-modal parent: [90mundefined[39m zIndex: [33m1000[39m hasConfirm: [33mtrue[39m stack: [ [32m'test-modal'[39m ]

[90mstdout[2m | src/components/SectionEditModal/SectionEditModal.test.tsx[2m > [22m[2mSectionEditModal[2m > [22m[2mValidation[2m > [22m[2mSave button is disabled when validation errors exist
[22m[39m[ModalStack] POP called: test-modal closeChildren: [33mfalse[39m stack before: [ [32m'test-modal'[39m ]
[ModalStack] POP removed: test-modal stack after: []

[90mstdout[2m | src/components/SectionEditModal/SectionEditModal.test.tsx[2m > [22m[2mSectionEditModal[2m > [22m[2mValidation[2m > [22m[2mValidation error clears when field is corrected
[22m[39m[Analytics][Modal][test-modal] Session started: { sessionId: [32m'test-modal-1765549870665'[39m }
[ModalStack] PUSH: test-modal parent: [90mundefined[39m zIndex: [33m1000[39m hasConfirm: [33mtrue[39m stack: [ [32m'test-modal'[39m ]

[90mstdout[2m | src/components/SectionEditModal/SectionEditModal.test.tsx[2m > [22m[2mSectionEditModal[2m > [22m[2mValidation[2m > [22m[2mValidation error clears when field is corrected
[22m[39m[ModalStack] POP called: test-modal closeChildren: [33mfalse[39m stack before: [ [32m'test-modal'[39m ]
[ModalStack] POP removed: test-modal stack after: []

[90mstdout[2m | src/components/SectionEditModal/SectionEditModal.test.tsx[2m > [22m[2mSectionEditModal[2m > [22m[2mKeyboard Navigation[2m > [22m[2mENTER key saves form and closes modal (when no errors)
[22m[39m[Analytics][Modal][test-modal] Session started: { sessionId: [32m'test-modal-1765549870803'[39m }
[ModalStack] PUSH: test-modal parent: [90mundefined[39m zIndex: [33m1000[39m hasConfirm: [33mtrue[39m stack: [ [32m'test-modal'[39m ]

[90mstdout[2m | src/components/SectionEditModal/SectionEditModal.test.tsx[2m > [22m[2mSectionEditModal[2m > [22m[2mKeyboard Navigation[2m > [22m[2mENTER key saves form and closes modal (when no errors)
[22m[39m[ModalStack] POP called: test-modal closeChildren: [33mfalse[39m stack before: [ [32m'test-modal'[39m ]
[ModalStack] POP removed: test-modal stack after: []

[90mstdout[2m | src/components/SectionEditModal/SectionEditModal.test.tsx[2m > [22m[2mSectionEditModal[2m > [22m[2mKeyboard Navigation[2m > [22m[2mENTER key does NOT save when validation errors exist
[22m[39m[Analytics][Modal][test-modal] Session started: { sessionId: [32m'test-modal-1765549870907'[39m }
[ModalStack] PUSH: test-modal parent: [90mundefined[39m zIndex: [33m1000[39m hasConfirm: [33mtrue[39m stack: [ [32m'test-modal'[39m ]

[90mstdout[2m | src/components/SectionEditModal/SectionEditModal.test.tsx[2m > [22m[2mSectionEditModal[2m > [22m[2mKeyboard Navigation[2m > [22m[2mENTER key does NOT save when validation errors exist
[22m[39m[ModalStack] POP called: test-modal closeChildren: [33mfalse[39m stack before: [ [32m'test-modal'[39m ]
[ModalStack] POP removed: test-modal stack after: []

[90mstdout[2m | src/components/SectionEditModal/SectionEditModal.test.tsx[2m > [22m[2mSectionEditModal[2m > [22m[2mKeyboard Navigation[2m > [22m[2mESC key shows confirmation if form is dirty
[22m[39m[Analytics][Modal][test-modal] Session started: { sessionId: [32m'test-modal-1765549870983'[39m }
[ModalStack] PUSH: test-modal parent: [90mundefined[39m zIndex: [33m1000[39m hasConfirm: [33mtrue[39m stack: [ [32m'test-modal'[39m ]
[Analytics][Modal][confirm-modal-test-modal] Session started: { sessionId: [32m'confirm-modal-test-modal-1765549871014'[39m }
[ModalStack] PUSH: confirm-modal-test-modal parent: test-modal zIndex: [33m1010[39m hasConfirm: [33mtrue[39m stack: [ [32m'test-modal'[39m, [32m'confirm-modal-test-modal'[39m ]

[90mstdout[2m | src/components/SectionEditModal/SectionEditModal.test.tsx[2m > [22m[2mSectionEditModal[2m > [22m[2mKeyboard Navigation[2m > [22m[2mESC key shows confirmation if form is dirty
[22m[39m[ModalStack] POP called: test-modal closeChildren: [33mfalse[39m stack before: [ [32m'test-modal'[39m, [32m'confirm-modal-test-modal'[39m ]
[ModalStack] POP removed: test-modal stack after: [ [32m'confirm-modal-test-modal'[39m ]
[ModalStack] POP called: confirm-modal-test-modal closeChildren: [33mfalse[39m stack before: [ [32m'confirm-modal-test-modal'[39m ]
[ModalStack] POP removed: confirm-modal-test-modal stack after: []

[90mstdout[2m | src/components/SectionEditModal/SectionEditModal.test.tsx[2m > [22m[2mSectionEditModal[2m > [22m[2mKeyboard Navigation[2m > [22m[2mESC key closes immediately if form is clean
[22m[39m[Analytics][Modal][test-modal] Session started: { sessionId: [32m'test-modal-1765549871063'[39m }
[ModalStack] PUSH: test-modal parent: [90mundefined[39m zIndex: [33m1000[39m hasConfirm: [33mtrue[39m stack: [ [32m'test-modal'[39m ]

[90mstdout[2m | src/components/SectionEditModal/SectionEditModal.test.tsx[2m > [22m[2mSectionEditModal[2m > [22m[2mKeyboard Navigation[2m > [22m[2mESC key closes immediately if form is clean
[22m[39m[ModalStack] POP called: test-modal closeChildren: [33mfalse[39m stack before: [ [32m'test-modal'[39m ]
[ModalStack] POP removed: test-modal stack after: []

[90mstdout[2m | src/components/SectionEditModal/SectionEditModal.test.tsx[2m > [22m[2mSectionEditModal[2m > [22m[2mDirty State Tracking[2m > [22m[2misDirty = false initially (form clean)
[22m[39m[Analytics][Modal][test-modal] Session started: { sessionId: [32m'test-modal-1765549871089'[39m }
[ModalStack] PUSH: test-modal parent: [90mundefined[39m zIndex: [33m1000[39m hasConfirm: [33mtrue[39m stack: [ [32m'test-modal'[39m ]

[90mstdout[2m | src/components/SectionEditModal/SectionEditModal.test.tsx[2m > [22m[2mSectionEditModal[2m > [22m[2mDirty State Tracking[2m > [22m[2misDirty = false initially (form clean)
[22m[39m[ModalStack] POP called: test-modal closeChildren: [33mfalse[39m stack before: [ [32m'test-modal'[39m ]
[ModalStack] POP removed: test-modal stack after: []

[90mstdout[2m | src/components/SectionEditModal/SectionEditModal.test.tsx[2m > [22m[2mSectionEditModal[2m > [22m[2mDirty State Tracking[2m > [22m[2misDirty = true after user changes any field
[22m[39m[Analytics][Modal][test-modal] Session started: { sessionId: [32m'test-modal-1765549871139'[39m }
[ModalStack] PUSH: test-modal parent: [90mundefined[39m zIndex: [33m1000[39m hasConfirm: [33mtrue[39m stack: [ [32m'test-modal'[39m ]
[Analytics][Modal][confirm-modal-test-modal] Session started: { sessionId: [32m'confirm-modal-test-modal-1765549871170'[39m }
[ModalStack] PUSH: confirm-modal-test-modal parent: test-modal zIndex: [33m1010[39m hasConfirm: [33mtrue[39m stack: [ [32m'test-modal'[39m, [32m'confirm-modal-test-modal'[39m ]

[90mstdout[2m | src/components/SectionEditModal/SectionEditModal.test.tsx[2m > [22m[2mSectionEditModal[2m > [22m[2mDirty State Tracking[2m > [22m[2misDirty = true after user changes any field
[22m[39m[ModalStack] POP called: test-modal closeChildren: [33mfalse[39m stack before: [ [32m'test-modal'[39m, [32m'confirm-modal-test-modal'[39m ]
[ModalStack] POP removed: test-modal stack after: [ [32m'confirm-modal-test-modal'[39m ]
[ModalStack] POP called: confirm-modal-test-modal closeChildren: [33mfalse[39m stack before: [ [32m'confirm-modal-test-modal'[39m ]
[ModalStack] POP removed: confirm-modal-test-modal stack after: []

[90mstdout[2m | src/components/SectionEditModal/SectionEditModal.test.tsx[2m > [22m[2mSectionEditModal[2m > [22m[2mDirty State Tracking[2m > [22m[2misDirty = false after save and reopen with same data
[22m[39m[Analytics][Modal][test-modal] Session started: { sessionId: [32m'test-modal-1765549871222'[39m }
[ModalStack] PUSH: test-modal parent: [90mundefined[39m zIndex: [33m1000[39m hasConfirm: [33mtrue[39m stack: [ [32m'test-modal'[39m ]
[ModalStack] POP called: test-modal closeChildren: [33mfalse[39m stack before: [ [32m'test-modal'[39m ]
[ModalStack] POP removed: test-modal stack after: []
[Analytics][Modal][test-modal] Session started: { sessionId: [32m'test-modal-1765549871258'[39m }
[ModalStack] PUSH: test-modal parent: [90mundefined[39m zIndex: [33m1000[39m hasConfirm: [33mtrue[39m stack: [ [32m'test-modal'[39m ]

[90mstdout[2m | src/components/SectionEditModal/SectionEditModal.test.tsx[2m > [22m[2mSectionEditModal[2m > [22m[2mDirty State Tracking[2m > [22m[2misDirty = false after save and reopen with same data
[22m[39m[ModalStack] POP called: test-modal closeChildren: [33mfalse[39m stack before: [ [32m'test-modal'[39m ]
[ModalStack] POP removed: test-modal stack after: []

[90mstdout[2m | src/components/SectionEditModal/SectionEditModal.test.tsx[2m > [22m[2mSectionEditModal[2m > [22m[2mDirty State Tracking[2m > [22m[2misDirty = false after clear and reopen
[22m[39m[Analytics][Modal][test-modal] Session started: { sessionId: [32m'test-modal-1765549871289'[39m }
[ModalStack] PUSH: test-modal parent: [90mundefined[39m zIndex: [33m1000[39m hasConfirm: [33mtrue[39m stack: [ [32m'test-modal'[39m ]
[Analytics][Modal][confirm-modal-test-modal] Session started: { sessionId: [32m'confirm-modal-test-modal-1765549871308'[39m }
[ModalStack] PUSH: confirm-modal-test-modal parent: test-modal zIndex: [33m1010[39m hasConfirm: [33mtrue[39m stack: [ [32m'test-modal'[39m, [32m'confirm-modal-test-modal'[39m ]

[90mstdout[2m | src/components/SectionEditModal/SectionEditModal.test.tsx[2m > [22m[2mSectionEditModal[2m > [22m[2mDirty State Tracking[2m > [22m[2misDirty = false after clear and reopen
[22m[39m[ModalStack] POP called: confirm-modal-test-modal closeChildren: [33mfalse[39m stack before: [ [32m'test-modal'[39m, [32m'confirm-modal-test-modal'[39m ]
[ModalStack] POP removed: confirm-modal-test-modal stack after: [ [32m'test-modal'[39m ]
[ModalStack] POP called: test-modal closeChildren: [33mfalse[39m stack before: [ [32m'test-modal'[39m ]
[ModalStack] POP removed: test-modal stack after: []
[Analytics][Modal][test-modal] Session started: { sessionId: [32m'test-modal-1765549871341'[39m }
[ModalStack] PUSH: test-modal parent: [90mundefined[39m zIndex: [33m1000[39m hasConfirm: [33mtrue[39m stack: [ [32m'test-modal'[39m ]

[90mstdout[2m | src/components/SectionEditModal/SectionEditModal.test.tsx[2m > [22m[2mSectionEditModal[2m > [22m[2mDirty State Tracking[2m > [22m[2misDirty = false after clear and reopen
[22m[39m[ModalStack] POP called: test-modal closeChildren: [33mfalse[39m stack before: [ [32m'test-modal'[39m ]
[ModalStack] POP removed: test-modal stack after: []

[90mstdout[2m | src/components/SectionEditModal/SectionEditModal.test.tsx[2m > [22m[2mSectionEditModal[2m > [22m[2mDirty State Tracking[2m > [22m[2mCancel shows confirmation only when isDirty = true
[22m[39m[Analytics][Modal][test-modal] Session started: { sessionId: [32m'test-modal-1765549871428'[39m }
[ModalStack] PUSH: test-modal parent: [90mundefined[39m zIndex: [33m1000[39m hasConfirm: [33mtrue[39m stack: [ [32m'test-modal'[39m ]
[Analytics][Modal][confirm-modal-test-modal] Session started: { sessionId: [32m'confirm-modal-test-modal-1765549871523'[39m }
[ModalStack] PUSH: confirm-modal-test-modal parent: test-modal zIndex: [33m1010[39m hasConfirm: [33mtrue[39m stack: [ [32m'test-modal'[39m, [32m'confirm-modal-test-modal'[39m ]

[90mstdout[2m | src/components/SectionEditModal/SectionEditModal.test.tsx[2m > [22m[2mSectionEditModal[2m > [22m[2mDirty State Tracking[2m > [22m[2mCancel shows confirmation only when isDirty = true
[22m[39m[ModalStack] POP called: test-modal closeChildren: [33mfalse[39m stack before: [ [32m'test-modal'[39m, [32m'confirm-modal-test-modal'[39m ]
[ModalStack] POP removed: test-modal stack after: [ [32m'confirm-modal-test-modal'[39m ]
[ModalStack] POP called: confirm-modal-test-modal closeChildren: [33mfalse[39m stack before: [ [32m'confirm-modal-test-modal'[39m ]
[ModalStack] POP removed: confirm-modal-test-modal stack after: []

[90mstdout[2m | src/components/SectionEditModal/SectionEditModal.test.tsx[2m > [22m[2mSectionEditModal[2m > [22m[2mData Persistence[2m > [22m[2mData persists after save and modal reopen
[22m[39m[Analytics][Modal][test-modal] Session started: { sessionId: [32m'test-modal-1765549871580'[39m }
[ModalStack] PUSH: test-modal parent: [90mundefined[39m zIndex: [33m1000[39m hasConfirm: [33mtrue[39m stack: [ [32m'test-modal'[39m ]

[90mstdout[2m | src/components/SectionEditModal/SectionEditModal.test.tsx[2m > [22m[2mSectionEditModal[2m > [22m[2mData Persistence[2m > [22m[2mData persists after save and modal reopen
[22m[39m[ModalStack] POP called: test-modal closeChildren: [33mfalse[39m stack before: [ [32m'test-modal'[39m ]
[ModalStack] POP removed: test-modal stack after: []
[Analytics][Modal][test-modal] Session started: { sessionId: [32m'test-modal-1765549871606'[39m }
[ModalStack] PUSH: test-modal parent: [90mundefined[39m zIndex: [33m1000[39m hasConfirm: [33mtrue[39m stack: [ [32m'test-modal'[39m ]

[90mstdout[2m | src/components/SectionEditModal/SectionEditModal.test.tsx[2m > [22m[2mSectionEditModal[2m > [22m[2mData Persistence[2m > [22m[2mData persists after save and modal reopen
[22m[39m[ModalStack] POP called: test-modal closeChildren: [33mfalse[39m stack before: [ [32m'test-modal'[39m ]
[ModalStack] POP removed: test-modal stack after: []

[90mstdout[2m | src/components/SectionEditModal/SectionEditModal.test.tsx[2m > [22m[2mSectionEditModal[2m > [22m[2mData Persistence[2m > [22m[2mForm resets to initialData when modal opens
[22m[39m[Analytics][Modal][test-modal] Session started: { sessionId: [32m'test-modal-1765549871649'[39m }
[ModalStack] PUSH: test-modal parent: [90mundefined[39m zIndex: [33m1000[39m hasConfirm: [33mtrue[39m stack: [ [32m'test-modal'[39m ]

[90mstdout[2m | src/components/SectionEditModal/SectionEditModal.test.tsx[2m > [22m[2mSectionEditModal[2m > [22m[2mData Persistence[2m > [22m[2mForm resets to initialData when modal opens
[22m[39m[ModalStack] POP called: test-modal closeChildren: [33mfalse[39m stack before: [ [32m'test-modal'[39m ]
[ModalStack] POP removed: test-modal stack after: []

[90mstdout[2m | src/components/SectionEditModal/SectionEditModal.test.tsx[2m > [22m[2mSectionEditModal[2m > [22m[2mData Persistence[2m > [22m[2minitialData prop update triggers form reset
[22m[39m[Analytics][Modal][test-modal] Session started: { sessionId: [32m'test-modal-1765549871663'[39m }
[ModalStack] PUSH: test-modal parent: [90mundefined[39m zIndex: [33m1000[39m hasConfirm: [33mtrue[39m stack: [ [32m'test-modal'[39m ]

[90mstdout[2m | src/components/SectionEditModal/SectionEditModal.test.tsx[2m > [22m[2mSectionEditModal[2m > [22m[2mData Persistence[2m > [22m[2minitialData prop update triggers form reset
[22m[39m[ModalStack] POP called: test-modal closeChildren: [33mfalse[39m stack before: [ [32m'test-modal'[39m ]
[ModalStack] POP removed: test-modal stack after: []

[90mstdout[2m | src/components/SectionEditModal/SectionEditModal.test.tsx[2m > [22m[2mSectionEditModal[2m > [22m[2mData Persistence[2m > [22m[2mformData state updates when user edits fields
[22m[39m[Analytics][Modal][test-modal] Session started: { sessionId: [32m'test-modal-1765549871688'[39m }
[ModalStack] PUSH: test-modal parent: [90mundefined[39m zIndex: [33m1000[39m hasConfirm: [33mtrue[39m stack: [ [32m'test-modal'[39m ]

[90mstdout[2m | src/components/SectionEditModal/SectionEditModal.test.tsx[2m > [22m[2mSectionEditModal[2m > [22m[2mData Persistence[2m > [22m[2mformData state updates when user edits fields
[22m[39m[ModalStack] POP called: test-modal closeChildren: [33mfalse[39m stack before: [ [32m'test-modal'[39m ]
[ModalStack] POP removed: test-modal stack after: []

[90mstdout[2m | src/components/SectionEditModal/SectionEditModal.test.tsx[2m > [22m[2mSectionEditModal[2m > [22m[2mData Persistence[2m > [22m[2minitialFormData updates when modal opens (fixes dirty tracking)
[22m[39m[Analytics][Modal][test-modal] Session started: { sessionId: [32m'test-modal-1765549871719'[39m }
[ModalStack] PUSH: test-modal parent: [90mundefined[39m zIndex: [33m1000[39m hasConfirm: [33mtrue[39m stack: [ [32m'test-modal'[39m ]

[90mstdout[2m | src/components/SectionEditModal/SectionEditModal.test.tsx[2m > [22m[2mSectionEditModal[2m > [22m[2mData Persistence[2m > [22m[2minitialFormData updates when modal opens (fixes dirty tracking)
[22m[39m[ModalStack] POP called: test-modal closeChildren: [33mfalse[39m stack before: [ [32m'test-modal'[39m ]
[ModalStack] POP removed: test-modal stack after: []

[90mstdout[2m | src/components/SectionEditModal/SectionEditModal.test.tsx[2m > [22m[2mSectionEditModal[2m > [22m[2mTranslation Support[2m > [22m[2mClear button displays Slovak text by default
[22m[39m[Analytics][Modal][test-modal] Session started: { sessionId: [32m'test-modal-1765549871737'[39m }
[ModalStack] PUSH: test-modal parent: [90mundefined[39m zIndex: [33m1000[39m hasConfirm: [33mtrue[39m stack: [ [32m'test-modal'[39m ]

[90mstdout[2m | src/components/SectionEditModal/SectionEditModal.test.tsx[2m > [22m[2mSectionEditModal[2m > [22m[2mTranslation Support[2m > [22m[2mClear button displays Slovak text by default
[22m[39m[ModalStack] POP called: test-modal closeChildren: [33mfalse[39m stack before: [ [32m'test-modal'[39m ]
[ModalStack] POP removed: test-modal stack after: []

[90mstdout[2m | src/components/SectionEditModal/SectionEditModal.test.tsx[2m > [22m[2mSectionEditModal[2m > [22m[2mTranslation Support[2m > [22m[2mClear button displays English text when language = en
[22m[39m[Analytics][Modal][test-modal] Session started: { sessionId: [32m'test-modal-1765549871761'[39m }
[ModalStack] PUSH: test-modal parent: [90mundefined[39m zIndex: [33m1000[39m hasConfirm: [33mtrue[39m stack: [ [32m'test-modal'[39m ]

[90mstdout[2m | src/components/SectionEditModal/SectionEditModal.test.tsx[2m > [22m[2mSectionEditModal[2m > [22m[2mTranslation Support[2m > [22m[2mClear button displays English text when language = en
[22m[39m[ModalStack] POP called: test-modal closeChildren: [33mfalse[39m stack before: [ [32m'test-modal'[39m ]
[ModalStack] POP removed: test-modal stack after: []

[90mstdout[2m | src/components/SectionEditModal/SectionEditModal.test.tsx[2m > [22m[2mSectionEditModal[2m > [22m[2mTranslation Support[2m > [22m[2mClear confirmation modal displays Slovak text by default
[22m[39m[Analytics][Modal][test-modal] Session started: { sessionId: [32m'test-modal-1765549871808'[39m }
[ModalStack] PUSH: test-modal parent: [90mundefined[39m zIndex: [33m1000[39m hasConfirm: [33mtrue[39m stack: [ [32m'test-modal'[39m ]
[Analytics][Modal][confirm-modal-test-modal] Session started: { sessionId: [32m'confirm-modal-test-modal-1765549871913'[39m }
[ModalStack] PUSH: confirm-modal-test-modal parent: test-modal zIndex: [33m1010[39m hasConfirm: [33mtrue[39m stack: [ [32m'test-modal'[39m, [32m'confirm-modal-test-modal'[39m ]

[90mstdout[2m | src/components/SectionEditModal/SectionEditModal.test.tsx[2m > [22m[2mSectionEditModal[2m > [22m[2mTranslation Support[2m > [22m[2mClear confirmation modal displays Slovak text by default
[22m[39m[ModalStack] POP called: test-modal closeChildren: [33mfalse[39m stack before: [ [32m'test-modal'[39m, [32m'confirm-modal-test-modal'[39m ]
[ModalStack] POP removed: test-modal stack after: [ [32m'confirm-modal-test-modal'[39m ]
[ModalStack] POP called: confirm-modal-test-modal closeChildren: [33mfalse[39m stack before: [ [32m'confirm-modal-test-modal'[39m ]
[ModalStack] POP removed: confirm-modal-test-modal stack after: []

[90mstdout[2m | src/components/SectionEditModal/SectionEditModal.test.tsx[2m > [22m[2mSectionEditModal[2m > [22m[2mTranslation Support[2m > [22m[2mClear confirmation modal displays English text when language = en
[22m[39m[Analytics][Modal][test-modal] Session started: { sessionId: [32m'test-modal-1765549872043'[39m }
[ModalStack] PUSH: test-modal parent: [90mundefined[39m zIndex: [33m1000[39m hasConfirm: [33mtrue[39m stack: [ [32m'test-modal'[39m ]
[Analytics][Modal][confirm-modal-test-modal] Session started: { sessionId: [32m'confirm-modal-test-modal-1765549872095'[39m }
[ModalStack] PUSH: confirm-modal-test-modal parent: test-modal zIndex: [33m1010[39m hasConfirm: [33mtrue[39m stack: [ [32m'test-modal'[39m, [32m'confirm-modal-test-modal'[39m ]

[90mstdout[2m | src/components/SectionEditModal/SectionEditModal.test.tsx[2m > [22m[2mSectionEditModal[2m > [22m[2mTranslation Support[2m > [22m[2mClear confirmation modal displays English text when language = en
[22m[39m[ModalStack] POP called: test-modal closeChildren: [33mfalse[39m stack before: [ [32m'test-modal'[39m, [32m'confirm-modal-test-modal'[39m ]
[ModalStack] POP removed: test-modal stack after: [ [32m'confirm-modal-test-modal'[39m ]
[ModalStack] POP called: confirm-modal-test-modal closeChildren: [33mfalse[39m stack before: [ [32m'confirm-modal-test-modal'[39m ]
[ModalStack] POP removed: confirm-modal-test-modal stack after: []

[90mstdout[2m | src/components/SectionEditModal/SectionEditModal.test.tsx[2m > [22m[2mSectionEditModal[2m > [22m[2mTranslation Support[2m > [22m[2mUnsaved changes confirmation appears when form is dirty (Slovak)
[22m[39m[Analytics][Modal][test-modal] Session started: { sessionId: [32m'test-modal-1765549872148'[39m }
[ModalStack] PUSH: test-modal parent: [90mundefined[39m zIndex: [33m1000[39m hasConfirm: [33mtrue[39m stack: [ [32m'test-modal'[39m ]
[Analytics][Modal][confirm-modal-test-modal] Session started: { sessionId: [32m'confirm-modal-test-modal-1765549872164'[39m }
[ModalStack] PUSH: confirm-modal-test-modal parent: test-modal zIndex: [33m1010[39m hasConfirm: [33mtrue[39m stack: [ [32m'test-modal'[39m, [32m'confirm-modal-test-modal'[39m ]

[90mstdout[2m | src/components/SectionEditModal/SectionEditModal.test.tsx[2m > [22m[2mSectionEditModal[2m > [22m[2mTranslation Support[2m > [22m[2mUnsaved changes confirmation appears when form is dirty (Slovak)
[22m[39m[ModalStack] POP called: test-modal closeChildren: [33mfalse[39m stack before: [ [32m'test-modal'[39m, [32m'confirm-modal-test-modal'[39m ]
[ModalStack] POP removed: test-modal stack after: [ [32m'confirm-modal-test-modal'[39m ]
[ModalStack] POP called: confirm-modal-test-modal closeChildren: [33mfalse[39m stack before: [ [32m'confirm-modal-test-modal'[39m ]
[ModalStack] POP removed: confirm-modal-test-modal stack after: []

[90mstdout[2m | src/components/SectionEditModal/SectionEditModal.test.tsx[2m > [22m[2mSectionEditModal[2m > [22m[2mTranslation Support[2m > [22m[2mUnsaved changes confirmation appears when form is dirty (English)
[22m[39m[Analytics][Modal][test-modal] Session started: { sessionId: [32m'test-modal-1765549872219'[39m }
[ModalStack] PUSH: test-modal parent: [90mundefined[39m zIndex: [33m1000[39m hasConfirm: [33mtrue[39m stack: [ [32m'test-modal'[39m ]
[Analytics][Modal][confirm-modal-test-modal] Session started: { sessionId: [32m'confirm-modal-test-modal-1765549872275'[39m }
[ModalStack] PUSH: confirm-modal-test-modal parent: test-modal zIndex: [33m1010[39m hasConfirm: [33mtrue[39m stack: [ [32m'test-modal'[39m, [32m'confirm-modal-test-modal'[39m ]

[90mstdout[2m | src/components/SectionEditModal/SectionEditModal.test.tsx[2m > [22m[2mSectionEditModal[2m > [22m[2mTranslation Support[2m > [22m[2mUnsaved changes confirmation appears when form is dirty (English)
[22m[39m[ModalStack] POP called: test-modal closeChildren: [33mfalse[39m stack before: [ [32m'test-modal'[39m, [32m'confirm-modal-test-modal'[39m ]
[ModalStack] POP removed: test-modal stack after: [ [32m'confirm-modal-test-modal'[39m ]
[ModalStack] POP called: confirm-modal-test-modal closeChildren: [33mfalse[39m stack before: [ [32m'confirm-modal-test-modal'[39m ]
[ModalStack] POP removed: confirm-modal-test-modal stack after: []

[90mstdout[2m | src/components/SectionEditModal/SectionEditModal.test.tsx[2m > [22m[2mSectionEditModal[2m > [22m[2mProps & Variants[2m > [22m[2mrenders with size="sm"
[22m[39m[Analytics][Modal][test-modal] Session started: { sessionId: [32m'test-modal-1765549872305'[39m }
[ModalStack] PUSH: test-modal parent: [90mundefined[39m zIndex: [33m1000[39m hasConfirm: [33mtrue[39m stack: [ [32m'test-modal'[39m ]

[90mstdout[2m | src/components/SectionEditModal/SectionEditModal.test.tsx[2m > [22m[2mSectionEditModal[2m > [22m[2mProps & Variants[2m > [22m[2mrenders with size="sm"
[22m[39m[ModalStack] POP called: test-modal closeChildren: [33mfalse[39m stack before: [ [32m'test-modal'[39m ]
[ModalStack] POP removed: test-modal stack after: []

 [32m✓[39m src/components/ConfirmModal/ConfirmModal.test.tsx [2m([22m[2m15 tests[22m[2m)[22m[33m 4536[2mms[22m[39m
   [33m[2m✓[22m[39m ConfirmModal[2m > [22mrenders simple mode correctly [33m 426[2mms[22m[39m
   [33m[2m✓[22m[39m ConfirmModal[2m > [22mdanger mode confirms when keyword correct [33m 1189[2mms[22m[39m
   [33m[2m✓[22m[39m ConfirmModal[2m > [22mclears error on input change [33m 1265[2mms[22m[39m
[90mstdout[2m | src/components/SectionEditModal/SectionEditModal.test.tsx[2m > [22m[2mSectionEditModal[2m > [22m[2mProps & Variants[2m > [22m[2mrenders with size="md" (default)
[22m[39m[Analytics][Modal][test-modal] Session started: { sessionId: [32m'test-modal-1765549872340'[39m }
[ModalStack] PUSH: test-modal parent: [90mundefined[39m zIndex: [33m1000[39m hasConfirm: [33mtrue[39m stack: [ [32m'test-modal'[39m ]

[90mstdout[2m | src/components/SectionEditModal/SectionEditModal.test.tsx[2m > [22m[2mSectionEditModal[2m > [22m[2mProps & Variants[2m > [22m[2mrenders with size="md" (default)
[22m[39m[ModalStack] POP called: test-modal closeChildren: [33mfalse[39m stack before: [ [32m'test-modal'[39m ]
[ModalStack] POP removed: test-modal stack after: []

[90mstdout[2m | src/components/SectionEditModal/SectionEditModal.test.tsx[2m > [22m[2mSectionEditModal[2m > [22m[2mProps & Variants[2m > [22m[2mrenders with size="lg"
[22m[39m[Analytics][Modal][test-modal] Session started: { sessionId: [32m'test-modal-1765549872364'[39m }
[ModalStack] PUSH: test-modal parent: [90mundefined[39m zIndex: [33m1000[39m hasConfirm: [33mtrue[39m stack: [ [32m'test-modal'[39m ]

[90mstdout[2m | src/components/SectionEditModal/SectionEditModal.test.tsx[2m > [22m[2mSectionEditModal[2m > [22m[2mProps & Variants[2m > [22m[2mrenders with size="lg"
[22m[39m[ModalStack] POP called: test-modal closeChildren: [33mfalse[39m stack before: [ [32m'test-modal'[39m ]
[ModalStack] POP removed: test-modal stack after: []

[90mstdout[2m | src/components/SectionEditModal/SectionEditModal.test.tsx[2m > [22m[2mSectionEditModal[2m > [22m[2mProps & Variants[2m > [22m[2muses custom saveText when provided
[22m[39m[Analytics][Modal][test-modal] Session started: { sessionId: [32m'test-modal-1765549872378'[39m }
[ModalStack] PUSH: test-modal parent: [90mundefined[39m zIndex: [33m1000[39m hasConfirm: [33mtrue[39m stack: [ [32m'test-modal'[39m ]

[90mstdout[2m | src/components/SectionEditModal/SectionEditModal.test.tsx[2m > [22m[2mSectionEditModal[2m > [22m[2mProps & Variants[2m > [22m[2muses custom saveText when provided
[22m[39m[ModalStack] POP called: test-modal closeChildren: [33mfalse[39m stack before: [ [32m'test-modal'[39m ]
[ModalStack] POP removed: test-modal stack after: []

[90mstdout[2m | src/components/SectionEditModal/SectionEditModal.test.tsx[2m > [22m[2mSectionEditModal[2m > [22m[2mProps & Variants[2m > [22m[2muses custom cancelText when provided
[22m[39m[Analytics][Modal][test-modal] Session started: { sessionId: [32m'test-modal-1765549872392'[39m }
[ModalStack] PUSH: test-modal parent: [90mundefined[39m zIndex: [33m1000[39m hasConfirm: [33mtrue[39m stack: [ [32m'test-modal'[39m ]

[90mstdout[2m | src/components/SectionEditModal/SectionEditModal.test.tsx[2m > [22m[2mSectionEditModal[2m > [22m[2mProps & Variants[2m > [22m[2muses custom cancelText when provided
[22m[39m[ModalStack] POP called: test-modal closeChildren: [33mfalse[39m stack before: [ [32m'test-modal'[39m ]
[ModalStack] POP removed: test-modal stack after: []

[90mstdout[2m | src/components/SectionEditModal/SectionEditModal.test.tsx[2m > [22m[2mSectionEditModal[2m > [22m[2mProps & Variants[2m > [22m[2msupports parentModalId for nested modals
[22m[39m[Analytics][Modal][test-modal] Session started: { sessionId: [32m'test-modal-1765549872406'[39m }
[ModalStack] PUSH: test-modal parent: parent-modal zIndex: [33m1000[39m hasConfirm: [33mtrue[39m stack: [ [32m'test-modal'[39m ]

[90mstdout[2m | src/components/SectionEditModal/SectionEditModal.test.tsx[2m > [22m[2mSectionEditModal[2m > [22m[2mProps & Variants[2m > [22m[2msupports parentModalId for nested modals
[22m[39m[ModalStack] POP called: test-modal closeChildren: [33mfalse[39m stack before: [ [32m'test-modal'[39m ]
[ModalStack] POP removed: test-modal stack after: []

[90mstdout[2m | src/components/SectionEditModal/SectionEditModal.test.tsx[2m > [22m[2mSectionEditModal[2m > [22m[2mProps & Variants[2m > [22m[2mvalidates field with pattern attribute
[22m[39m[Analytics][Modal][test-modal] Session started: { sessionId: [32m'test-modal-1765549872423'[39m }
[ModalStack] PUSH: test-modal parent: [90mundefined[39m zIndex: [33m1000[39m hasConfirm: [33mtrue[39m stack: [ [32m'test-modal'[39m ]

[90mstdout[2m | src/components/SectionEditModal/SectionEditModal.test.tsx[2m > [22m[2mSectionEditModal[2m > [22m[2mProps & Variants[2m > [22m[2mvalidates field with pattern attribute
[22m[39m[ModalStack] POP called: test-modal closeChildren: [33mfalse[39m stack before: [ [32m'test-modal'[39m ]
[ModalStack] POP removed: test-modal stack after: []

[90mstdout[2m | src/components/SectionEditModal/SectionEditModal.test.tsx[2m > [22m[2mSectionEditModal[2m > [22m[2mProps & Variants[2m > [22m[2mvalidates number field with min attribute
[22m[39m[Analytics][Modal][test-modal] Session started: { sessionId: [32m'test-modal-1765549872443'[39m }
[ModalStack] PUSH: test-modal parent: [90mundefined[39m zIndex: [33m1000[39m hasConfirm: [33mtrue[39m stack: [ [32m'test-modal'[39m ]

[90mstdout[2m | src/components/SectionEditModal/SectionEditModal.test.tsx[2m > [22m[2mSectionEditModal[2m > [22m[2mProps & Variants[2m > [22m[2mvalidates number field with min attribute
[22m[39m[ModalStack] POP called: test-modal closeChildren: [33mfalse[39m stack before: [ [32m'test-modal'[39m ]
[ModalStack] POP removed: test-modal stack after: []

[90mstdout[2m | src/components/SectionEditModal/SectionEditModal.test.tsx[2m > [22m[2mSectionEditModal[2m > [22m[2mProps & Variants[2m > [22m[2mvalidates number field with max attribute
[22m[39m[Analytics][Modal][test-modal] Session started: { sessionId: [32m'test-modal-1765549872463'[39m }
[ModalStack] PUSH: test-modal parent: [90mundefined[39m zIndex: [33m1000[39m hasConfirm: [33mtrue[39m stack: [ [32m'test-modal'[39m ]

[90mstdout[2m | src/components/SectionEditModal/SectionEditModal.test.tsx[2m > [22m[2mSectionEditModal[2m > [22m[2mProps & Variants[2m > [22m[2mvalidates number field with max attribute
[22m[39m[ModalStack] POP called: test-modal closeChildren: [33mfalse[39m stack before: [ [32m'test-modal'[39m ]
[ModalStack] POP removed: test-modal stack after: []

[90mstdout[2m | src/components/SectionEditModal/SectionEditModal.test.tsx[2m > [22m[2mSectionEditModal[2m > [22m[2mAccessibility[2m > [22m[2mModal has role="dialog"
[22m[39m[Analytics][Modal][test-modal] Session started: { sessionId: [32m'test-modal-1765549872483'[39m }
[ModalStack] PUSH: test-modal parent: [90mundefined[39m zIndex: [33m1000[39m hasConfirm: [33mtrue[39m stack: [ [32m'test-modal'[39m ]

[90mstdout[2m | src/components/SectionEditModal/SectionEditModal.test.tsx[2m > [22m[2mSectionEditModal[2m > [22m[2mAccessibility[2m > [22m[2mModal has role="dialog"
[22m[39m[ModalStack] POP called: test-modal closeChildren: [33mfalse[39m stack before: [ [32m'test-modal'[39m ]
[ModalStack] POP removed: test-modal stack after: []

[90mstdout[2m | src/components/SectionEditModal/SectionEditModal.test.tsx[2m > [22m[2mSectionEditModal[2m > [22m[2mAccessibility[2m > [22m[2mModal has aria-modal="true"
[22m[39m[Analytics][Modal][test-modal] Session started: { sessionId: [32m'test-modal-1765549872501'[39m }
[ModalStack] PUSH: test-modal parent: [90mundefined[39m zIndex: [33m1000[39m hasConfirm: [33mtrue[39m stack: [ [32m'test-modal'[39m ]

[90mstdout[2m | src/components/SectionEditModal/SectionEditModal.test.tsx[2m > [22m[2mSectionEditModal[2m > [22m[2mAccessibility[2m > [22m[2mModal has aria-modal="true"
[22m[39m[ModalStack] POP called: test-modal closeChildren: [33mfalse[39m stack before: [ [32m'test-modal'[39m ]
[ModalStack] POP removed: test-modal stack after: []

 [31m❯[39m src/components/ThemeCustomizer/ThemeCustomizer.test.tsx [2m([22m[2m46 tests[22m[2m | [22m[31m1 failed[39m[2m)[22m[33m 6798[2mms[22m[39m
[31m   [31m×[31m ThemeCustomizer[2m > [22mRendering[2m > [22mrenders floating button[39m[33m 350[2mms[22m[39m
[31m     → Unable to find an accessible element with the role "button" and name `/🎨/`

Here are the accessible roles:

  button:

  Name "palette":
  [36m<button[31m
    [33mclass[31m=[32m"_button_02a8aa _buttonBottomRight_02a8aa"[31m
    [33mstyle[31m=[32m"background: rgb(156, 39, 176); bottom: 48px; transition: bottom 0.3s ease, transform 0.3s ease, box-shadow 0.3s ease;"[31m
    [33mtitle[31m=[32m"Prispôsobiť tému"[31m
  [36m/>[31m

  --------------------------------------------------
  img:

  Name "palette":
  [36m<span[31m
    [33maria-label[31m=[32m"palette"[31m
    [33mclass[31m=[32m"_buttonIcon_02a8aa"[31m
    [33mrole[31m=[32m"img"[31m
  [36m/>[31m

  --------------------------------------------------

Ignored nodes: comments, script, style
[36m<body>[31m
  [36m<div>[31m
    [36m<button[31m
      [33mclass[31m=[32m"_button_02a8aa _buttonBottomRight_02a8aa"[31m
      [33mstyle[31m=[32m"background: rgb(156, 39, 176); bottom: 48px; transition: bottom 0.3s ease, transform 0.3s ease, box-shadow 0.3s ease;"[31m
      [33mtitle[31m=[32m"Prispôsobiť tému"[31m
    [36m>[31m
      [36m<span[31m
        [33maria-label[31m=[32m"palette"[31m
        [33mclass[31m=[32m"_buttonIcon_02a8aa"[31m
        [33mrole[31m=[32m"img"[31m
      [36m>[31m
        [0m🎨[0m
      [36m</span>[31m
    [36m</button>[31m
  [36m</div>[31m
[36m</body>[31m[39m
   [32m✓[39m ThemeCustomizer[2m > [22mRendering[2m > [22mrenders button with theme icon[32m 19[2mms[22m[39m
   [32m✓[39m ThemeCustomizer[2m > [22mRendering[2m > [22mdoes not show modal by default[32m 55[2mms[22m[39m
   [32m✓[39m ThemeCustomizer[2m > [22mRendering[2m > [22mrenders button with title attribute[32m 29[2mms[22m[39m
   [32m✓[39m ThemeCustomizer[2m > [22mModal[2m > [22mopens modal when button is clicked[32m 159[2mms[22m[39m
   [32m✓[39m ThemeCustomizer[2m > [22mModal[2m > [22mcloses modal when overlay is clicked[32m 181[2mms[22m[39m
   [32m✓[39m ThemeCustomizer[2m > [22mModal[2m > [22mcloses modal when close button is clicked[32m 155[2mms[22m[39m
   [32m✓[39m ThemeCustomizer[2m > [22mModal[2m > [22mdoes not close modal when clicking inside modal content[32m 220[2mms[22m[39m
   [32m✓[39m ThemeCustomizer[2m > [22mSettings[2m > [22mrenders compact mode checkbox[32m 134[2mms[22m[39m
   [32m✓[39m ThemeCustomizer[2m > [22mSettings[2m > [22mrenders high contrast checkbox[32m 96[2mms[22m[39m
   [32m✓[39m ThemeCustomizer[2m > [22mSettings[2m > [22mrenders animations checkbox[32m 151[2mms[22m[39m
   [32m✓[39m ThemeCustomizer[2m > [22mSettings[2m > [22mrenders font size select[32m 123[2mms[22m[39m
   [32m✓[39m ThemeCustomizer[2m > [22mSettings[2m > [22mrenders accent color section[32m 119[2mms[22m[39m
   [32m✓[39m ThemeCustomizer[2m > [22mSettings[2m > [22mrenders 7 accent color options[32m 81[2mms[22m[39m
   [32m✓[39m ThemeCustomizer[2m > [22mInteractions[2m > [22mtoggles compact mode when checkbox clicked[32m 139[2mms[22m[39m
   [32m✓[39m ThemeCustomizer[2m > [22mInteractions[2m > [22mtoggles high contrast when checkbox clicked[32m 258[2mms[22m[39m
   [32m✓[39m ThemeCustomizer[2m > [22mInteractions[2m > [22mtoggles animations when checkbox clicked[32m 192[2mms[22m[39m
   [33m[2m✓[22m[39m ThemeCustomizer[2m > [22mInteractions[2m > [22mchanges font size when select value changes [33m 447[2mms[22m[39m
   [32m✓[39m ThemeCustomizer[2m > [22mInteractions[2m > [22mchanges accent color when color button clicked[32m 157[2mms[22m[39m
   [32m✓[39m ThemeCustomizer[2m > [22mReset Functionality[2m > [22mrenders reset button[32m 74[2mms[22m[39m
   [33m[2m✓[22m[39m ThemeCustomizer[2m > [22mReset Functionality[2m > [22mresets settings to defaults when reset button clicked [33m 1026[2mms[22m[39m
   [32m✓[39m ThemeCustomizer[2m > [22mPosition Props[2m > [22maccepts position prop[32m 13[2mms[22m[39m
   [32m✓[39m ThemeCustomizer[2m > [22mPosition Props[2m > [22maccepts statusBarExpanded prop[32m 40[2mms[22m[39m
   [32m✓[39m ThemeCustomizer[2m > [22mPosition Props[2m > [22maccepts statusBarHeight prop[32m 29[2mms[22m[39m
   [32m✓[39m ThemeCustomizer[2m > [22mPosition Props[2m > [22maccepts statusBarExpandedHeight prop[32m 25[2mms[22m[39m
   [32m✓[39m ThemeCustomizer[2m > [22mPosition Props[2m > [22mcalculates bottom position when collapsed[32m 15[2mms[22m[39m
   [32m✓[39m ThemeCustomizer[2m > [22mPosition Props[2m > [22mcalculates bottom position when expanded[32m 31[2mms[22m[39m
   [32m✓[39m ThemeCustomizer[2m > [22mLocalStorage Persistence[2m > [22msaves settings to localStorage when changed[32m 180[2mms[22m[39m
   [32m✓[39m ThemeCustomizer[2m > [22mLocalStorage Persistence[2m > [22mloads settings from localStorage on mount[32m 99[2mms[22m[39m
   [32m✓[39m ThemeCustomizer[2m > [22mLocalStorage Persistence[2m > [22mhandles invalid localStorage gracefully[32m 190[2mms[22m[39m
   [32m✓[39m ThemeCustomizer[2m > [22mCSS Variable Application[2m > [22mapplies compact mode CSS variables[32m 248[2mms[22m[39m
   [32m✓[39m ThemeCustomizer[2m > [22mCSS Variable Application[2m > [22mapplies high contrast CSS variables[32m 186[2mms[22m[39m
   [32m✓[39m ThemeCustomizer[2m > [22mCSS Variable Application[2m > [22mapplies reduce motion when animations disabled[32m 238[2mms[22m[39m
   [33m[2m✓[22m[39m ThemeCustomizer[2m > [22mCSS Variable Application[2m > [22mapplies font size to document [33m 441[2mms[22m[39m
   [32m✓[39m ThemeCustomizer[2m > [22mTranslation Support[2m > [22mdisplays translated button title in Slovak[32m 8[2mms[22m[39m
   [32m✓[39m ThemeCustomizer[2m > [22mTranslation Support[2m > [22mdisplays translated button title in English[32m 25[2mms[22m[39m
   [32m✓[39m ThemeCustomizer[2m > [22mTranslation Support[2m > [22mdisplays translated modal content[32m 168[2mms[22m[39m
   [32m✓[39m ThemeCustomizer[2m > [22mAccessibility[2m > [22mbutton has accessible title[32m 10[2mms[22m[39m
   [32m✓[39m ThemeCustomizer[2m > [22mAccessibility[2m > [22mcheckboxes are properly labeled[32m 121[2mms[22m[39m
   [32m✓[39m ThemeCustomizer[2m > [22mAccessibility[2m > [22mcolor buttons have title attributes[32m 125[2mms[22m[39m
   [32m✓[39m ThemeCustomizer[2m > [22mAccessibility[2m > [22mclose button has title attribute[32m 63[2mms[22m[39m
   [32m✓[39m ThemeCustomizer[2m > [22mAccessibility[2m > [22mreset button has title attribute[32m 108[2mms[22m[39m
   [32m✓[39m ThemeCustomizer[2m > [22mCSS & Styling[2m > [22mbutton has themed background color[32m 9[2mms[22m[39m
   [32m✓[39m ThemeCustomizer[2m > [22mCSS & Styling[2m > [22mbutton background changes with accent color[32m 10[2mms[22m[39m
   [32m✓[39m ThemeCustomizer[2m > [22mCSS & Styling[2m > [22mmodal has overlay backdrop[32m 122[2mms[22m[39m
   [32m✓[39m ThemeCustomizer[2m > [22mCSS & Styling[2m > [22mmodal content has proper styling[32m 125[2mms[22m[39m
[90mstdout[2m | src/components/SectionEditModal/SectionEditModal.test.tsx[2m > [22m[2mSectionEditModal[2m > [22m[2mAccessibility[2m > [22m[2mFormField labels are associated with inputs
[22m[39m[Analytics][Modal][test-modal] Session started: { sessionId: [32m'test-modal-1765549872524'[39m }
[ModalStack] PUSH: test-modal parent: [90mundefined[39m zIndex: [33m1000[39m hasConfirm: [33mtrue[39m stack: [ [32m'test-modal'[39m ]

[90mstdout[2m | src/components/SectionEditModal/SectionEditModal.test.tsx[2m > [22m[2mSectionEditModal[2m > [22m[2mAccessibility[2m > [22m[2mFormField labels are associated with inputs
[22m[39m[ModalStack] POP called: test-modal closeChildren: [33mfalse[39m stack before: [ [32m'test-modal'[39m ]
[ModalStack] POP removed: test-modal stack after: []

[90mstdout[2m | src/components/SectionEditModal/SectionEditModal.test.tsx[2m > [22m[2mSectionEditModal[2m > [22m[2mAccessibility[2m > [22m[2mRequired fields have aria-required="true"
[22m[39m[Analytics][Modal][test-modal] Session started: { sessionId: [32m'test-modal-1765549872545'[39m }
[ModalStack] PUSH: test-modal parent: [90mundefined[39m zIndex: [33m1000[39m hasConfirm: [33mtrue[39m stack: [ [32m'test-modal'[39m ]

[90mstdout[2m | src/components/SectionEditModal/SectionEditModal.test.tsx[2m > [22m[2mSectionEditModal[2m > [22m[2mAccessibility[2m > [22m[2mRequired fields have aria-required="true"
[22m[39m[ModalStack] POP called: test-modal closeChildren: [33mfalse[39m stack before: [ [32m'test-modal'[39m ]
[ModalStack] POP removed: test-modal stack after: []

[90mstdout[2m | src/components/SectionEditModal/SectionEditModal.test.tsx[2m > [22m[2mSectionEditModal[2m > [22m[2mAccessibility[2m > [22m[2mValidation errors display error message
[22m[39m[Analytics][Modal][test-modal] Session started: { sessionId: [32m'test-modal-1765549872592'[39m }
[ModalStack] PUSH: test-modal parent: [90mundefined[39m zIndex: [33m1000[39m hasConfirm: [33mtrue[39m stack: [ [32m'test-modal'[39m ]

[90mstdout[2m | src/components/SectionEditModal/SectionEditModal.test.tsx[2m > [22m[2mSectionEditModal[2m > [22m[2mAccessibility[2m > [22m[2mValidation errors display error message
[22m[39m[ModalStack] POP called: test-modal closeChildren: [33mfalse[39m stack before: [ [32m'test-modal'[39m ]
[ModalStack] POP removed: test-modal stack after: []

[90mstdout[2m | src/components/SectionEditModal/SectionEditModal.test.tsx[2m > [22m[2mSectionEditModal[2m > [22m[2mAccessibility[2m > [22m[2mValidation errors have aria-describedby pointing to error message
[22m[39m[Analytics][Modal][test-modal] Session started: { sessionId: [32m'test-modal-1765549872692'[39m }
[ModalStack] PUSH: test-modal parent: [90mundefined[39m zIndex: [33m1000[39m hasConfirm: [33mtrue[39m stack: [ [32m'test-modal'[39m ]

[90mstdout[2m | src/components/SectionEditModal/SectionEditModal.test.tsx[2m > [22m[2mSectionEditModal[2m > [22m[2mAccessibility[2m > [22m[2mValidation errors have aria-describedby pointing to error message
[22m[39m[ModalStack] POP called: test-modal closeChildren: [33mfalse[39m stack before: [ [32m'test-modal'[39m ]
[ModalStack] POP removed: test-modal stack after: []

 [32m✓[39m src/components/SectionEditModal/SectionEditModal.test.tsx [2m([22m[2m60 tests[22m[2m)[22m[33m 4352[2mms[22m[39m
   [33m[2m✓[22m[39m SectionEditModal[2m > [22mRendering[2m > [22mrenders with default props [33m 510[2mms[22m[39m
 [32m✓[39m src/components/Sidebar/Sidebar.test.tsx [2m([22m[2m38 tests[22m[2m)[22m[33m 6495[2mms[22m[39m
   [33m[2m✓[22m[39m Sidebar - Rendering[2m > [22mrenders sidebar with nav items [33m 453[2mms[22m[39m
   [33m[2m✓[22m[39m Sidebar - Collapse/Expand[2m > [22mcollapses sidebar on toggle button click [33m 439[2mms[22m[39m
   [33m[2m✓[22m[39m Sidebar - Collapse/Expand[2m > [22mexpands sidebar on toggle button click [33m 313[2mms[22m[39m
   [33m[2m✓[22m[39m Sidebar - Expand/Collapse All[2m > [22mexpands all items with children recursively [33m 434[2mms[22m[39m
 [32m✓[39m src/components/BasePage/BasePage.test.tsx [2m([22m[2m22 tests[22m[2m)[22m[33m 5760[2mms[22m[39m
   [33m[2m✓[22m[39m BasePage[2m > [22mrendering[2m > [22mshould render children [33m 744[2mms[22m[39m
   [33m[2m✓[22m[39m BasePage[2m > [22mrendering[2m > [22mshould have data-component attribute [33m 309[2mms[22m[39m
   [33m[2m✓[22m[39m BasePage[2m > [22mglobal keyboard shortcuts[2m > [22mshould not trigger shortcuts when typing in input [33m 436[2mms[22m[39m
   [33m[2m✓[22m[39m BasePage[2m > [22mglobal keyboard shortcuts[2m > [22mshould not trigger shortcuts when typing in textarea [33m 471[2mms[22m[39m
   [33m[2m✓[22m[39m BasePage[2m > [22mglobal keyboard shortcuts[2m > [22mshould not trigger shortcuts when typing in select [33m 312[2mms[22m[39m
   [33m[2m✓[22m[39m BasePage[2m > [22msidebar integration (v4.0.1)[2m > [22mdynamic sidebar width updates from localStorage [33m 430[2mms[22m[39m
 [32m✓[39m src/components/Modal/Modal.test.tsx [2m([22m[2m54 tests[22m[2m)[22m[33m 3102[2mms[22m[39m
   [33m[2m✓[22m[39m Modal v3.0.0[2m > [22mUnsaved Changes Detection[2m > [22mcloses modal when user confirms unsaved changes (X button) [33m 390[2mms[22m[39m
[90mstdout[2m | src/components/ManagementModal/ManagementModal.test.tsx[2m > [22m[2mManagementModal v2.0.0[2m > [22m[2mcalls onClose when Cancel button clicked (no unsaved changes)
[22m[39m[ManagementModal v2.0] Cancel button clicked - calling handleCloseWithConfirm
[ManagementModal v2.0] hasUnsavedChanges: [33mfalse[39m
[ManagementModal v2.0] handleCloseWithConfirm called, hasUnsavedChanges: [33mfalse[39m
[ManagementModal v2.0] No unsaved changes - closing directly

[90mstdout[2m | src/components/ManagementModal/ManagementModal.test.tsx[2m > [22m[2mManagementModal v2.0.0[2m > [22m[2mshows ConfirmModal when Cancel clicked with unsaved changes (v2.0.0)
[22m[39m[ManagementModal v2.0] Cancel button clicked - calling handleCloseWithConfirm
[ManagementModal v2.0] hasUnsavedChanges: [33mtrue[39m
[ManagementModal v2.0] handleCloseWithConfirm called, hasUnsavedChanges: [33mtrue[39m
[ManagementModal v2.0] Showing unsaved changes confirmation...

 [32m✓[39m src/components/FormField/FormField.test.tsx [2m([22m[2m32 tests[22m[2m)[22m[33m 5352[2mms[22m[39m
   [33m[2m✓[22m[39m FormField[2m > [22mrenders label and input [33m 323[2mms[22m[39m
   [33m[2m✓[22m[39m FormField[2m > [22mv3.0.0 features - Real-time validation[2m > [22mvalidates input and shows error message [33m 420[2mms[22m[39m
   [33m[2m✓[22m[39m FormField[2m > [22mv3.0.0 features - Real-time validation[2m > [22mclears error when input becomes valid [33m 1388[2mms[22m[39m
   [33m[2m✓[22m[39m FormField[2m > [22mv3.0.0 features - Real-time validation[2m > [22mcalls onValidChange when validation state changes [33m 999[2mms[22m[39m
   [33m[2m✓[22m[39m FormField[2m > [22mv3.0.0 features - Real-time validation[2m > [22mdisplays success message when valid [33m 496[2mms[22m[39m
   [33m[2m✓[22m[39m FormField[2m > [22mv3.0.0 features - Real-time validation[2m > [22mprioritizes external error over internal validation error [33m 431[2mms[22m[39m
 [32m✓[39m src/components/ManagementModal/ManagementModal.test.tsx [2m([22m[2m33 tests[22m[2m)[22m[33m 2687[2mms[22m[39m
 [32m✓[39m src/components/KeyboardShortcutsButton/KeyboardShortcutsButton.test.tsx [2m([22m[2m43 tests[22m[2m)[22m[33m 3718[2mms[22m[39m
   [33m[2m✓[22m[39m KeyboardShortcutsButton[2m > [22mModal[2m > [22mcloses modal when overlay is clicked [33m 340[2mms[22m[39m
 [32m✓[39m src/components/StatusBar/StatusBar.test.tsx [2m([22m[2m41 tests[22m[2m)[22m[33m 3871[2mms[22m[39m
   [33m[2m✓[22m[39m StatusBar[2m > [22mExpand/Collapse[2m > [22mcollapses when clicked again [33m 394[2mms[22m[39m
   [33m[2m✓[22m[39m StatusBar[2m > [22mLanguage Toggle[2m > [22mchanges language on click [33m 436[2mms[22m[39m
   [33m[2m✓[22m[39m StatusBar[2m > [22mRefresh Button[2m > [22mcalls onRefresh when clicked [33m 324[2mms[22m[39m
[90mstderr[2m | src/components/DataGrid/DataGrid.test.tsx[2m > [22m[2mDataGrid[2m > [22m[2mTheme Support[2m > [22m[2mapplies dark mode styles when [data-theme="dark"]
[22m[39mAn update to DataGrid inside a test was not wrapped in act(...).

When testing, code that causes React state updates should be wrapped into act(...):

act(() => {
  /* fire events that update state */
});
/* assert on the output */

This ensures that you're testing the behavior the user would see in the browser. Learn more at https://react.dev/link/wrap-tests-with-act

 [32m✓[39m src/components/DataGrid/DataGrid.test.tsx [2m([22m[2m44 tests[22m[2m | [22m[33m4 skipped[39m[2m)[22m[33m 4497[2mms[22m[39m
   [33m[2m✓[22m[39m DataGrid[2m > [22mSorting[2m > [22msorts descending on second header click [33m 345[2mms[22m[39m
   [33m[2m✓[22m[39m DataGrid[2m > [22mCheckbox Selection[2m > [22mCtrl+Click toggles single row selection [33m 376[2mms[22m[39m
   [33m[2m✓[22m[39m DataGrid[2m > [22mCheckbox Selection[2m > [22mShift+Click selects range between rows [33m 504[2mms[22m[39m
 [32m✓[39m src/components/AuthRoleSwitcher/AuthRoleSwitcher.test.tsx [2m([22m[2m38 tests[22m[2m)[22m[33m 2036[2mms[22m[39m
 [32m✓[39m src/components/InfoHint/InfoHint.test.tsx [2m([22m[2m36 tests[22m[2m)[22m[33m 4000[2mms[22m[39m
   [33m[2m✓[22m[39m InfoHint[2m > [22mRendering[2m > [22mrenders info hint button [33m 308[2mms[22m[39m
   [33m[2m✓[22m[39m InfoHint[2m > [22mInteractions[2m > [22mbutton remains functional after multiple toggles [33m 676[2mms[22m[39m
[90mstdout[2m | src/components/EditItemModal/EditItemModal.test.tsx[2m > [22m[2mEditItemModal v1.0.0[2m > [22m[2mcalls onClose when cancel button clicked
[22m[39m[EditItemModal] handleCloseWithConfirm called, hasUnsavedChanges: [33mfalse[39m
[EditItemModal] No unsaved changes - closing directly

[90mstdout[2m | src/components/EditItemModal/EditItemModal.test.tsx[2m > [22m[2mEditItemModal v1.0.0[2m > [22m[2mshows clear confirmation modal when clear button clicked
[22m[39m[EditItemModal] Clear button clicked - showing confirmation

[90mstdout[2m | src/components/EditItemModal/EditItemModal.test.tsx[2m > [22m[2mEditItemModal v1.0.0[2m > [22m[2mcalls onClear when clear is confirmed
[22m[39m[EditItemModal] Clear button clicked - showing confirmation

[90mstdout[2m | src/components/EditItemModal/EditItemModal.test.tsx[2m > [22m[2mEditItemModal v1.0.0[2m > [22m[2mcalls onClear when clear is confirmed
[22m[39m[EditItemModal] ========================================
[EditItemModal] handleClearConfirm START
[EditItemModal] User confirmed clear
[EditItemModal] Closing clear confirmation modal
[EditItemModal] onClear callback exists, calling it NOW
[EditItemModal] onClear callback finished
[EditItemModal] handleClearConfirm END
[EditItemModal] ========================================

[90mstdout[2m | src/components/EditItemModal/EditItemModal.test.tsx[2m > [22m[2mEditItemModal v1.0.0[2m > [22m[2mcloses immediately when no unsaved changes
[22m[39m[EditItemModal] handleCloseWithConfirm called, hasUnsavedChanges: [33mfalse[39m
[EditItemModal] No unsaved changes - closing directly

[90mstdout[2m | src/components/EditItemModal/EditItemModal.test.tsx[2m > [22m[2mEditItemModal v1.0.0[2m > [22m[2mshows unsaved changes confirmation when hasUnsavedChanges is true
[22m[39m[EditItemModal] handleCloseWithConfirm called, hasUnsavedChanges: [33mtrue[39m
[EditItemModal] Showing unsaved changes confirmation...

[90mstdout[2m | src/components/EditItemModal/EditItemModal.test.tsx[2m > [22m[2mEditItemModal v1.0.0[2m > [22m[2mcloses when unsaved changes confirmed
[22m[39m[EditItemModal] handleCloseWithConfirm called, hasUnsavedChanges: [33mtrue[39m
[EditItemModal] Showing unsaved changes confirmation...

 [32m✓[39m src/components/FilterPanel/FilterPanel.test.tsx [2m([22m[2m41 tests[22m[2m)[22m[33m 2508[2mms[22m[39m
   [33m[2m✓[22m[39m FilterPanel[2m > [22mrenders filter groups in button mode [33m 328[2mms[22m[39m
[90mstdout[2m | src/components/EditItemModal/EditItemModal.test.tsx[2m > [22m[2mEditItemModal v1.0.0[2m > [22m[2mcloses when unsaved changes confirmed
[22m[39m[EditItemModal] Confirmation result: [33mtrue[39m
[EditItemModal] User confirmed - closing modal

 [32m✓[39m src/components/EditItemModal/EditItemModal.test.tsx [2m([22m[2m20 tests[22m[2m)[22m[33m 1485[2mms[22m[39m
[90mstdout[2m | src/components/DebugBar/DebugBar.test.tsx[2m > [22m[2mDebugBar[2m > [22m[2mcopy functionality[2m > [22m[2mshould copy modal name to clipboard when copy button clicked
[22m[39m[DebugBar] Copied formatted name: [Analytics][Modal][edit-contact]

[90mstdout[2m | src/components/DebugBar/DebugBar.test.tsx[2m > [22m[2mDebugBar[2m > [22m[2mcopy functionality[2m > [22m[2mshould track click analytics when copy button clicked
[22m[39m[DebugBar] Copied formatted name: [Analytics][Modal][edit-contact]

[90mstdout[2m | src/components/DebugBar/DebugBar.test.tsx[2m > [22m[2mDebugBar[2m > [22m[2mcopy functionality[2m > [22m[2mshould handle clipboard error gracefully
[22m[39m[DebugBar] Copied formatted name: [Analytics][Modal][edit-contact]

[90mstdout[2m | src/components/DebugBar/DebugBar.test.tsx[2m > [22m[2mDebugBar[2m > [22m[2mclick tracking[2m > [22m[2mshould not track analytics when clicking copy button
[22m[39m[DebugBar] Copied formatted name: [Analytics][Modal][edit-contact]

 [32m✓[39m src/components/FilteredDataGrid/FilteredDataGrid.test.tsx [2m([22m[2m42 tests[22m[2m)[22m[33m 3425[2mms[22m[39m
 [32m✓[39m src/components/DebugBar/DebugBar.test.tsx [2m([22m[2m18 tests[22m[2m)[22m[33m 1896[2mms[22m[39m
   [33m[2m✓[22m[39m DebugBar[2m > [22mcopy functionality[2m > [22mshould track click analytics when copy button clicked [33m 558[2mms[22m[39m
 [32m✓[39m src/components/Pagination/Pagination.test.tsx [2m([22m[2m26 tests[22m[2m)[22m[33m 1964[2mms[22m[39m
 [32m✓[39m src/components/Textarea/Textarea.test.tsx [2m([22m[2m26 tests[22m[2m)[22m[33m 1543[2mms[22m[39m
   [33m[2m✓[22m[39m Textarea[2m > [22mInteractions[2m > [22mallows text input [33m 551[2mms[22m[39m
   [33m[2m✓[22m[39m Textarea[2m > [22mInteractions[2m > [22mtriggers onChange when typing [33m 476[2mms[22m[39m
 [32m✓[39m src/components/Toast/Toast.test.tsx [2m([22m[2m18 tests[22m[2m)[22m[33m 1459[2mms[22m[39m
   [33m[2m✓[22m[39m Toast[2m > [22mclose functionality[2m > [22mshould call onClose with toast id when close button clicked [33m 615[2mms[22m[39m
   [33m[2m✓[22m[39m Toast[2m > [22mclose functionality[2m > [22mshould fade out before calling onClose [33m 454[2mms[22m[39m
 [32m✓[39m src/components/ReportButton/ReportButton.test.tsx [2m([22m[2m18 tests[22m[2m)[22m[33m 675[2mms[22m[39m
 [32m✓[39m src/components/Input/Input.test.tsx [2m([22m[2m14 tests[22m[2m)[22m[33m 686[2mms[22m[39m
   [33m[2m✓[22m[39m Input[2m > [22mhandles user input [33m 445[2mms[22m[39m
 [32m✓[39m src/components/Checkbox/Checkbox.test.tsx [2m([22m[2m27 tests[22m[2m)[22m[33m 1078[2mms[22m[39m
   [33m[2m✓[22m[39m Checkbox[2m > [22mInteractions[2m > [22mtoggles checked state on click [33m 360[2mms[22m[39m
 [32m✓[39m src/components/Select/Select.test.tsx [2m([22m[2m21 tests[22m[2m)[22m[33m 924[2mms[22m[39m
 [32m✓[39m src/components/ExportButton/ExportButton.test.tsx [2m([22m[2m21 tests[22m[2m)[22m[33m 1254[2mms[22m[39m
 [32m✓[39m src/components/Radio/RadioGroup.test.tsx [2m([22m[2m30 tests[22m[2m)[22m[33m 1329[2mms[22m[39m
 [32m✓[39m src/components/Radio/Radio.test.tsx [2m([22m[2m16 tests[22m[2m)[22m[33m 792[2mms[22m[39m
 [32m✓[39m src/components/WizardNavigation/WizardNavigation.test.tsx [2m([22m[2m18 tests[22m[2m)[22m[33m 450[2mms[22m[39m
 [32m✓[39m src/components/Card/Card.test.tsx [2m([22m[2m22 tests[22m[2m)[22m[33m 680[2mms[22m[39m
 [32m✓[39m src/components/WizardProgress/WizardProgress.test.tsx [2m([22m[2m32 tests[22m[2m)[22m[33m 365[2mms[22m[39m
[90mstderr[2m | src/components/DashboardCard/DashboardCard.test.tsx[2m > [22m[2mDashboardCard[2m > [22m[2mrenders with all props
[22m[39m⚠️ React Router Future Flag Warning: React Router will begin wrapping state updates in `React.startTransition` in v7. You can use the `v7_startTransition` future flag to opt-in early. For more information, see https://reactrouter.com/v6/upgrading/future#v7_starttransition.
⚠️ React Router Future Flag Warning: Relative route resolution within Splat routes is changing in v7. You can use the `v7_relativeSplatPath` future flag to opt-in early. For more information, see https://reactrouter.com/v6/upgrading/future#v7_relativesplatpath.

 [32m✓[39m src/components/PageHeader/PageHeader.test.tsx [2m([22m[2m31 tests[22m[2m)[22m[33m 621[2mms[22m[39m
 [32m✓[39m src/components/DashboardCard/DashboardCard.test.tsx [2m([22m[2m15 tests[22m[2m)[22m[33m 337[2mms[22m[39m
 [32m✓[39m src/components/Button/Button.test.tsx [2m([22m[2m20 tests[22m[2m)[22m[33m 656[2mms[22m[39m
 [32m✓[39m src/components/EmptyState/EmptyState.test.tsx [2m([22m[2m16 tests[22m[2m)[22m[32m 221[2mms[22m[39m
 [32m✓[39m src/components/Badge/Badge.test.tsx [2m([22m[2m29 tests[22m[2m)[22m[32m 275[2mms[22m[39m
 [32m✓[39m src/components/Spinner/Spinner.test.tsx [2m([22m[2m14 tests[22m[2m)[22m[32m 280[2mms[22m[39m

[31m⎯⎯⎯⎯⎯⎯[39m[1m[41m Failed Tests 10 [49m[22m[31m⎯⎯⎯⎯⎯⎯⎯[39m

[41m[1m FAIL [22m[49m src/components/ExportProgressModal/ExportProgressModal.test.tsx[2m > [22mExportProgressModal[2m > [22mRendering[2m > [22mrenders file list when files provided
[31m[1mTestingLibraryElementError[22m[39m: Unable to find an element with the text: 📄 document.pdf. This could be because the text is broken up by multiple elements. In this case, you can provide a function for your text matcher to make your matcher more flexible.

Ignored nodes: comments, script, style
[36m<body[39m
  [33mstyle[39m=[32m"overflow: hidden;"[39m
[36m>[39m
  [36m<div />[39m
  [36m<div[39m
    [33mclass[39m=[32m"_modalOverlay_7cc3ba"[39m
    [33mdata-modal-id[39m=[32m"export-progress"[39m
    [33mdata-modal-overlay[39m=[32m"true"[39m
    [33mstyle[39m=[32m"z-index: 1000; align-items: center; padding: 64px;"[39m
  [36m>[39m
    [36m<div[39m
      [33maria-labelledby[39m=[32m"modal-title"[39m
      [33maria-modal[39m=[32m"true"[39m
      [33mclass[39m=[32m"_modalContainer_7cc3ba _modal--centered_7cc3ba _modal--md_7cc3ba "[39m
      [33mdata-modal-container-id[39m=[32m"export-progress"[39m
      [33mrole[39m=[32m"dialog"[39m
      [33mstyle[39m=[32m"user-select: auto; z-index: 1001;"[39m
      [33mtabindex[39m=[32m"-1"[39m
    [36m>[39m
      [36m<div[39m
        [33mclass[39m=[32m"_debugBar_d8a95d"[39m
      [36m>[39m
        [36m<div[39m
          [33mclass[39m=[32m"_debugBar__left_d8a95d"[39m
        [36m>[39m
          [36m<span[39m
            [33mclass[39m=[32m"_debugBar__modalName_d8a95d"[39m
          [36m>[39m
            [36m<span[39m
              [33maria-hidden[39m=[32m"true"[39m
            [36m>[39m
              [0m🐛[0m
            [36m</span>[39m
            [0m [0m
            [0mexport-progress[0m
          [36m</span>[39m
          [36m<button[39m
            [33maria-busy[39m=[32m"false"[39m
            [33mclass[39m=[32m"_button_0829c1 _button--secondary_0829c1 _button--xs_0829c1 _button--debug_0829c1"[39m
            [33mtitle[39m=[32m"Skopírovať názov modalu"[39m
          [36m>[39m
            [36m<span[39m
              [33maria-hidden[39m=[32m"true"[39m
            [36m>[39m
              [0m📋[0m
            [36m</span>[39m
            [0m copy[0m
          [36m</button>[39m
        [36m</div>[39m
        [36m<div[39m
          [33mclass[39m=[32m"_debugBar__center_d8a95d"[39m
        [36m>[39m
          [36m<span[39m
            [33mclass[39m=[32m"_debugBar__indicator_d8a95d"[39m
          [36m>[39m
            [36m<span[39m
              [33maria-hidden[39m=[32m"true"[39m
            [36m>[39m
              [0m☀️[0m
            [36m</span>[39m
            [0m Light[0m
          [36m</span>[39m
          [36m<span[39m
            [33mclass[39m=[32m"_debugBar__indicator_d8a95d"[39m
          [36m>[39m
            [36m<span[39m
              [33maria-hidden[39m=[32m"true"[39m
            [36m>[39m
              [0m🌐[0m
            [36m</span>[39m
            [0m [0m
            [0mSK[0m
          [36m</span>[39m
          [36m<div[39m
            [33mclass[39m=[32m"_debugBar__timerBox_d8a95d"[39m
          [36m>[39m
            [36m<span[39m
              [33mclass[39m=[32m"_debugBar__timerMain_d8a95d"[39m
            [36m>[39m
              [36m<span[39m
                [33maria-hidden[39m=[32m"true"[39m
              [36m>[39m
                [0m⏱️[0m
              [36m</span>[39m
              [0m [0m
              [0m0.0s[0m
            [36m</span>[39m
            [36m<span[39m
              [33mclass[39m=[32m"_debugBar__timerSub_d8a95d"[39m
            [36m>[39m
              [36m<span[39m
                [33maria-hidden[39m=[32m"true"[39m
              [36m>[39m
                [0m🕐[0m
              [36m</span>[39m
              [0m [0m
              [0m-[0m
            [36m</span>[39m
          [36m</div>[39m
        [36m</div>[39m
        [36m<div[39m
          [33mclass[39m=[32m"_debugBar__right_d8a95d"[39m
        [36m>[39m
          [36m<span[39m
            [33mclass[39m=[32m"_debugBar__counter_d8a95d"[39m
          [36m>[39m
            [36m<span[39m
              [33maria-hidden[39m=[32m"true"[39m
            [36m>[39m
              [0m🖱️[0m
            [36m</span>[39m
            [0m [0m
            [36m<strong>[39m
              [0m0[0m
            [36m</strong>[39m
          [36m</span>[39m
          [36m<span[39m
            [33mclass[39m=[32m"_debugBar__counter_d8a95d"[39m
          [36m>[39m
            [36m<span[39m
              [33maria-hidden[39m=[32m"true"[39m
            [36m>[39m
              [0m⌨️[0m
            [36m</span>[39m
            [0m [0m
            [36m<strong>[39m
              [0m0[0m
            [36m</strong>[39m
          [36m</span>[39m
        [36m</div>[39m
      [36m</div>[39m
      [36m<div[39m
        [33mclass[39m=[32m"_modalHeader_7cc3ba "[39m
        [33mstyle[39m=[32m"cursor: grab; user-select: none;"[39m
      [36m>[39m
        [36m<h2[39m
          [33mclass[39m=[32m"_modalTitle_7cc3ba"[39m
          [33mid[39m=[32m"modal-title"[39m
        [36m>[39m
          [0mSťahujem ZIP...[0m
        [36m</h2>[39m
      [36m</div>[39m
      [36m<div[39m
        [33mclass[39m=[32m"_modalBody_7cc3ba"[39m
      [36m>[39m
        [36m<div>[39m
          [36m<div[39m
            [33mclass[39m=[32m"_progressSection_093629"[39m
          [36m>[39m
            [36m<div[39m
              [33mclass[39m=[32m"_progressInfo_093629"[39m
            [36m>[39m
              [36m<span[39m
                [33mclass[39m=[32m"_progressSize_093629"[39m
              [36m>[39m
                [0m1.00 MB / 2.00 MB[0m
              [36m</span>[39m
              [36m<span[39m
                [33mclass[39m=[32m"_progressPercent_093629"[39m
              [36m>[39m
                [0m45%[0m
              [36m</span>[39m
            [36m</div>[39m
            [36m<div[39m
              [33mclass[39m=[32m"_progressBar_093629"[39m
            [36m>[39m
              [36m<div[39m
                [33mclass[39m=[32m"_progressFill_093629"[39m
                [33mstyle[39m=[32m"width: 45%; transition: width 0.3s ease; animation: none;"[39m
              [36m/>[39m
            [36m</div>[39m
          [36m</div>[39m
          [36m<div[39m
            [33mclass[39m=[32m"_fileSection_093629"[39m
          [36m>[39m
            [36m<p[39m
              [33mclass[39m=[32m"_fileCount_093629"[39m
            [36m>[39m
              [36m<span[39m
                [33maria-hidden[39m=[32m"true"[39m
                [33mrole[39m=[32m"img"[39m
              [36m>[39m
                [0m📎[0m
              [36m</span>[39m
              [0m [0m
              [0m3[0m
              [0m [0m
              [0mpríloh[0m
              [0m na stiahnutie:[0m
            [36m</p>[39m
            [36m<div[39m
              [33mclass[39m=[32m"_fileList_093629"[39m
            [36m>[39m
              [36m<div[39m
                [33mclass[39m=[32m"_fileItem_093629"[39m
              [36m>[39m
                [36m<div[39m
                  [33mclass[39m=[32m"_fileInfo_093629"[39m
                [36m>[39m
                  [36m<div[39m
                    [33mclass[39m=[32m"_fileName_093629"[39m
                  [36m>[39m
                    [36m<span[39m
                      [33maria-hidden[39m=[32m"true"[39m
                      [33mrole[39m=[32m"img"[39m
                    [36m>[39m
                      [0m📄[0m
                    [36m</span>[39m
                    [0m [0m
                    [0mdocument.pdf[0m
                  [36m</div>[39m
                  [36m<div[39m
                    [33mclass[39m=[32m"_fileEntity_093629"[39m
                  [36m>[39m
                    [0mISS-001[0m
                  [36m</div>[39m
                [36m</div>[39m
                [36m<div[39m
                  [33mclass[39m=[32m"_fileSize_093629"[39m
                [36m>[39m
                  [0m2.50 MB[0m
                [36m</div>[39m
              [36m</div>[39m
              [36m<div[39m
                [33mclass[39m=[32m"_fileItem_093629"[39m
              [36m>[39m
                [36m<div[39m
                  [33mclass[39m=[32m"_fileInfo_093629"[39m
                [36m>[39m
                  [36m<div[39m
                    [33mclass[39m=[32m"_fileName_093629"[39m
                  [36m>[39m
                    [36m<span[39m
                      [33maria-hidden[39m=[32m"true"[39m
                      [33mrole[39m=[32m"img"[39m
                    [36m>[39m
                      [0m📄[0m
                    [36m</span>[39m
                    [0m [0m
                    [0mimage.png[0m
                  [36m</div>[39m
                  [36m<div[39m
                    [33mclass[39m=[32m"_fileEntity_093629"[39m
                  [36m>[39m
                    [0mISS-002[0m
                  [36m</div>[39m
                [36m</div>[39m
                [36m<div[39m
                  [33mclass[39m=[32m"_fileSize_093629"[39m
                [36m>[39m
                  [0m512.0 KB[0m
                [36m</div>[39m
              [36m</div>[39m
              [36m<div[39m
                [33mclass[39m=[32m"_fileItem_093629"[39m
              [36m>[39m
                [36m<div[39m
                  [33mclass[39m=[32m"_fileInfo_093629"[39m
                [36m>[39m
                  [36m<div[39m
                    [33mclass[39m=[32m"_fileName_093629"[39m
                  [36m>[39m
                    [36m<span[39m
                      [33maria-hidden[39m=[32m"true"[39m
                      [33mrole[39m=[32m"img"[39m
                    [36m>[39m
                      [0m📄[0m
                    [36m</span>[39m
                    [0m [0m
                    [0mreport.xlsx[0m
                  [36m</div>[39m
                  [36m<div[39m
                    [33mclass[39m=[32m"_fileEntity_093629"[39m
                  [36m>[39m
                    [0mISS-003[0m
                  [36m</div>[39m
                [36m</div>[39m
                [36m<div[39m
                  [33mclass[39m=[32m"_fileSize_093629"[39m
                [36m>[39m
                  [0m1.20 MB[0m
                [36m</div>[39m
              [36m</div>[39m
            [36m</div>[39m
          [36m</div>[39m
        [36m</div>[39m
      [36m</div>[39m
    [36m</div>[39m
  [36m</div>[39m
[36m</body>[39m
[90m [2m❯[22m Object.getElementError ../../node_modules/@testing-library/dom/dist/config.js:[2m37:19[22m[39m
[90m [2m❯[22m ../../node_modules/@testing-library/dom/dist/query-helpers.js:[2m76:38[22m[39m
[90m [2m❯[22m ../../node_modules/@testing-library/dom/dist/query-helpers.js:[2m52:17[22m[39m
[90m [2m❯[22m ../../node_modules/@testing-library/dom/dist/query-helpers.js:[2m95:19[22m[39m
[90m [2m❯[22m src/components/ExportProgressModal/ExportProgressModal.test.tsx:[2m144:21[22m[39m

[31m[2m⎯⎯⎯⎯⎯⎯⎯⎯⎯⎯⎯⎯⎯⎯⎯⎯⎯⎯⎯⎯⎯⎯⎯[1/10]⎯[22m[39m

[41m[1m FAIL [22m[49m src/components/ExportProgressModal/ExportProgressModal.test.tsx[2m > [22mExportProgressModal[2m > [22mFile List[2m > [22mdisplays file name, entity code, and size
[31m[1mTestingLibraryElementError[22m[39m: Unable to find an element with the text: 📄 document.pdf. This could be because the text is broken up by multiple elements. In this case, you can provide a function for your text matcher to make your matcher more flexible.

Ignored nodes: comments, script, style
[36m<body[39m
  [33mstyle[39m=[32m"overflow: hidden;"[39m
[36m>[39m
  [36m<div />[39m
  [36m<div[39m
    [33mclass[39m=[32m"_modalOverlay_7cc3ba"[39m
    [33mdata-modal-id[39m=[32m"export-progress"[39m
    [33mdata-modal-overlay[39m=[32m"true"[39m
    [33mstyle[39m=[32m"z-index: 1000; align-items: center; padding: 64px;"[39m
  [36m>[39m
    [36m<div[39m
      [33maria-labelledby[39m=[32m"modal-title"[39m
      [33maria-modal[39m=[32m"true"[39m
      [33mclass[39m=[32m"_modalContainer_7cc3ba _modal--centered_7cc3ba _modal--md_7cc3ba "[39m
      [33mdata-modal-container-id[39m=[32m"export-progress"[39m
      [33mrole[39m=[32m"dialog"[39m
      [33mstyle[39m=[32m"user-select: auto; z-index: 1001;"[39m
      [33mtabindex[39m=[32m"-1"[39m
    [36m>[39m
      [36m<div[39m
        [33mclass[39m=[32m"_debugBar_d8a95d"[39m
      [36m>[39m
        [36m<div[39m
          [33mclass[39m=[32m"_debugBar__left_d8a95d"[39m
        [36m>[39m
          [36m<span[39m
            [33mclass[39m=[32m"_debugBar__modalName_d8a95d"[39m
          [36m>[39m
            [36m<span[39m
              [33maria-hidden[39m=[32m"true"[39m
            [36m>[39m
              [0m🐛[0m
            [36m</span>[39m
            [0m [0m
            [0mexport-progress[0m
          [36m</span>[39m
          [36m<button[39m
            [33maria-busy[39m=[32m"false"[39m
            [33mclass[39m=[32m"_button_0829c1 _button--secondary_0829c1 _button--xs_0829c1 _button--debug_0829c1"[39m
            [33mtitle[39m=[32m"Skopírovať názov modalu"[39m
          [36m>[39m
            [36m<span[39m
              [33maria-hidden[39m=[32m"true"[39m
            [36m>[39m
              [0m📋[0m
            [36m</span>[39m
            [0m copy[0m
          [36m</button>[39m
        [36m</div>[39m
        [36m<div[39m
          [33mclass[39m=[32m"_debugBar__center_d8a95d"[39m
        [36m>[39m
          [36m<span[39m
            [33mclass[39m=[32m"_debugBar__indicator_d8a95d"[39m
          [36m>[39m
            [36m<span[39m
              [33maria-hidden[39m=[32m"true"[39m
            [36m>[39m
              [0m☀️[0m
            [36m</span>[39m
            [0m Light[0m
          [36m</span>[39m
          [36m<span[39m
            [33mclass[39m=[32m"_debugBar__indicator_d8a95d"[39m
          [36m>[39m
            [36m<span[39m
              [33maria-hidden[39m=[32m"true"[39m
            [36m>[39m
              [0m🌐[0m
            [36m</span>[39m
            [0m [0m
            [0mSK[0m
          [36m</span>[39m
          [36m<div[39m
            [33mclass[39m=[32m"_debugBar__timerBox_d8a95d"[39m
          [36m>[39m
            [36m<span[39m
              [33mclass[39m=[32m"_debugBar__timerMain_d8a95d"[39m
            [36m>[39m
              [36m<span[39m
                [33maria-hidden[39m=[32m"true"[39m
              [36m>[39m
                [0m⏱️[0m
              [36m</span>[39m
              [0m [0m
              [0m0.0s[0m
            [36m</span>[39m
            [36m<span[39m
              [33mclass[39m=[32m"_debugBar__timerSub_d8a95d"[39m
            [36m>[39m
              [36m<span[39m
                [33maria-hidden[39m=[32m"true"[39m
              [36m>[39m
                [0m🕐[0m
              [36m</span>[39m
              [0m [0m
              [0m-[0m
            [36m</span>[39m
          [36m</div>[39m
        [36m</div>[39m
        [36m<div[39m
          [33mclass[39m=[32m"_debugBar__right_d8a95d"[39m
        [36m>[39m
          [36m<span[39m
            [33mclass[39m=[32m"_debugBar__counter_d8a95d"[39m
          [36m>[39m
            [36m<span[39m
              [33maria-hidden[39m=[32m"true"[39m
            [36m>[39m
              [0m🖱️[0m
            [36m</span>[39m
            [0m [0m
            [36m<strong>[39m
              [0m0[0m
            [36m</strong>[39m
          [36m</span>[39m
          [36m<span[39m
            [33mclass[39m=[32m"_debugBar__counter_d8a95d"[39m
          [36m>[39m
            [36m<span[39m
              [33maria-hidden[39m=[32m"true"[39m
            [36m>[39m
              [0m⌨️[0m
            [36m</span>[39m
            [0m [0m
            [36m<strong>[39m
              [0m0[0m
            [36m</strong>[39m
          [36m</span>[39m
        [36m</div>[39m
      [36m</div>[39m
      [36m<div[39m
        [33mclass[39m=[32m"_modalHeader_7cc3ba "[39m
        [33mstyle[39m=[32m"cursor: grab; user-select: none;"[39m
      [36m>[39m
        [36m<h2[39m
          [33mclass[39m=[32m"_modalTitle_7cc3ba"[39m
          [33mid[39m=[32m"modal-title"[39m
        [36m>[39m
          [0mSťahujem ZIP...[0m
        [36m</h2>[39m
      [36m</div>[39m
      [36m<div[39m
        [33mclass[39m=[32m"_modalBody_7cc3ba"[39m
      [36m>[39m
        [36m<div>[39m
          [36m<div[39m
            [33mclass[39m=[32m"_progressSection_093629"[39m
          [36m>[39m
            [36m<div[39m
              [33mclass[39m=[32m"_progressInfo_093629"[39m
            [36m>[39m
              [36m<span[39m
                [33mclass[39m=[32m"_progressSize_093629"[39m
              [36m>[39m
                [0m1.00 MB / 2.00 MB[0m
              [36m</span>[39m
              [36m<span[39m
                [33mclass[39m=[32m"_progressPercent_093629"[39m
              [36m>[39m
                [0m45%[0m
              [36m</span>[39m
            [36m</div>[39m
            [36m<div[39m
              [33mclass[39m=[32m"_progressBar_093629"[39m
            [36m>[39m
              [36m<div[39m
                [33mclass[39m=[32m"_progressFill_093629"[39m
                [33mstyle[39m=[32m"width: 45%; transition: width 0.3s ease; animation: none;"[39m
              [36m/>[39m
            [36m</div>[39m
          [36m</div>[39m
          [36m<div[39m
            [33mclass[39m=[32m"_fileSection_093629"[39m
          [36m>[39m
            [36m<p[39m
              [33mclass[39m=[32m"_fileCount_093629"[39m
            [36m>[39m
              [36m<span[39m
                [33maria-hidden[39m=[32m"true"[39m
                [33mrole[39m=[32m"img"[39m
              [36m>[39m
                [0m📎[0m
              [36m</span>[39m
              [0m [0m
              [0m1[0m
              [0m [0m
              [0mpríloha[0m
              [0m na stiahnutie:[0m
            [36m</p>[39m
            [36m<div[39m
              [33mclass[39m=[32m"_fileList_093629"[39m
            [36m>[39m
              [36m<div[39m
                [33mclass[39m=[32m"_fileItem_093629"[39m
              [36m>[39m
                [36m<div[39m
                  [33mclass[39m=[32m"_fileInfo_093629"[39m
                [36m>[39m
                  [36m<div[39m
                    [33mclass[39m=[32m"_fileName_093629"[39m
                  [36m>[39m
                    [36m<span[39m
                      [33maria-hidden[39m=[32m"true"[39m
                      [33mrole[39m=[32m"img"[39m
                    [36m>[39m
                      [0m📄[0m
                    [36m</span>[39m
                    [0m [0m
                    [0mdocument.pdf[0m
                  [36m</div>[39m
                  [36m<div[39m
                    [33mclass[39m=[32m"_fileEntity_093629"[39m
                  [36m>[39m
                    [0mISS-001[0m
                  [36m</div>[39m
                [36m</div>[39m
                [36m<div[39m
                  [33mclass[39m=[32m"_fileSize_093629"[39m
                [36m>[39m
                  [0m2.50 MB[0m
                [36m</div>[39m
              [36m</div>[39m
            [36m</div>[39m
          [36m</div>[39m
        [36m</div>[39m
      [36m</div>[39m
    [36m</div>[39m
  [36m</div>[39m
[36m</body>[39m
[90m [2m❯[22m Object.getElementError ../../node_modules/@testing-library/dom/dist/config.js:[2m37:19[22m[39m
[90m [2m❯[22m ../../node_modules/@testing-library/dom/dist/query-helpers.js:[2m76:38[22m[39m
[90m [2m❯[22m ../../node_modules/@testing-library/dom/dist/query-helpers.js:[2m52:17[22m[39m
[90m [2m❯[22m ../../node_modules/@testing-library/dom/dist/query-helpers.js:[2m95:19[22m[39m
[90m [2m❯[22m src/components/ExportProgressModal/ExportProgressModal.test.tsx:[2m473:21[22m[39m

[31m[2m⎯⎯⎯⎯⎯⎯⎯⎯⎯⎯⎯⎯⎯⎯⎯⎯⎯⎯⎯⎯⎯⎯⎯[2/10]⎯[22m[39m

[41m[1m FAIL [22m[49m src/components/ThemeCustomizer/ThemeCustomizer.test.tsx[2m > [22mThemeCustomizer[2m > [22mRendering[2m > [22mrenders floating button
[31m[1mTestingLibraryElementError[22m: Unable to find an accessible element with the role "button" and name `/🎨/`

Here are the accessible roles:

  button:

  Name "palette":
  [36m<button[31m
    [33mclass[31m=[32m"_button_02a8aa _buttonBottomRight_02a8aa"[31m
    [33mstyle[31m=[32m"background: rgb(156, 39, 176); bottom: 48px; transition: bottom 0.3s ease, transform 0.3s ease, box-shadow 0.3s ease;"[31m
    [33mtitle[31m=[32m"Prispôsobiť tému"[31m
  [36m/>[31m

  --------------------------------------------------
  img:

  Name "palette":
  [36m<span[31m
    [33maria-label[31m=[32m"palette"[31m
    [33mclass[31m=[32m"_buttonIcon_02a8aa"[31m
    [33mrole[31m=[32m"img"[31m
  [36m/>[31m

  --------------------------------------------------

Ignored nodes: comments, script, style
[36m<body>[31m
  [36m<div>[31m
    [36m<button[31m
      [33mclass[31m=[32m"_button_02a8aa _buttonBottomRight_02a8aa"[31m
      [33mstyle[31m=[32m"background: rgb(156, 39, 176); bottom: 48px; transition: bottom 0.3s ease, transform 0.3s ease, box-shadow 0.3s ease;"[31m
      [33mtitle[31m=[32m"Prispôsobiť tému"[31m
    [36m>[31m
      [36m<span[31m
        [33maria-label[31m=[32m"palette"[31m
        [33mclass[31m=[32m"_buttonIcon_02a8aa"[31m
        [33mrole[31m=[32m"img"[31m
      [36m>[31m
        [0m🎨[0m
      [36m</span>[31m
    [36m</button>[31m
  [36m</div>[31m
[36m</body>[31m[39m
[90m [2m❯[22m Object.getElementError ../../node_modules/@testing-library/dom/dist/config.js:[2m37:19[22m[39m
[90m [2m❯[22m ../../node_modules/@testing-library/dom/dist/query-helpers.js:[2m76:38[22m[39m
[90m [2m❯[22m ../../node_modules/@testing-library/dom/dist/query-helpers.js:[2m52:17[22m[39m
[90m [2m❯[22m ../../node_modules/@testing-library/dom/dist/query-helpers.js:[2m95:19[22m[39m
[90m [2m❯[22m src/components/ThemeCustomizer/ThemeCustomizer.test.tsx:[2m58:29[22m[39m

[31m[2m⎯⎯⎯⎯⎯⎯⎯⎯⎯⎯⎯⎯⎯⎯⎯⎯⎯⎯⎯⎯⎯⎯⎯[3/10]⎯[22m[39m

[41m[1m FAIL [22m[49m src/components/ToastContainer/ToastContainer.test.tsx[2m > [22mToastContainer[2m > [22mrendering[2m > [22mshould render container with toasts
[31m[1mTestingLibraryElementError[22m: Unable to find an element by: [data-testid="toast-toast-1"]

Ignored nodes: comments, script, style
[36m<body>[31m
  [36m<div>[31m
    [36m<div[31m
      [33mclass[31m=[32m"_toastContainer_5ffe07 _toastContainer--bottom-center_5ffe07"[31m
      [33mdata-testid[31m=[32m"toast-container"[31m
    [36m>[31m
      [36m<div[31m
        [33maria-live[31m=[32m"polite"[31m
        [33mclass[31m=[32m"_toast_78370f _toast--success_78370f"[31m
        [33mdata-toast-id[31m=[32m"toast-1"[31m
        [33mrole[31m=[32m"alert"[31m
      [36m>[31m
        [36m<div[31m
          [33mclass[31m=[32m"_toast__icon_78370f"[31m
        [36m>[31m
          [0m✓[0m
        [36m</div>[31m
        [36m<div[31m
          [33mclass[31m=[32m"_toast__content_78370f"[31m
        [36m>[31m
          [36m<div[31m
            [33mclass[31m=[32m"_toast__message_78370f"[31m
          [36m>[31m
            [0mTest notification[0m
          [36m</div>[31m
        [36m</div>[31m
        [36m<button[31m
          [33maria-label[31m=[32m"Zavrieť notifikáciu"[31m
          [33mclass[31m=[32m"_toast__closeButton_78370f"[31m
          [33mtype[31m=[32m"button"[31m
        [36m>[31m
          [0m×[0m
        [36m</button>[31m
      [36m</div>[31m
    [36m</div>[31m
  [36m</div>[31m
[36m</body>[31m[39m
[90m [2m❯[22m Object.getElementError ../../node_modules/@testing-library/dom/dist/config.js:[2m37:19[22m[39m
[90m [2m❯[22m ../../node_modules/@testing-library/dom/dist/query-helpers.js:[2m76:38[22m[39m
[90m [2m❯[22m ../../node_modules/@testing-library/dom/dist/query-helpers.js:[2m52:17[22m[39m
[90m [2m❯[22m ../../node_modules/@testing-library/dom/dist/query-helpers.js:[2m95:19[22m[39m
[90m [2m❯[22m src/components/ToastContainer/ToastContainer.test.tsx:[2m65:21[22m[39m

[31m[2m⎯⎯⎯⎯⎯⎯⎯⎯⎯⎯⎯⎯⎯⎯⎯⎯⎯⎯⎯⎯⎯⎯⎯[4/10]⎯[22m[39m

[41m[1m FAIL [22m[49m src/components/ToastContainer/ToastContainer.test.tsx[2m > [22mToastContainer[2m > [22mrendering[2m > [22mshould render multiple toasts
[31m[1mTestingLibraryElementError[22m: Unable to find an element by: [data-testid="toast-toast-1"]

Ignored nodes: comments, script, style
[36m<body>[31m
  [36m<div>[31m
    [36m<div[31m
      [33mclass[31m=[32m"_toastContainer_5ffe07 _toastContainer--bottom-center_5ffe07"[31m
      [33mdata-testid[31m=[32m"toast-container"[31m
    [36m>[31m
      [36m<div[31m
        [33maria-live[31m=[32m"polite"[31m
        [33mclass[31m=[32m"_toast_78370f _toast--success_78370f"[31m
        [33mdata-toast-id[31m=[32m"toast-1"[31m
        [33mrole[31m=[32m"alert"[31m
      [36m>[31m
        [36m<div[31m
          [33mclass[31m=[32m"_toast__icon_78370f"[31m
        [36m>[31m
          [0m✓[0m
        [36m</div>[31m
        [36m<div[31m
          [33mclass[31m=[32m"_toast__content_78370f"[31m
        [36m>[31m
          [36m<div[31m
            [33mclass[31m=[32m"_toast__message_78370f"[31m
          [36m>[31m
            [0mFirst notification[0m
          [36m</div>[31m
        [36m</div>[31m
        [36m<button[31m
          [33maria-label[31m=[32m"Zavrieť notifikáciu"[31m
          [33mclass[31m=[32m"_toast__closeButton_78370f"[31m
          [33mtype[31m=[32m"button"[31m
        [36m>[31m
          [0m×[0m
        [36m</button>[31m
      [36m</div>[31m
      [36m<div[31m
        [33maria-live[31m=[32m"polite"[31m
        [33mclass[31m=[32m"_toast_78370f _toast--error_78370f"[31m
        [33mdata-toast-id[31m=[32m"toast-2"[31m
        [33mrole[31m=[32m"alert"[31m
      [36m>[31m
        [36m<div[31m
          [33mclass[31m=[32m"_toast__icon_78370f"[31m
        [36m>[31m
          [0m✕[0m
        [36m</div>[31m
        [36m<div[31m
          [33mclass[31m=[32m"_toast__content_78370f"[31m
        [36m>[31m
          [36m<div[31m
            [33mclass[31m=[32m"_toast__message_78370f"[31m
          [36m>[31m
            [0mSecond notification[0m
          [36m</div>[31m
        [36m</div>[31m
        [36m<button[31m
          [33maria-label[31m=[32m"Zavrieť notifikáciu"[31m
          [33mclass[31m=[32m"_toast__closeButton_78370f"[31m
          [33mtype[31m=[32m"button"[31m
        [36m>[31m
          [0m×[0m
        [36m</button>[31m
      [36m</div>[31m
      [36m<div[31m
        [33maria-live[31m=[32m"polite"[31m
        [33mclass[31m=[32m"_toast_78370f _toast--warning_78370f"[31m
        [33mdata-toast-id[31m=[32m"toast-3"[31m
        [33mrole[31m=[32m"alert"[31m
      [36m>[31m
        [36m<div[31m
          [33mclass[31m=[32m"_toast__icon_78370f"[31m
        [36m>[31m
          [0m⚠[0m
        [36m</div>[31m
        [36m<div[31m
          [33mclass[31m=[32m"_toast__content_78370f"[31m
        [36m>[31m
          [36m<div[31m
            [33mclass[31m=[32m"_toast__message_78370f"[31m
          [36m>[31m
            [0mThird notification[0m
          [36m</div>[31m
        [36m</div>[31m
        [36m<button[31m
          [33maria-label[31m=[32m"Zavrieť notifikáciu"[31m
          [33mclass[31m=[32m"_toast__closeButton_78370f"[31m
          [33mtype[31m=[32m"button"[31m
        [36m>[31m
          [0m×[0m
        [36m</button>[31m
      [36m</div>[31m
    [36m</div>[31m
  [36m</div>[31m
[36m</body>[31m[39m
[90m [2m❯[22m Object.getElementError ../../node_modules/@testing-library/dom/dist/config.js:[2m37:19[22m[39m
[90m [2m❯[22m ../../node_modules/@testing-library/dom/dist/query-helpers.js:[2m76:38[22m[39m
[90m [2m❯[22m ../../node_modules/@testing-library/dom/dist/query-helpers.js:[2m52:17[22m[39m
[90m [2m❯[22m ../../node_modules/@testing-library/dom/dist/query-helpers.js:[2m95:19[22m[39m
[90m [2m❯[22m src/components/ToastContainer/ToastContainer.test.tsx:[2m89:21[22m[39m

[31m[2m⎯⎯⎯⎯⎯⎯⎯⎯⎯⎯⎯⎯⎯⎯⎯⎯⎯⎯⎯⎯⎯⎯⎯[5/10]⎯[22m[39m

[41m[1m FAIL [22m[49m src/components/ToastContainer/ToastContainer.test.tsx[2m > [22mToastContainer[2m > [22mpositioning[2m > [22mshould filter toasts by position (bottom-center default)
[31m[1mTestingLibraryElementError[22m: Unable to find an element by: [data-testid="toast-toast-1"]

Ignored nodes: comments, script, style
[36m<body>[31m
  [36m<div>[31m
    [36m<div[31m
      [33mclass[31m=[32m"_toastContainer_5ffe07 _toastContainer--bottom-center_5ffe07"[31m
      [33mdata-testid[31m=[32m"toast-container"[31m
    [36m>[31m
      [36m<div[31m
        [33maria-live[31m=[32m"polite"[31m
        [33mclass[31m=[32m"_toast_78370f _toast--success_78370f"[31m
        [33mdata-toast-id[31m=[32m"toast-1"[31m
        [33mrole[31m=[32m"alert"[31m
      [36m>[31m
        [36m<div[31m
          [33mclass[31m=[32m"_toast__icon_78370f"[31m
        [36m>[31m
          [0m✓[0m
        [36m</div>[31m
        [36m<div[31m
          [33mclass[31m=[32m"_toast__content_78370f"[31m
        [36m>[31m
          [36m<div[31m
            [33mclass[31m=[32m"_toast__message_78370f"[31m
          [36m>[31m
            [0mBottom center toast[0m
          [36m</div>[31m
        [36m</div>[31m
        [36m<button[31m
          [33maria-label[31m=[32m"Zavrieť notifikáciu"[31m
          [33mclass[31m=[32m"_toast__closeButton_78370f"[31m
          [33mtype[31m=[32m"button"[31m
        [36m>[31m
          [0m×[0m
        [36m</button>[31m
      [36m</div>[31m
    [36m</div>[31m
  [36m</div>[31m
[36m</body>[31m[39m
[90m [2m❯[22m Object.getElementError ../../node_modules/@testing-library/dom/dist/config.js:[2m37:19[22m[39m
[90m [2m❯[22m ../../node_modules/@testing-library/dom/dist/query-helpers.js:[2m76:38[22m[39m
[90m [2m❯[22m ../../node_modules/@testing-library/dom/dist/query-helpers.js:[2m52:17[22m[39m
[90m [2m❯[22m ../../node_modules/@testing-library/dom/dist/query-helpers.js:[2m95:19[22m[39m
[90m [2m❯[22m src/components/ToastContainer/ToastContainer.test.tsx:[2m118:21[22m[39m

[31m[2m⎯⎯⎯⎯⎯⎯⎯⎯⎯⎯⎯⎯⎯⎯⎯⎯⎯⎯⎯⎯⎯⎯⎯[6/10]⎯[22m[39m

[41m[1m FAIL [22m[49m src/components/ToastContainer/ToastContainer.test.tsx[2m > [22mToastContainer[2m > [22mpositioning[2m > [22mshould filter toasts for top-right position
[31m[1mTestingLibraryElementError[22m: Unable to find an element by: [data-testid="toast-toast-2"]

Ignored nodes: comments, script, style
[36m<body>[31m
  [36m<div>[31m
    [36m<div[31m
      [33mclass[31m=[32m"_toastContainer_5ffe07 _toastContainer--top-right_5ffe07"[31m
      [33mdata-testid[31m=[32m"toast-container"[31m
    [36m>[31m
      [36m<div[31m
        [33maria-live[31m=[32m"polite"[31m
        [33mclass[31m=[32m"_toast_78370f _toast--success_78370f"[31m
        [33mdata-toast-id[31m=[32m"toast-2"[31m
        [33mrole[31m=[32m"alert"[31m
      [36m>[31m
        [36m<div[31m
          [33mclass[31m=[32m"_toast__icon_78370f"[31m
        [36m>[31m
          [0m✓[0m
        [36m</div>[31m
        [36m<div[31m
          [33mclass[31m=[32m"_toast__content_78370f"[31m
        [36m>[31m
          [36m<div[31m
            [33mclass[31m=[32m"_toast__message_78370f"[31m
          [36m>[31m
            [0mTop right toast[0m
          [36m</div>[31m
        [36m</div>[31m
        [36m<button[31m
          [33maria-label[31m=[32m"Zavrieť notifikáciu"[31m
          [33mclass[31m=[32m"_toast__closeButton_78370f"[31m
          [33mtype[31m=[32m"button"[31m
        [36m>[31m
          [0m×[0m
        [36m</button>[31m
      [36m</div>[31m
    [36m</div>[31m
  [36m</div>[31m
[36m</body>[31m[39m
[90m [2m❯[22m Object.getElementError ../../node_modules/@testing-library/dom/dist/config.js:[2m37:19[22m[39m
[90m [2m❯[22m ../../node_modules/@testing-library/dom/dist/query-helpers.js:[2m76:38[22m[39m
[90m [2m❯[22m ../../node_modules/@testing-library/dom/dist/query-helpers.js:[2m52:17[22m[39m
[90m [2m❯[22m ../../node_modules/@testing-library/dom/dist/query-helpers.js:[2m95:19[22m[39m
[90m [2m❯[22m src/components/ToastContainer/ToastContainer.test.tsx:[2m141:21[22m[39m

[31m[2m⎯⎯⎯⎯⎯⎯⎯⎯⎯⎯⎯⎯⎯⎯⎯⎯⎯⎯⎯⎯⎯⎯⎯[7/10]⎯[22m[39m

[41m[1m FAIL [22m[49m src/components/ToastContainer/ToastContainer.test.tsx[2m > [22mToastContainer[2m > [22mpositioning[2m > [22mshould default toast position to bottom-center when not specified
[31m[1mTestingLibraryElementError[22m: Unable to find an element by: [data-testid="toast-toast-1"]

Ignored nodes: comments, script, style
[36m<body>[31m
  [36m<div>[31m
    [36m<div[31m
      [33mclass[31m=[32m"_toastContainer_5ffe07 _toastContainer--bottom-center_5ffe07"[31m
      [33mdata-testid[31m=[32m"toast-container"[31m
    [36m>[31m
      [36m<div[31m
        [33maria-live[31m=[32m"polite"[31m
        [33mclass[31m=[32m"_toast_78370f _toast--success_78370f"[31m
        [33mdata-toast-id[31m=[32m"toast-1"[31m
        [33mrole[31m=[32m"alert"[31m
      [36m>[31m
        [36m<div[31m
          [33mclass[31m=[32m"_toast__icon_78370f"[31m
        [36m>[31m
          [0m✓[0m
        [36m</div>[31m
        [36m<div[31m
          [33mclass[31m=[32m"_toast__content_78370f"[31m
        [36m>[31m
          [36m<div[31m
            [33mclass[31m=[32m"_toast__message_78370f"[31m
          [36m>[31m
            [0mToast without position[0m
          [36m</div>[31m
        [36m</div>[31m
        [36m<button[31m
          [33maria-label[31m=[32m"Zavrieť notifikáciu"[31m
          [33mclass[31m=[32m"_toast__closeButton_78370f"[31m
          [33mtype[31m=[32m"button"[31m
        [36m>[31m
          [0m×[0m
        [36m</button>[31m
      [36m</div>[31m
    [36m</div>[31m
  [36m</div>[31m
[36m</body>[31m[39m
[90m [2m❯[22m Object.getElementError ../../node_modules/@testing-library/dom/dist/config.js:[2m37:19[22m[39m
[90m [2m❯[22m ../../node_modules/@testing-library/dom/dist/query-helpers.js:[2m76:38[22m[39m
[90m [2m❯[22m ../../node_modules/@testing-library/dom/dist/query-helpers.js:[2m52:17[22m[39m
[90m [2m❯[22m ../../node_modules/@testing-library/dom/dist/query-helpers.js:[2m95:19[22m[39m
[90m [2m❯[22m src/components/ToastContainer/ToastContainer.test.tsx:[2m154:21[22m[39m

[31m[2m⎯⎯⎯⎯⎯⎯⎯⎯⎯⎯⎯⎯⎯⎯⎯⎯⎯⎯⎯⎯⎯⎯⎯[8/10]⎯[22m[39m

[41m[1m FAIL [22m[49m src/components/ToastContainer/ToastContainer.test.tsx[2m > [22mToastContainer[2m > [22mpositioning[2m > [22mshould support all position variants
[31m[1mTestingLibraryElementError[22m: Unable to find an element by: [data-testid="toast-toast-top-left"]

Ignored nodes: comments, script, style
[36m<body>[31m
  [36m<div>[31m
    [36m<div[31m
      [33mclass[31m=[32m"_toastContainer_5ffe07 _toastContainer--top-left_5ffe07"[31m
      [33mdata-testid[31m=[32m"toast-container"[31m
    [36m>[31m
      [36m<div[31m
        [33maria-live[31m=[32m"polite"[31m
        [33mclass[31m=[32m"_toast_78370f _toast--success_78370f"[31m
        [33mdata-toast-id[31m=[32m"toast-top-left"[31m
        [33mrole[31m=[32m"alert"[31m
      [36m>[31m
        [36m<div[31m
          [33mclass[31m=[32m"_toast__icon_78370f"[31m
        [36m>[31m
          [0m✓[0m
        [36m</div>[31m
        [36m<div[31m
          [33mclass[31m=[32m"_toast__content_78370f"[31m
        [36m>[31m
          [36m<div[31m
            [33mclass[31m=[32m"_toast__message_78370f"[31m
          [36m>[31m
            [0mToast at top-left[0m
          [36m</div>[31m
        [36m</div>[31m
        [36m<button[31m
          [33maria-label[31m=[32m"Zavrieť notifikáciu"[31m
          [33mclass[31m=[32m"_toast__closeButton_78370f"[31m
          [33mtype[31m=[32m"button"[31m
        [36m>[31m
          [0m×[0m
        [36m</button>[31m
      [36m</div>[31m
    [36m</div>[31m
  [36m</div>[31m
[36m</body>[31m[39m
[90m [2m❯[22m Object.getElementError ../../node_modules/@testing-library/dom/dist/config.js:[2m37:19[22m[39m
[90m [2m❯[22m ../../node_modules/@testing-library/dom/dist/query-helpers.js:[2m76:38[22m[39m
[90m [2m❯[22m ../../node_modules/@testing-library/dom/dist/query-helpers.js:[2m52:17[22m[39m
[90m [2m❯[22m ../../node_modules/@testing-library/dom/dist/query-helpers.js:[2m95:19[22m[39m
[90m [2m❯[22m src/components/ToastContainer/ToastContainer.test.tsx:[2m178:23[22m[39m
[90m [2m❯[22m src/components/ToastContainer/ToastContainer.test.tsx:[2m167:17[22m[39m

[31m[2m⎯⎯⎯⎯⎯⎯⎯⎯⎯⎯⎯⎯⎯⎯⎯⎯⎯⎯⎯⎯⎯⎯⎯[9/10]⎯[22m[39m

[41m[1m FAIL [22m[49m src/components/ToastContainer/ToastContainer.test.tsx[2m > [22mToastContainer[2m > [22mtoast interactions[2m > [22mshould pass hideToast to Toast component
[31m[1mTestingLibraryElementError[22m: Unable to find an element with the text: Close. This could be because the text is broken up by multiple elements. In this case, you can provide a function for your text matcher to make your matcher more flexible.

Ignored nodes: comments, script, style
[36m<body>[31m
  [36m<div>[31m
    [36m<div[31m
      [33mclass[31m=[32m"_toastContainer_5ffe07 _toastContainer--bottom-center_5ffe07"[31m
      [33mdata-testid[31m=[32m"toast-container"[31m
    [36m>[31m
      [36m<div[31m
        [33maria-live[31m=[32m"polite"[31m
        [33mclass[31m=[32m"_toast_78370f _toast--success_78370f"[31m
        [33mdata-toast-id[31m=[32m"toast-1"[31m
        [33mrole[31m=[32m"alert"[31m
      [36m>[31m
        [36m<div[31m
          [33mclass[31m=[32m"_toast__icon_78370f"[31m
        [36m>[31m
          [0m✓[0m
        [36m</div>[31m
        [36m<div[31m
          [33mclass[31m=[32m"_toast__content_78370f"[31m
        [36m>[31m
          [36m<div[31m
            [33mclass[31m=[32m"_toast__message_78370f"[31m
          [36m>[31m
            [0mTest notification[0m
          [36m</div>[31m
        [36m</div>[31m
        [36m<button[31m
          [33maria-label[31m=[32m"Zavrieť notifikáciu"[31m
          [33mclass[31m=[32m"_toast__closeButton_78370f"[31m
          [33mtype[31m=[32m"button"[31m
        [36m>[31m
          [0m×[0m
        [36m</button>[31m
      [36m</div>[31m
    [36m</div>[31m
  [36m</div>[31m
[36m</body>[31m[39m
[90m [2m❯[22m Object.getElementError ../../node_modules/@testing-library/dom/dist/config.js:[2m37:19[22m[39m
[90m [2m❯[22m ../../node_modules/@testing-library/dom/dist/query-helpers.js:[2m76:38[22m[39m
[90m [2m❯[22m ../../node_modules/@testing-library/dom/dist/query-helpers.js:[2m52:17[22m[39m
[90m [2m❯[22m ../../node_modules/@testing-library/dom/dist/query-helpers.js:[2m95:19[22m[39m
[90m [2m❯[22m src/components/ToastContainer/ToastContainer.test.tsx:[2m195:34[22m[39m

[31m[2m⎯⎯⎯⎯⎯⎯⎯⎯⎯⎯⎯⎯⎯⎯⎯⎯⎯⎯⎯⎯⎯⎯[10/10]⎯[22m[39m


[2m Test Files [22m [1m[31m3 failed[39m[22m[2m | [22m[1m[32m35 passed[39m[22m[90m (38)[39m
[2m      Tests [22m [1m[31m10 failed[39m[22m[2m | [22m[1m[32m1080 passed[39m[22m[2m | [22m[33m4 skipped[39m[90m (1094)[39m
[2m   Start at [22m 15:30:20
[2m   Duration [22m 110.69s[2m (transform 125.65s, setup 34.88s, collect 328.03s, tests 84.74s, environment 172.61s, prepare 26.95s)[22m




 NX   Running target test for 3 projects failed

Failed tasks:

- @l-kern/config:test
- web-ui:test
- ui-components:test

